Archive member included to satisfy reference by file (symbol)

C:/Users/crutkasLocal/.copilot/session-state/85c409ca-0b3d-45da-90a0-c624251ff624/files/native-arm64-utils-shipping-03/link-lib\libuserenv.a(libuserenvs00048.o)
                              C:/Users/crutkasLocal/.copilot/session-state/85c409ca-0b3d-45da-90a0-c624251ff624/files/native-arm64-utils-shipping-03/build/cygpath-cygpath.o (__imp_GetProfilesDirectoryW)
C:/Users/crutkasLocal/.copilot/session-state/85c409ca-0b3d-45da-90a0-c624251ff624/files/native-arm64-utils-shipping-03/link-lib\libuserenv.a(libuserenvh.o)
                              C:/Users/crutkasLocal/.copilot/session-state/85c409ca-0b3d-45da-90a0-c624251ff624/files/native-arm64-utils-shipping-03/link-lib\libuserenv.a(libuserenvs00048.o) (_head_libarm64_libuserenv_a)
C:/Users/crutkasLocal/.copilot/session-state/85c409ca-0b3d-45da-90a0-c624251ff624/files/native-arm64-utils-shipping-03/link-lib\libuserenv.a(libuserenvt.o)
                              C:/Users/crutkasLocal/.copilot/session-state/85c409ca-0b3d-45da-90a0-c624251ff624/files/native-arm64-utils-shipping-03/link-lib\libuserenv.a(libuserenvh.o) (__libarm64_libuserenv_a_iname)
C:/ag-readline-e138-01/combined-20260911-01/compiler/bin/../lib/gcc/aarch64-pc-cygwin/15.0.1/../../../../aarch64-pc-cygwin/lib\libntdll.a(libntdll_a_s01511.o)
                              C:/Users/crutkasLocal/.copilot/session-state/85c409ca-0b3d-45da-90a0-c624251ff624/files/native-arm64-utils-shipping-03/build/cygpath-cygpath.o (RtlUnicodeStringToAnsiString)
C:/ag-readline-e138-01/combined-20260911-01/compiler/bin/../lib/gcc/aarch64-pc-cygwin/15.0.1/../../../../aarch64-pc-cygwin/lib\libntdll.a(libntdll_a_s01510.o)
                              C:/Users/crutkasLocal/.copilot/session-state/85c409ca-0b3d-45da-90a0-c624251ff624/files/native-arm64-utils-shipping-03/build/cygpath-cygpath.o (RtlUnicodeStringToAnsiSize)
C:/ag-readline-e138-01/combined-20260911-01/compiler/bin/../lib/gcc/aarch64-pc-cygwin/15.0.1/../../../../aarch64-pc-cygwin/lib\libntdll.a(libntdll_a_s01125.o)
                              C:/Users/crutkasLocal/.copilot/session-state/85c409ca-0b3d-45da-90a0-c624251ff624/files/native-arm64-utils-shipping-03/build/cygpath-cygpath.o (RtlInitUnicodeString)
C:/ag-readline-e138-01/combined-20260911-01/compiler/bin/../lib/gcc/aarch64-pc-cygwin/15.0.1/../../../../aarch64-pc-cygwin/lib\libntdll.a(libntdll_a_s01114.o)
                              C:/Users/crutkasLocal/.copilot/session-state/85c409ca-0b3d-45da-90a0-c624251ff624/files/native-arm64-utils-shipping-03/build/cygpath-cygpath.o (RtlInitAnsiString)
C:/ag-readline-e138-01/combined-20260911-01/compiler/bin/../lib/gcc/aarch64-pc-cygwin/15.0.1/../../../../aarch64-pc-cygwin/lib\libntdll.a(libntdll_a_s00952.o)
                              C:/Users/crutkasLocal/.copilot/session-state/85c409ca-0b3d-45da-90a0-c624251ff624/files/native-arm64-utils-shipping-03/build/cygpath-cygpath.o (RtlEqualUnicodeString)
C:/ag-readline-e138-01/combined-20260911-01/compiler/bin/../lib/gcc/aarch64-pc-cygwin/15.0.1/../../../../aarch64-pc-cygwin/lib\libntdll.a(libntdll_a_s00825.o)
                              C:/Users/crutkasLocal/.copilot/session-state/85c409ca-0b3d-45da-90a0-c624251ff624/files/native-arm64-utils-shipping-03/build/cygpath-cygpath.o (RtlCopyUnicodeString)
C:/ag-readline-e138-01/combined-20260911-01/compiler/bin/../lib/gcc/aarch64-pc-cygwin/15.0.1/../../../../aarch64-pc-cygwin/lib\libntdll.a(libntdll_a_s00738.o)
                              C:/Users/crutkasLocal/.copilot/session-state/85c409ca-0b3d-45da-90a0-c624251ff624/files/native-arm64-utils-shipping-03/build/cygpath-cygpath.o (RtlAnsiStringToUnicodeString)
C:/ag-readline-e138-01/combined-20260911-01/compiler/bin/../lib/gcc/aarch64-pc-cygwin/15.0.1/../../../../aarch64-pc-cygwin/lib\libntdll.a(libntdll_a_s00507.o)
                              C:/Users/crutkasLocal/.copilot/session-state/85c409ca-0b3d-45da-90a0-c624251ff624/files/native-arm64-utils-shipping-03/build/cygpath-cygpath.o (NtQuerySymbolicLinkObject)
C:/ag-readline-e138-01/combined-20260911-01/compiler/bin/../lib/gcc/aarch64-pc-cygwin/15.0.1/../../../../aarch64-pc-cygwin/lib\libntdll.a(libntdll_a_s00478.o)
                              C:/Users/crutkasLocal/.copilot/session-state/85c409ca-0b3d-45da-90a0-c624251ff624/files/native-arm64-utils-shipping-03/build/cygpath-cygpath.o (NtQueryInformationFile)
C:/ag-readline-e138-01/combined-20260911-01/compiler/bin/../lib/gcc/aarch64-pc-cygwin/15.0.1/../../../../aarch64-pc-cygwin/lib\libntdll.a(libntdll_a_s00470.o)
                              C:/Users/crutkasLocal/.copilot/session-state/85c409ca-0b3d-45da-90a0-c624251ff624/files/native-arm64-utils-shipping-03/build/cygpath-cygpath.o (NtQueryDirectoryObject)
C:/ag-readline-e138-01/combined-20260911-01/compiler/bin/../lib/gcc/aarch64-pc-cygwin/15.0.1/../../../../aarch64-pc-cygwin/lib\libntdll.a(libntdll_a_s00441.o)
[...]
Memory Configuration

Name             Origin             Length             Attributes
*default*        0x0000000000000000 0xffffffffffffffff

Linker script and memory map

                0x0000000100400000                __image_base__ = 0x100400000
                0x0000000000000000                __dll__ = 0x0
                0x0000000100400000                __ImageBase = 0x100400000
                0x0000000000001000                __section_alignment__ = 0x1000
                0x0000000000000200                __file_alignment__ = 0x200
                0x0000000000000004                __major_os_version__ = 0x4
                0x0000000000000000                __minor_os_version__ = 0x0
                0x0000000000000000                __major_image_version__ = 0x0
                0x0000000000000000                __minor_image_version__ = 0x0
                0x0000000000000005                __major_subsystem_version__ = 0x5
                0x0000000000000002                __minor_subsystem_version__ = 0x2
                0x0000000000000003                __subsystem__ = 0x3
                0x0000000000200000                __size_of_stack_reserve__ = 0x200000
                0x0000000000001000                __size_of_stack_commit__ = 0x1000
                0x0000000000100000                __size_of_heap_reserve__ = 0x100000
                0x0000000000001000                __size_of_heap_commit__ = 0x1000
                0x0000000000000000                __loader_flags__ = 0x0
                0x0000000000008160                __dll_characteristics__ = 0x8160
LOAD C:/ag-readline-e138-01/combined-20260911-01/compiler/bin/../lib/gcc/aarch64-pc-cygwin/15.0.1/../../../../aarch64-pc-cygwin/lib/crt0.o
LOAD C:/ag-readline-e138-01/combined-20260911-01/compiler/bin/../lib/gcc/aarch64-pc-cygwin/15.0.1/crtbegin.o
LOAD C:/Users/crutkasLocal/.copilot/session-state/85c409ca-0b3d-45da-90a0-c624251ff624/files/native-arm64-utils-shipping-03/build/cygpath-cygpath.o
LOAD C:/ag-readline-e138-01/combined-20260911-01/compiler/bin/../lib/gcc/aarch64-pc-cygwin/15.0.1/../../../../aarch64-pc-cygwin/lib\libnetapi32.a
LOAD C:/Users/crutkasLocal/.copilot/session-state/85c409ca-0b3d-45da-90a0-c624251ff624/files/native-arm64-utils-shipping-03/link-lib\libuserenv.a
LOAD C:/ag-readline-e138-01/combined-20260911-01/compiler/bin/../lib/gcc/aarch64-pc-cygwin/15.0.1/../../../../aarch64-pc-cygwin/lib\libntdll.a
LOAD C:/ag-readline-e138-01/combined-20260911-01/compiler/bin/../lib/gcc/aarch64-pc-cygwin/15.0.1/../../../../aarch64-pc-cygwin/lib\libstdc++.a
LOAD C:/ag-readline-e138-01/combined-20260911-01/compiler/bin/../lib/gcc/aarch64-pc-cygwin/15.0.1/../../../../aarch64-pc-cygwin/lib\libm.a
LOAD C:/ag-readline-e138-01/combined-20260911-01/compiler/bin/../lib/gcc/aarch64-pc-cygwin/15.0.1\libgcc.a
LOAD C:/ag-readline-e138-01/combined-20260911-01/compiler/bin/../lib/gcc/aarch64-pc-cygwin/15.0.1/../../../../aarch64-pc-cygwin/lib\libmsys-2.0.a
LOAD C:/ag-readline-e138-01/combined-20260911-01/compiler/bin/../lib/gcc/aarch64-pc-cygwin/15.0.1/../../../../aarch64-pc-cygwin/lib\libadvapi32.a
LOAD C:/ag-readline-e138-01/combined-20260911-01/compiler/bin/../lib/gcc/aarch64-pc-cygwin/15.0.1/../../../../aarch64-pc-cygwin/lib\libshell32.a
LOAD C:/ag-readline-e138-01/combined-20260911-01/compiler/bin/../lib/gcc/aarch64-pc-cygwin/15.0.1/../../../../aarch64-pc-cygwin/lib\libuser32.a
LOAD C:/ag-readline-e138-01/combined-20260911-01/compiler/bin/../lib/gcc/aarch64-pc-cygwin/15.0.1/../../../../aarch64-pc-cygwin/lib\libkernel32.a
LOAD C:/ag-readline-e138-01/combined-20260911-01/compiler/bin/../lib/gcc/aarch64-pc-cygwin/15.0.1\libgcc.a
LOAD C:/ag-readline-e138-01/combined-20260911-01/compiler/bin/../lib/gcc/aarch64-pc-cygwin/15.0.1/crtend.o
                0x0000000000000408                . = SIZEOF_HEADERS
                0x0000000000001000                . = ALIGN (__section_alignment__)

.text           0x0000000100401000     0x2e00
 *(SORT_NONE(.init))
 *(.text)
 .text          0x0000000100401000       0x60 C:/ag-readline-e138-01/combined-20260911-01/compiler/bin/../lib/gcc/aarch64-pc-cygwin/15.0.1/../../../../aarch64-pc-cygwin/lib/crt0.o
                0x0000000100401000                mainCRTStartup
                0x0000000100401000                WinMainCRTStartup
 .text          0x0000000100401060       0x20 C:/ag-readline-e138-01/combined-20260911-01/compiler/bin/../lib/gcc/aarch64-pc-cygwin/15.0.1/crtbegin.o
                0x0000000100401064                __gcc_register_frame
                0x0000000100401068                __gcc_deregister_frame
 .text          0x0000000100401080     0x2180 C:/Users/crutkasLocal/.copilot/session-state/85c409ca-0b3d-45da-90a0-c624251ff624/files/native-arm64-utils-shipping-03/build/cygpath-cygpath.o
 .text          0x0000000100403200       0x10 C:/Users/crutkasLocal/.copilot/session-state/85c409ca-0b3d-45da-90a0-c624251ff624/files/native-arm64-utils-shipping-03/link-lib\libuserenv.a(libuserenvs00048.o)
                0x0000000100403200                GetProfilesDirectoryW
 .text          0x0000000100403210        0x0 C:/Users/crutkasLocal/.copilot/session-state/85c409ca-0b3d-45da-90a0-c624251ff624/files/native-arm64-utils-shipping-03/link-lib\libuserenv.a(libuserenvh.o)
 .text          0x0000000100403210        0x0 C:/Users/crutkasLocal/.copilot/session-state/85c409ca-0b3d-45da-90a0-c624251ff624/files/native-arm64-utils-shipping-03/link-lib\libuserenv.a(libuserenvt.o)
 .text          0x0000000100403210       0x10 C:/ag-readline-e138-01/combined-20260911-01/compiler/bin/../lib/gcc/aarch64-pc-cygwin/15.0.1/../../../../aarch64-pc-cygwin/lib\libntdll.a(libntdll_a_s01511.o)
                0x0000000100403210                RtlUnicodeStringToAnsiString
 .text          0x0000000100403220       0x10 C:/ag-readline-e138-01/combined-20260911-01/compiler/bin/../lib/gcc/aarch64-pc-cygwin/15.0.1/../../../../aarch64-pc-cygwin/lib\libntdll.a(libntdll_a_s01510.o)
                0x0000000100403220                RtlUnicodeStringToAnsiSize
 .text          0x0000000100403230       0x10 C:/ag-readline-e138-01/combined-20260911-01/compiler/bin/../lib/gcc/aarch64-pc-cygwin/15.0.1/../../../../aarch64-pc-cygwin/lib\libntdll.a(libntdll_a_s01125.o)
                0x0000000100403230                RtlInitUnicodeString
 .text          0x0000000100403240       0x10 C:/ag-readline-e138-01/combined-20260911-01/compiler/bin/../lib/gcc/aarch64-pc-cygwin/15.0.1/../../../../aarch64-pc-cygwin/lib\libntdll.a(libntdll_a_s01114.o)
                0x0000000100403240                RtlInitAnsiString
 .text          0x0000000100403250       0x10 C:/ag-readline-e138-01/combined-20260911-01/compiler/bin/../lib/gcc/aarch64-pc-cygwin/15.0.1/../../../../aarch64-pc-cygwin/lib\libntdll.a(libntdll_a_s00952.o)
                0x0000000100403250                RtlEqualUnicodeString
 .text          0x0000000100403260       0x10 C:/ag-readline-e138-01/combined-20260911-01/compiler/bin/../lib/gcc/aarch64-pc-cygwin/15.0.1/../../../../aarch64-pc-cygwin/lib\libntdll.a(libntdll_a_s00825.o)
                0x0000000100403260                RtlCopyUnicodeString
 .text          0x0000000100403270       0x10 C:/ag-readline-e138-01/combined-20260911-01/compiler/bin/../lib/gcc/aarch64-pc-cygwin/15.0.1/../../../../aarch64-pc-cygwin/lib\libntdll.a(libntdll_a_s00738.o)
                0x0000000100403270                RtlAnsiStringToUnicodeString
 .text          0x0000000100403280       0x10 C:/ag-readline-e138-01/combined-20260911-01/compiler/bin/../lib/gcc/aarch64-pc-cygwin/15.0.1/../../../../aarch64-pc-cygwin/lib\libntdll.a(libntdll_a_s00507.o)
                0x0000000100403280                NtQuerySymbolicLinkObject
 .text          0x0000000100403290       0x10 C:/ag-readline-e138-01/combined-20260911-01/compiler/bin/../lib/gcc/aarch64-pc-cygwin/15.0.1/../../../../aarch64-pc-cygwin/lib\libntdll.a(libntdll_a_s00478.o)
                0x0000000100403290                NtQueryInformationFile
 .text          0x00000001004032a0       0x10 C:/ag-readline-e138-01/combined-20260911-01/compiler/bin/../lib/gcc/aarch64-pc-cygwin/15.0.1/../../../../aarch64-pc-cygwin/lib\libntdll.a(libntdll_a_s00470.o)
                0x00000001004032a0                NtQueryDirectoryObject
 .text          0x00000001004032b0       0x10 C:/ag-readline-e138-01/combined-20260911-01/compiler/bin/../lib/gcc/aarch64-pc-cygwin/15.0.1/../../../../aarch64-pc-cygwin/lib\libntdll.a(libntdll_a_s00441.o)
                0x00000001004032b0                NtOpenSymbolicLinkObject
 .text          0x00000001004032c0       0x10 C:/ag-readline-e138-01/combined-20260911-01/compiler/bin/../lib/gcc/aarch64-pc-cygwin/15.0.1/../../../../aarch64-pc-cygwin/lib\libntdll.a(libntdll_a_s00421.o)
                0x00000001004032c0                NtOpenFile
 .text          0x00000001004032d0       0x10 C:/ag-readline-e138-01/combined-20260911-01/compiler/bin/../lib/gcc/aarch64-pc-cygwin/15.0.1/../../../../aarch64-pc-cygwin/lib\libntdll.a(libntdll_a_s00417.o)
                0x00000001004032d0                NtOpenDirectoryObject
 .text          0x00000001004032e0       0x10 C:/ag-readline-e138-01/combined-20260911-01/compiler/bin/../lib/gcc/aarch64-pc-cygwin/15.0.1/../../../../aarch64-pc-cygwin/lib\libntdll.a(libntdll_a_s00255.o)
                0x00000001004032e0                NtClose
 .text          0x00000001004032f0        0x0 C:/ag-readline-e138-01/combined-20260911-01/compiler/bin/../lib/gcc/aarch64-pc-cygwin/15.0.1/../../../../aarch64-pc-cygwin/lib\libntdll.a(libntdll_a_h.o)
 .text          0x00000001004032f0        0x0 C:/ag-readline-e138-01/combined-20260911-01/compiler/bin/../lib/gcc/aarch64-pc-cygwin/15.0.1/../../../../aarch64-pc-cygwin/lib\libntdll.a(libntdll_a_t.o)
 .text          0x00000001004032f0        0x0 C:/ag-readline-e138-01/combined-20260911-01/compiler/bin/../lib/gcc/aarch64-pc-cygwin/15.0.1/../../../../aarch64-pc-cygwin/lib\libmsys-2.0.a(msys_2_0_dll_d001017.o)
 .text          0x00000001004032f0        0x0 C:/ag-readline-e138-01/combined-20260911-01/compiler/bin/../lib/gcc/aarch64-pc-cygwin/15.0.1/../../../../aarch64-pc-cygwin/lib\libmsys-2.0.a(msys_2_0_dll_d001019.o)
 .text          0x00000001004032f0        0x0 C:/ag-readline-e138-01/combined-20260911-01/compiler/bin/../lib/gcc/aarch64-pc-cygwin/15.0.1/../../../../aarch64-pc-cygwin/lib\libmsys-2.0.a(msys_2_0_dll_d001072.o)
 .text          0x00000001004032f0        0xc C:/ag-readline-e138-01/combined-20260911-01/compiler/bin/../lib/gcc/aarch64-pc-cygwin/15.0.1/../../../../aarch64-pc-cygwin/lib\libmsys-2.0.a(t-msys_2_0_dll_d000024.o)
                0x00000001004032f0                __errno
 .text          0x00000001004032fc        0xc C:/ag-readline-e138-01/combined-20260911-01/compiler/bin/../lib/gcc/aarch64-pc-cygwin/15.0.1/../../../../aarch64-pc-cygwin/lib\libmsys-2.0.a(t-msys_2_0_dll_d000037.o)
                0x00000001004032fc                __getreent
 .text          0x0000000100403308        0xc C:/ag-readline-e138-01/combined-20260911-01/compiler/bin/../lib/gcc/aarch64-pc-cygwin/15.0.1/../../../../aarch64-pc-cygwin/lib\libmsys-2.0.a(t-msys_2_0_dll_d000048.o)
                0x0000000100403308                __main
 .text          0x0000000100403314        0xc C:/ag-readline-e138-01/combined-20260911-01/compiler/bin/../lib/gcc/aarch64-pc-cygwin/15.0.1/../../../../aarch64-pc-cygwin/lib\libmsys-2.0.a(t-msys_2_0_dll_d000121.o)
                0x0000000100403314                _setmode
 .text          0x0000000100403320        0xc C:/ag-readline-e138-01/combined-20260911-01/compiler/bin/../lib/gcc/aarch64-pc-cygwin/15.0.1/../../../../aarch64-pc-cygwin/lib\libmsys-2.0.a(t-msys_2_0_dll_d000379.o)
                0x0000000100403320                cygwin_conv_path
 .text          0x000000010040332c        0xc C:/ag-readline-e138-01/combined-20260911-01/compiler/bin/../lib/gcc/aarch64-pc-cygwin/15.0.1/../../../../aarch64-pc-cygwin/lib\libmsys-2.0.a(t-msys_2_0_dll_d000380.o)
                0x000000010040332c                cygwin_conv_path_list
 .text          0x0000000100403338        0xc C:/ag-readline-e138-01/combined-20260911-01/compiler/bin/../lib/gcc/aarch64-pc-cygwin/15.0.1/../../../../aarch64-pc-cygwin/lib\libmsys-2.0.a(t-msys_2_0_dll_d000382.o)
                0x0000000100403338                cygwin_internal
 .text          0x0000000100403344        0xc C:/ag-readline-e138-01/combined-20260911-01/compiler/bin/../lib/gcc/aarch64-pc-cygwin/15.0.1/../../../../aarch64-pc-cygwin/lib\libmsys-2.0.a(t-msys_2_0_dll_d000468.o)
                0x0000000100403344                exit
 .text          0x0000000100403350        0xc C:/ag-readline-e138-01/combined-20260911-01/compiler/bin/../lib/gcc/aarch64-pc-cygwin/15.0.1/../../../../aarch64-pc-cygwin/lib\libmsys-2.0.a(t-msys_2_0_dll_d000533.o)
                0x0000000100403350                fgets
 .text          0x000000010040335c        0xc C:/ag-readline-e138-01/combined-20260911-01/compiler/bin/../lib/gcc/aarch64-pc-cygwin/15.0.1/../../../../aarch64-pc-cygwin/lib\libmsys-2.0.a(t-msys_2_0_dll_d000569.o)
                0x000000010040335c                fopen
 .text          0x0000000100403368        0xc C:/ag-readline-e138-01/combined-20260911-01/compiler/bin/../lib/gcc/aarch64-pc-cygwin/15.0.1/../../../../aarch64-pc-cygwin/lib\libmsys-2.0.a(t-msys_2_0_dll_d000574.o)
                0x0000000100403368                fprintf
 .text          0x0000000100403374        0xc C:/ag-readline-e138-01/combined-20260911-01/compiler/bin/../lib/gcc/aarch64-pc-cygwin/15.0.1/../../../../aarch64-pc-cygwin/lib\libmsys-2.0.a(t-msys_2_0_dll_d000586.o)
                0x0000000100403374                free
 .text          0x0000000100403380        0xc C:/ag-readline-e138-01/combined-20260911-01/compiler/bin/../lib/gcc/aarch64-pc-cygwin/15.0.1/../../../../aarch64-pc-cygwin/lib\libmsys-2.0.a(t-msys_2_0_dll_d000627.o)
                0x0000000100403380                fwrite
 .text          0x000000010040338c        0xc C:/ag-readline-e138-01/combined-20260911-01/compiler/bin/../lib/gcc/aarch64-pc-cygwin/15.0.1/../../../../aarch64-pc-cygwin/lib\libmsys-2.0.a(t-msys_2_0_dll_d000681.o)
                0x000000010040338c                getopt_long
 .text          0x0000000100403398        0xc C:/ag-readline-e138-01/combined-20260911-01/compiler/bin/../lib/gcc/aarch64-pc-cygwin/15.0.1/../../../../aarch64-pc-cygwin/lib\libmsys-2.0.a(t-msys_2_0_dll_d000806.o)
                0x0000000100403398                isspace
 .text          0x00000001004033a4        0xc C:/ag-readline-e138-01/combined-20260911-01/compiler/bin/../lib/gcc/aarch64-pc-cygwin/15.0.1/../../../../aarch64-pc-cygwin/lib\libmsys-2.0.a(t-msys_2_0_dll_d000812.o)
                0x00000001004033a4                iswalpha
 .text          0x00000001004033b0        0xc C:/ag-readline-e138-01/combined-20260911-01/compiler/bin/../lib/gcc/aarch64-pc-cygwin/15.0.1/../../../../aarch64-pc-cygwin/lib\libmsys-2.0.a(t-msys_2_0_dll_d000917.o)
                0x00000001004033b0                malloc
 .text          0x00000001004033bc        0xc C:/ag-readline-e138-01/combined-20260911-01/compiler/bin/../lib/gcc/aarch64-pc-cygwin/15.0.1/../../../../aarch64-pc-cygwin/lib\libmsys-2.0.a(t-msys_2_0_dll_d000930.o)
                0x00000001004033bc                mbstowcs
 .text          0x00000001004033c8        0xc C:/ag-readline-e138-01/combined-20260911-01/compiler/bin/../lib/gcc/aarch64-pc-cygwin/15.0.1/../../../../aarch64-pc-cygwin/lib\libmsys-2.0.a(t-msys_2_0_dll_d000936.o)
                0x00000001004033c8                memcpy
 .text          0x00000001004033d4        0xc C:/ag-readline-e138-01/combined-20260911-01/compiler/bin/../lib/gcc/aarch64-pc-cygwin/15.0.1/../../../../aarch64-pc-cygwin/lib\libmsys-2.0.a(t-msys_2_0_dll_d000938.o)
                0x00000001004033d4                memmove
 .text          0x00000001004033e0        0xc C:/ag-readline-e138-01/combined-20260911-01/compiler/bin/../lib/gcc/aarch64-pc-cygwin/15.0.1/../../../../aarch64-pc-cygwin/lib\libmsys-2.0.a(t-msys_2_0_dll_d001025.o)
                0x00000001004033e0                perror
 .text          0x00000001004033ec        0xc C:/ag-readline-e138-01/combined-20260911-01/compiler/bin/../lib/gcc/aarch64-pc-cygwin/15.0.1/../../../../aarch64-pc-cygwin/lib\libmsys-2.0.a(t-msys_2_0_dll_d001070.o)
                0x00000001004033ec                printf
 .text          0x00000001004033f8        0xc C:/ag-readline-e138-01/combined-20260911-01/compiler/bin/../lib/gcc/aarch64-pc-cygwin/15.0.1/../../../../aarch64-pc-cygwin/lib\libmsys-2.0.a(t-msys_2_0_dll_d001198.o)
                0x00000001004033f8                puts
 .text          0x0000000100403404        0xc C:/ag-readline-e138-01/combined-20260911-01/compiler/bin/../lib/gcc/aarch64-pc-cygwin/15.0.1/../../../../aarch64-pc-cygwin/lib\libmsys-2.0.a(t-msys_2_0_dll_d001323.o)
                0x0000000100403404                setbuf
 .text          0x0000000100403410        0xc C:/ag-readline-e138-01/combined-20260911-01/compiler/bin/../lib/gcc/aarch64-pc-cygwin/15.0.1/../../../../aarch64-pc-cygwin/lib\libmsys-2.0.a(t-msys_2_0_dll_d001338.o)
                0x0000000100403410                setlocale
 .text          0x000000010040341c        0xc C:/ag-readline-e138-01/combined-20260911-01/compiler/bin/../lib/gcc/aarch64-pc-cygwin/15.0.1/../../../../aarch64-pc-cygwin/lib\libmsys-2.0.a(t-msys_2_0_dll_d001427.o)
                0x000000010040341c                sscanf
 .text          0x0000000100403428        0xc C:/ag-readline-e138-01/combined-20260911-01/compiler/bin/../lib/gcc/aarch64-pc-cygwin/15.0.1/../../../../aarch64-pc-cygwin/lib\libmsys-2.0.a(t-msys_2_0_dll_d001435.o)
                0x0000000100403428                strcasecmp
 .text          0x0000000100403434        0xc C:/ag-readline-e138-01/combined-20260911-01/compiler/bin/../lib/gcc/aarch64-pc-cygwin/15.0.1/../../../../aarch64-pc-cygwin/lib\libmsys-2.0.a(t-msys_2_0_dll_d001438.o)
                0x0000000100403434                strcat
 .text          0x0000000100403440        0xc C:/ag-readline-e138-01/combined-20260911-01/compiler/bin/../lib/gcc/aarch64-pc-cygwin/15.0.1/../../../../aarch64-pc-cygwin/lib\libmsys-2.0.a(t-msys_2_0_dll_d001439.o)
                0x0000000100403440                strchr
 .text          0x000000010040344c        0xc C:/ag-readline-e138-01/combined-20260911-01/compiler/bin/../lib/gcc/aarch64-pc-cygwin/15.0.1/../../../../aarch64-pc-cygwin/lib\libmsys-2.0.a(t-msys_2_0_dll_d001441.o)
                0x000000010040344c                strcmp
 .text          0x0000000100403458        0xc C:/ag-readline-e138-01/combined-20260911-01/compiler/bin/../lib/gcc/aarch64-pc-cygwin/15.0.1/../../../../aarch64-pc-cygwin/lib\libmsys-2.0.a(t-msys_2_0_dll_d001444.o)
                0x0000000100403458                strcpy
 .text          0x0000000100403464        0xc C:/ag-readline-e138-01/combined-20260911-01/compiler/bin/../lib/gcc/aarch64-pc-cygwin/15.0.1/../../../../aarch64-pc-cygwin/lib\libmsys-2.0.a(t-msys_2_0_dll_d001446.o)
                0x0000000100403464                strdup
 .text          0x0000000100403470        0xc C:/ag-readline-e138-01/combined-20260911-01/compiler/bin/../lib/gcc/aarch64-pc-cygwin/15.0.1/../../../../aarch64-pc-cygwin/lib\libmsys-2.0.a(t-msys_2_0_dll_d001447.o)
                0x0000000100403470                strerror
 .text          0x000000010040347c        0xc C:/ag-readline-e138-01/combined-20260911-01/compiler/bin/../lib/gcc/aarch64-pc-cygwin/15.0.1/../../../../aarch64-pc-cygwin/lib\libmsys-2.0.a(t-msys_2_0_dll_d001456.o)
                0x000000010040347c                strlen
 .text          0x0000000100403488        0xc C:/ag-readline-e138-01/combined-20260911-01/compiler/bin/../lib/gcc/aarch64-pc-cygwin/15.0.1/../../../../aarch64-pc-cygwin/lib\libmsys-2.0.a(t-msys_2_0_dll_d001458.o)
                0x0000000100403488                strncasecmp
 .text          0x0000000100403494        0xc C:/ag-readline-e138-01/combined-20260911-01/compiler/bin/../lib/gcc/aarch64-pc-cygwin/15.0.1/../../../../aarch64-pc-cygwin/lib\libmsys-2.0.a(t-msys_2_0_dll_d001461.o)
                0x0000000100403494                strncmp
 .text          0x00000001004034a0        0xc C:/ag-readline-e138-01/combined-20260911-01/compiler/bin/../lib/gcc/aarch64-pc-cygwin/15.0.1/../../../../aarch64-pc-cygwin/lib\libmsys-2.0.a(t-msys_2_0_dll_d001488.o)
                0x00000001004034a0                strtoul
 .text          0x00000001004034ac        0xc C:/ag-readline-e138-01/combined-20260911-01/compiler/bin/../lib/gcc/aarch64-pc-cygwin/15.0.1/../../../../aarch64-pc-cygwin/lib\libmsys-2.0.a(t-msys_2_0_dll_d001641.o)
                0x00000001004034ac                wcpcpy
 .text          0x00000001004034b8        0xc C:/ag-readline-e138-01/combined-20260911-01/compiler/bin/../lib/gcc/aarch64-pc-cygwin/15.0.1/../../../../aarch64-pc-cygwin/lib\libmsys-2.0.a(t-msys_2_0_dll_d001651.o)
                0x00000001004034b8                wcscpy
 .text          0x00000001004034c4        0xc C:/ag-readline-e138-01/combined-20260911-01/compiler/bin/../lib/gcc/aarch64-pc-cygwin/15.0.1/../../../../aarch64-pc-cygwin/lib\libmsys-2.0.a(t-msys_2_0_dll_d001658.o)
                0x00000001004034c4                wcslen
 .text          0x00000001004034d0        0xc C:/ag-readline-e138-01/combined-20260911-01/compiler/bin/../lib/gcc/aarch64-pc-cygwin/15.0.1/../../../../aarch64-pc-cygwin/lib\libmsys-2.0.a(t-msys_2_0_dll_d001659.o)
                0x00000001004034d0                wcsncasecmp
 .text          0x00000001004034dc        0xc C:/ag-readline-e138-01/combined-20260911-01/compiler/bin/../lib/gcc/aarch64-pc-cygwin/15.0.1/../../../../aarch64-pc-cygwin/lib\libmsys-2.0.a(t-msys_2_0_dll_d001667.o)
                0x00000001004034dc                wcsrchr
 .text          0x00000001004034e8        0xc C:/ag-readline-e138-01/combined-20260911-01/compiler/bin/../lib/gcc/aarch64-pc-cygwin/15.0.1/../../../../aarch64-pc-cygwin/lib\libmsys-2.0.a(t-msys_2_0_dll_d001683.o)
                0x00000001004034e8                wcstombs
 *fill*         0x00000001004034f4        0xc 
 .text          0x0000000100403500       0x40 C:/ag-readline-e138-01/combined-20260911-01/compiler/bin/../lib/gcc/aarch64-pc-cygwin/15.0.1/../../../../aarch64-pc-cygwin/lib\libmsys-2.0.a(cygwin_crt0.o)
                0x0000000100403500                msys_crt0
 .text          0x0000000100403540       0x20 C:/ag-readline-e138-01/combined-20260911-01/compiler/bin/../lib/gcc/aarch64-pc-cygwin/15.0.1/../../../../aarch64-pc-cygwin/lib\libmsys-2.0.a(premain0.o)
                0x0000000100403540                cygwin_premain0
 .text          0x0000000100403560       0x20 C:/ag-readline-e138-01/combined-20260911-01/compiler/bin/../lib/gcc/aarch64-pc-cygwin/15.0.1/../../../../aarch64-pc-cygwin/lib\libmsys-2.0.a(premain1.o)
                0x0000000100403560                cygwin_premain1
 .text          0x0000000100403580       0x20 C:/ag-readline-e138-01/combined-20260911-01/compiler/bin/../lib/gcc/aarch64-pc-cygwin/15.0.1/../../../../aarch64-pc-cygwin/lib\libmsys-2.0.a(premain2.o)
                0x0000000100403580                cygwin_premain2
 .text          0x00000001004035a0       0x20 C:/ag-readline-e138-01/combined-20260911-01/compiler/bin/../lib/gcc/aarch64-pc-cygwin/15.0.1/../../../../aarch64-pc-cygwin/lib\libmsys-2.0.a(premain3.o)
                0x00000001004035a0                cygwin_premain3
 .text          0x00000001004035c0       0x20 C:/ag-readline-e138-01/combined-20260911-01/compiler/bin/../lib/gcc/aarch64-pc-cygwin/15.0.1/../../../../aarch64-pc-cygwin/lib\libmsys-2.0.a(pseudo-reloc-dummy.o)
                0x00000001004035c0                _pei386_runtime_relocator
 .text          0x00000001004035e0      0x2e0 C:/ag-readline-e138-01/combined-20260911-01/compiler/bin/../lib/gcc/aarch64-pc-cygwin/15.0.1/../../../../aarch64-pc-cygwin/lib\libmsys-2.0.a(_cygwin_crt0_common.o)
                0x00000001004035e0                _msys_crt0_common
 .text          0x00000001004038c0      0x100 C:/ag-readline-e138-01/combined-20260911-01/compiler/bin/../lib/gcc/aarch64-pc-cygwin/15.0.1/../../../../aarch64-pc-cygwin/lib\libmsys-2.0.a(dll_entry.o)
                0x00000001004038dc                _msys_dll_entry
 .text          0x00000001004039c0       0x20 C:/ag-readline-e138-01/combined-20260911-01/compiler/bin/../lib/gcc/aarch64-pc-cygwin/15.0.1/../../../../aarch64-pc-cygwin/lib\libmsys-2.0.a(dll_main.o)
                0x00000001004039c0                DllMain
 .text          0x00000001004039e0        0x0 C:/ag-readline-e138-01/combined-20260911-01/compiler/bin/../lib/gcc/aarch64-pc-cygwin/15.0.1/../../../../aarch64-pc-cygwin/lib\libmsys-2.0.a(msys_2_0_dll_d000115.o)
 .text          0x00000001004039e0        0xc C:/ag-readline-e138-01/combined-20260911-01/compiler/bin/../lib/gcc/aarch64-pc-cygwin/15.0.1/../../../../aarch64-pc-cygwin/lib\libmsys-2.0.a(t-msys_2_0_dll_d000260.o)
                0x00000001004039e0                calloc
 .text          0x00000001004039ec        0xc C:/ag-readline-e138-01/combined-20260911-01/compiler/bin/../lib/gcc/aarch64-pc-cygwin/15.0.1/../../../../aarch64-pc-cygwin/lib\libmsys-2.0.a(t-msys_2_0_dll_d000978.o)
                0x00000001004039ec                msys_detach_dll
 .text          0x00000001004039f8        0xc C:/ag-readline-e138-01/combined-20260911-01/compiler/bin/../lib/gcc/aarch64-pc-cygwin/15.0.1/../../../../aarch64-pc-cygwin/lib\libmsys-2.0.a(t-msys_2_0_dll_d001035.o)
                0x00000001004039f8                posix_memalign
 .text          0x0000000100403a04        0xc C:/ag-readline-e138-01/combined-20260911-01/compiler/bin/../lib/gcc/aarch64-pc-cygwin/15.0.1/../../../../aarch64-pc-cygwin/lib\libmsys-2.0.a(t-msys_2_0_dll_d001224.o)
                0x0000000100403a04                realloc
 *fill*         0x0000000100403a10       0x10 
 .text          0x0000000100403a20       0x40 C:/ag-readline-e138-01/combined-20260911-01/compiler/bin/../lib/gcc/aarch64-pc-cygwin/15.0.1/../../../../aarch64-pc-cygwin/lib\libmsys-2.0.a(cygwin_attach_dll.o)
                0x0000000100403a20                msys_attach_dll
 .text          0x0000000100403a60        0xc C:/ag-readline-e138-01/combined-20260911-01/compiler/bin/../lib/gcc/aarch64-pc-cygwin/15.0.1/../../../../aarch64-pc-cygwin/lib\libmsys-2.0.a(t-msys_2_0_dll_d000410.o)
                0x0000000100403a60                dll_dllcrt0
 .text          0x0000000100403a6c       0x10 C:/ag-readline-e138-01/combined-20260911-01/compiler/bin/../lib/gcc/aarch64-pc-cygwin/15.0.1/../../../../aarch64-pc-cygwin/lib\libshell32.a(libshell32_a_s00252.o)
                0x0000000100403a6c                SHGetSpecialFolderLocation
 .text          0x0000000100403a7c       0x10 C:/ag-readline-e138-01/combined-20260911-01/compiler/bin/../lib/gcc/aarch64-pc-cygwin/15.0.1/../../../../aarch64-pc-cygwin/lib\libshell32.a(libshell32_a_s00242.o)
                0x0000000100403a7c                SHGetPathFromIDListW
 .text          0x0000000100403a8c        0x0 C:/ag-readline-e138-01/combined-20260911-01/compiler/bin/../lib/gcc/aarch64-pc-cygwin/15.0.1/../../../../aarch64-pc-cygwin/lib\libshell32.a(libshell32_a_h.o)
 .text          0x0000000100403a8c        0x0 C:/ag-readline-e138-01/combined-20260911-01/compiler/bin/../lib/gcc/aarch64-pc-cygwin/15.0.1/../../../../aarch64-pc-cygwin/lib\libshell32.a(libshell32_a_t.o)
 .text          0x0000000100403a8c       0x10 C:/ag-readline-e138-01/combined-20260911-01/compiler/bin/../lib/gcc/aarch64-pc-cygwin/15.0.1/../../../../aarch64-pc-cygwin/lib\libkernel32.a(libkernel32_a_s01568.o)
                0x0000000100403a8c                WideCharToMultiByte
 .text          0x0000000100403a9c       0x10 C:/ag-readline-e138-01/combined-20260911-01/compiler/bin/../lib/gcc/aarch64-pc-cygwin/15.0.1/../../../../aarch64-pc-cygwin/lib\libkernel32.a(libkernel32_a_s00781.o)
                0x0000000100403a9c                GetSystemWindowsDirectoryW
 .text          0x0000000100403aac       0x10 C:/ag-readline-e138-01/combined-20260911-01/compiler/bin/../lib/gcc/aarch64-pc-cygwin/15.0.1/../../../../aarch64-pc-cygwin/lib\libkernel32.a(libkernel32_a_s00768.o)
                0x0000000100403aac                GetSystemDirectoryW
 .text          0x0000000100403abc       0x10 C:/ag-readline-e138-01/combined-20260911-01/compiler/bin/../lib/gcc/aarch64-pc-cygwin/15.0.1/../../../../aarch64-pc-cygwin/lib\libkernel32.a(libkernel32_a_s00749.o)
                0x0000000100403abc                GetShortPathNameW
 .text          0x0000000100403acc       0x10 C:/ag-readline-e138-01/combined-20260911-01/compiler/bin/../lib/gcc/aarch64-pc-cygwin/15.0.1/../../../../aarch64-pc-cygwin/lib\libkernel32.a(libkernel32_a_s00693.o)
                0x0000000100403acc                GetOEMCP
 .text          0x0000000100403adc       0x10 C:/ag-readline-e138-01/combined-20260911-01/compiler/bin/../lib/gcc/aarch64-pc-cygwin/15.0.1/../../../../aarch64-pc-cygwin/lib\libkernel32.a(libkernel32_a_s00657.o)
                0x0000000100403adc                GetModuleHandleA
 .text          0x0000000100403aec       0x10 C:/ag-readline-e138-01/combined-20260911-01/compiler/bin/../lib/gcc/aarch64-pc-cygwin/15.0.1/../../../../aarch64-pc-cygwin/lib\libkernel32.a(libkernel32_a_s00649.o)
                0x0000000100403aec                GetLongPathNameW
 .text          0x0000000100403afc       0x10 C:/ag-readline-e138-01/combined-20260911-01/compiler/bin/../lib/gcc/aarch64-pc-cygwin/15.0.1/../../../../aarch64-pc-cygwin/lib\libkernel32.a(libkernel32_a_s00454.o)
                0x0000000100403afc                GetACP
 .text          0x0000000100403b0c       0x10 C:/ag-readline-e138-01/combined-20260911-01/compiler/bin/../lib/gcc/aarch64-pc-cygwin/15.0.1/../../../../aarch64-pc-cygwin/lib\libkernel32.a(libkernel32_a_s00148.o)
                0x0000000100403b0c                CloseHandle
 .text          0x0000000100403b1c        0x0 C:/ag-readline-e138-01/combined-20260911-01/compiler/bin/../lib/gcc/aarch64-pc-cygwin/15.0.1/../../../../aarch64-pc-cygwin/lib\libkernel32.a(libkernel32_a_h.o)
 .text          0x0000000100403b1c        0x0 C:/ag-readline-e138-01/combined-20260911-01/compiler/bin/../lib/gcc/aarch64-pc-cygwin/15.0.1/../../../../aarch64-pc-cygwin/lib\libkernel32.a(libkernel32_a_t.o)
 .text          0x0000000100403b1c        0x0 C:/ag-readline-e138-01/combined-20260911-01/compiler/bin/../lib/gcc/aarch64-pc-cygwin/15.0.1\libgcc.a(_ctors.o)
 *fill*         0x0000000100403b1c        0x4 
 .text          0x0000000100403b20       0x20 C:/ag-readline-e138-01/combined-20260911-01/compiler/bin/../lib/gcc/aarch64-pc-cygwin/15.0.1/crtend.o
 *(SORT_BY_NAME(.text$*))
 *(.text.*)
 .text.startup  0x0000000100403b40      0x220 C:/Users/crutkasLocal/.copilot/session-state/85c409ca-0b3d-45da-90a0-c624251ff624/files/native-arm64-utils-shipping-03/build/cygpath-cygpath.o
                0x0000000100403b40                main
 *(.gnu.linkonce.t.*)
 *(.glue_7t)
 *(.glue_7)
                0x0000000100403d60                . = ALIGN (0x8)
 *(SORT_NONE(.fini))
 *(.gcc_exc)
                [!provide]                        PROVIDE (etext = .)
 *(.gcc_except_table)

.data           0x0000000100404000      0x600
                0x0000000100404000                __data_start__ = .
 *(.data)
 .data          0x0000000100404000        0x0 C:/ag-readline-e138-01/combined-20260911-01/compiler/bin/../lib/gcc/aarch64-pc-cygwin/15.0.1/../../../../aarch64-pc-cygwin/lib/crt0.o
 .data          0x0000000100404000        0x8 C:/ag-readline-e138-01/combined-20260911-01/compiler/bin/../lib/gcc/aarch64-pc-cygwin/15.0.1/crtbegin.o
                0x0000000100404000                __dso_handle
 *fill*         0x0000000100404008        0x8 
 .data          0x0000000100404010      0x3b0 C:/Users/crutkasLocal/.copilot/session-state/85c409ca-0b3d-45da-90a0-c624251ff624/files/native-arm64-utils-shipping-03/build/cygpath-cygpath.o
 .data          0x00000001004043c0        0x0 C:/Users/crutkasLocal/.copilot/session-state/85c409ca-0b3d-45da-90a0-c624251ff624/files/native-arm64-utils-shipping-03/link-lib\libuserenv.a(libuserenvs00048.o)
 .data          0x00000001004043c0        0x0 C:/Users/crutkasLocal/.copilot/session-state/85c409ca-0b3d-45da-90a0-c624251ff624/files/native-arm64-utils-shipping-03/link-lib\libuserenv.a(libuserenvh.o)
 .data          0x00000001004043c0        0x0 C:/Users/crutkasLocal/.copilot/session-state/85c409ca-0b3d-45da-90a0-c624251ff624/files/native-arm64-utils-shipping-03/link-lib\libuserenv.a(libuserenvt.o)
 .data          0x00000001004043c0        0x0 C:/ag-readline-e138-01/combined-20260911-01/compiler/bin/../lib/gcc/aarch64-pc-cygwin/15.0.1/../../../../aarch64-pc-cygwin/lib\libntdll.a(libntdll_a_s01511.o)
 .data          0x00000001004043c0        0x0 C:/ag-readline-e138-01/combined-20260911-01/compiler/bin/../lib/gcc/aarch64-pc-cygwin/15.0.1/../../../../aarch64-pc-cygwin/lib\libntdll.a(libntdll_a_s01510.o)
 .data          0x00000001004043c0        0x0 C:/ag-readline-e138-01/combined-20260911-01/compiler/bin/../lib/gcc/aarch64-pc-cygwin/15.0.1/../../../../aarch64-pc-cygwin/lib\libntdll.a(libntdll_a_s01125.o)
 .data          0x00000001004043c0        0x0 C:/ag-readline-e138-01/combined-20260911-01/compiler/bin/../lib/gcc/aarch64-pc-cygwin/15.0.1/../../../../aarch64-pc-cygwin/lib\libntdll.a(libntdll_a_s01114.o)
 .data          0x00000001004043c0        0x0 C:/ag-readline-e138-01/combined-20260911-01/compiler/bin/../lib/gcc/aarch64-pc-cygwin/15.0.1/../../../../aarch64-pc-cygwin/lib\libntdll.a(libntdll_a_s00952.o)
 .data          0x00000001004043c0        0x0 C:/ag-readline-e138-01/combined-20260911-01/compiler/bin/../lib/gcc/aarch64-pc-cygwin/15.0.1/../../../../aarch64-pc-cygwin/lib\libntdll.a(libntdll_a_s00825.o)
 .data          0x00000001004043c0        0x0 C:/ag-readline-e138-01/combined-20260911-01/compiler/bin/../lib/gcc/aarch64-pc-cygwin/15.0.1/../../../../aarch64-pc-cygwin/lib\libntdll.a(libntdll_a_s00738.o)
 .data          0x00000001004043c0        0x0 C:/ag-readline-e138-01/combined-20260911-01/compiler/bin/../lib/gcc/aarch64-pc-cygwin/15.0.1/../../../../aarch64-pc-cygwin/lib\libntdll.a(libntdll_a_s00507.o)
 .data          0x00000001004043c0        0x0 C:/ag-readline-e138-01/combined-20260911-01/compiler/bin/../lib/gcc/aarch64-pc-cygwin/15.0.1/../../../../aarch64-pc-cygwin/lib\libntdll.a(libntdll_a_s00478.o)
 .data          0x00000001004043c0        0x0 C:/ag-readline-e138-01/combined-20260911-01/compiler/bin/../lib/gcc/aarch64-pc-cygwin/15.0.1/../../../../aarch64-pc-cygwin/lib\libntdll.a(libntdll_a_s00470.o)
 .data          0x00000001004043c0        0x0 C:/ag-readline-e138-01/combined-20260911-01/compiler/bin/../lib/gcc/aarch64-pc-cygwin/15.0.1/../../../../aarch64-pc-cygwin/lib\libntdll.a(libntdll_a_s00441.o)
 .data          0x00000001004043c0        0x0 C:/ag-readline-e138-01/combined-20260911-01/compiler/bin/../lib/gcc/aarch64-pc-cygwin/15.0.1/../../../../aarch64-pc-cygwin/lib\libntdll.a(libntdll_a_s00421.o)
 .data          0x00000001004043c0        0x0 C:/ag-readline-e138-01/combined-20260911-01/compiler/bin/../lib/gcc/aarch64-pc-cygwin/15.0.1/../../../../aarch64-pc-cygwin/lib\libntdll.a(libntdll_a_s00417.o)
 .data          0x00000001004043c0        0x0 C:/ag-readline-e138-01/combined-20260911-01/compiler/bin/../lib/gcc/aarch64-pc-cygwin/15.0.1/../../../../aarch64-pc-cygwin/lib\libntdll.a(libntdll_a_s00255.o)
 .data          0x00000001004043c0        0x0 C:/ag-readline-e138-01/combined-20260911-01/compiler/bin/../lib/gcc/aarch64-pc-cygwin/15.0.1/../../../../aarch64-pc-cygwin/lib\libntdll.a(libntdll_a_h.o)
 .data          0x00000001004043c0        0x0 C:/ag-readline-e138-01/combined-20260911-01/compiler/bin/../lib/gcc/aarch64-pc-cygwin/15.0.1/../../../../aarch64-pc-cygwin/lib\libntdll.a(libntdll_a_t.o)
 .data          0x00000001004043c0        0x0 C:/ag-readline-e138-01/combined-20260911-01/compiler/bin/../lib/gcc/aarch64-pc-cygwin/15.0.1/../../../../aarch64-pc-cygwin/lib\libmsys-2.0.a(cygwin_crt0.o)
 .data          0x00000001004043c0        0x0 C:/ag-readline-e138-01/combined-20260911-01/compiler/bin/../lib/gcc/aarch64-pc-cygwin/15.0.1/../../../../aarch64-pc-cygwin/lib\libmsys-2.0.a(premain0.o)
 .data          0x00000001004043c0        0x0 C:/ag-readline-e138-01/combined-20260911-01/compiler/bin/../lib/gcc/aarch64-pc-cygwin/15.0.1/../../../../aarch64-pc-cygwin/lib\libmsys-2.0.a(premain1.o)
 .data          0x00000001004043c0        0x0 C:/ag-readline-e138-01/combined-20260911-01/compiler/bin/../lib/gcc/aarch64-pc-cygwin/15.0.1/../../../../aarch64-pc-cygwin/lib\libmsys-2.0.a(premain2.o)
 .data          0x00000001004043c0        0x0 C:/ag-readline-e138-01/combined-20260911-01/compiler/bin/../lib/gcc/aarch64-pc-cygwin/15.0.1/../../../../aarch64-pc-cygwin/lib\libmsys-2.0.a(premain3.o)
 .data          0x00000001004043c0        0x0 C:/ag-readline-e138-01/combined-20260911-01/compiler/bin/../lib/gcc/aarch64-pc-cygwin/15.0.1/../../../../aarch64-pc-cygwin/lib\libmsys-2.0.a(pseudo-reloc-dummy.o)
 .data          0x00000001004043c0       0x48 C:/ag-readline-e138-01/combined-20260911-01/compiler/bin/../lib/gcc/aarch64-pc-cygwin/15.0.1/../../../../aarch64-pc-cygwin/lib\libmsys-2.0.a(_cygwin_crt0_common.o)
                0x00000001004043c0                _fmode
                0x00000001004043c8                __cygwin_cxx_malloc
 .data          0x0000000100404408        0x4 C:/ag-readline-e138-01/combined-20260911-01/compiler/bin/../lib/gcc/aarch64-pc-cygwin/15.0.1/../../../../aarch64-pc-cygwin/lib\libmsys-2.0.a(dll_entry.o)
                0x0000000100404408                __dynamically_loaded
 .data          0x000000010040440c        0x0 C:/ag-readline-e138-01/combined-20260911-01/compiler/bin/../lib/gcc/aarch64-pc-cygwin/15.0.1/../../../../aarch64-pc-cygwin/lib\libmsys-2.0.a(dll_main.o)
 .data          0x000000010040440c        0x0 C:/ag-readline-e138-01/combined-20260911-01/compiler/bin/../lib/gcc/aarch64-pc-cygwin/15.0.1/../../../../aarch64-pc-cygwin/lib\libmsys-2.0.a(cygwin_attach_dll.o)
 .data          0x000000010040440c        0x0 C:/ag-readline-e138-01/combined-20260911-01/compiler/bin/../lib/gcc/aarch64-pc-cygwin/15.0.1/../../../../aarch64-pc-cygwin/lib\libshell32.a(libshell32_a_s00252.o)
 .data          0x000000010040440c        0x0 C:/ag-readline-e138-01/combined-20260911-01/compiler/bin/../lib/gcc/aarch64-pc-cygwin/15.0.1/../../../../aarch64-pc-cygwin/lib\libshell32.a(libshell32_a_s00242.o)
 .data          0x000000010040440c        0x0 C:/ag-readline-e138-01/combined-20260911-01/compiler/bin/../lib/gcc/aarch64-pc-cygwin/15.0.1/../../../../aarch64-pc-cygwin/lib\libshell32.a(libshell32_a_h.o)
 .data          0x000000010040440c        0x0 C:/ag-readline-e138-01/combined-20260911-01/compiler/bin/../lib/gcc/aarch64-pc-cygwin/15.0.1/../../../../aarch64-pc-cygwin/lib\libshell32.a(libshell32_a_t.o)
 .data          0x000000010040440c        0x0 C:/ag-readline-e138-01/combined-20260911-01/compiler/bin/../lib/gcc/aarch64-pc-cygwin/15.0.1/../../../../aarch64-pc-cygwin/lib\libkernel32.a(libkernel32_a_s01568.o)
 .data          0x000000010040440c        0x0 C:/ag-readline-e138-01/combined-20260911-01/compiler/bin/../lib/gcc/aarch64-pc-cygwin/15.0.1/../../../../aarch64-pc-cygwin/lib\libkernel32.a(libkernel32_a_s00781.o)
 .data          0x000000010040440c        0x0 C:/ag-readline-e138-01/combined-20260911-01/compiler/bin/../lib/gcc/aarch64-pc-cygwin/15.0.1/../../../../aarch64-pc-cygwin/lib\libkernel32.a(libkernel32_a_s00768.o)
 .data          0x000000010040440c        0x0 C:/ag-readline-e138-01/combined-20260911-01/compiler/bin/../lib/gcc/aarch64-pc-cygwin/15.0.1/../../../../aarch64-pc-cygwin/lib\libkernel32.a(libkernel32_a_s00749.o)
 .data          0x000000010040440c        0x0 C:/ag-readline-e138-01/combined-20260911-01/compiler/bin/../lib/gcc/aarch64-pc-cygwin/15.0.1/../../../../aarch64-pc-cygwin/lib\libkernel32.a(libkernel32_a_s00693.o)
 .data          0x000000010040440c        0x0 C:/ag-readline-e138-01/combined-20260911-01/compiler/bin/../lib/gcc/aarch64-pc-cygwin/15.0.1/../../../../aarch64-pc-cygwin/lib\libkernel32.a(libkernel32_a_s00657.o)
 .data          0x000000010040440c        0x0 C:/ag-readline-e138-01/combined-20260911-01/compiler/bin/../lib/gcc/aarch64-pc-cygwin/15.0.1/../../../../aarch64-pc-cygwin/lib\libkernel32.a(libkernel32_a_s00649.o)
 .data          0x000000010040440c        0x0 C:/ag-readline-e138-01/combined-20260911-01/compiler/bin/../lib/gcc/aarch64-pc-cygwin/15.0.1/../../../../aarch64-pc-cygwin/lib\libkernel32.a(libkernel32_a_s00454.o)
 .data          0x000000010040440c        0x0 C:/ag-readline-e138-01/combined-20260911-01/compiler/bin/../lib/gcc/aarch64-pc-cygwin/15.0.1/../../../../aarch64-pc-cygwin/lib\libkernel32.a(libkernel32_a_s00148.o)
 .data          0x000000010040440c        0x0 C:/ag-readline-e138-01/combined-20260911-01/compiler/bin/../lib/gcc/aarch64-pc-cygwin/15.0.1/../../../../aarch64-pc-cygwin/lib\libkernel32.a(libkernel32_a_h.o)
 .data          0x000000010040440c        0x0 C:/ag-readline-e138-01/combined-20260911-01/compiler/bin/../lib/gcc/aarch64-pc-cygwin/15.0.1/../../../../aarch64-pc-cygwin/lib\libkernel32.a(libkernel32_a_t.o)
 *fill*         0x000000010040440c        0x4 
 .data          0x0000000100404410       0x20 C:/ag-readline-e138-01/combined-20260911-01/compiler/bin/../lib/gcc/aarch64-pc-cygwin/15.0.1\libgcc.a(_ctors.o)
 .data          0x0000000100404430        0x0 C:/ag-readline-e138-01/combined-20260911-01/compiler/bin/../lib/gcc/aarch64-pc-cygwin/15.0.1/crtend.o
 *(.data2)
 *(SORT_BY_NAME(.data$*))
 *(.jcr)
                0x0000000100404430                __data_end__ = .
 *(.data_cygwin_nocopy)

.rdata          0x0000000100405000     0x1000
 *(.rdata)
 .rdata         0x0000000100405000      0xf70 C:/Users/crutkasLocal/.copilot/session-state/85c409ca-0b3d-45da-90a0-c624251ff624/files/native-arm64-utils-shipping-03/build/cygpath-cygpath.o
 .rdata         0x0000000100405f70       0x10 C:/ag-readline-e138-01/combined-20260911-01/compiler/bin/../lib/gcc/aarch64-pc-cygwin/15.0.1/../../../../aarch64-pc-cygwin/lib\libmsys-2.0.a(_cygwin_crt0_common.o)
 *(SORT_BY_NAME(.rdata$*))
 .rdata$.refptr.__CTOR_LIST__
                0x0000000100405f80        0x8 C:/ag-readline-e138-01/combined-20260911-01/compiler/bin/../lib/gcc/aarch64-pc-cygwin/15.0.1/../../../../aarch64-pc-cygwin/lib\libmsys-2.0.a(_cygwin_crt0_common.o)
                0x0000000100405f80                .refptr.__CTOR_LIST__
 .rdata$.refptr.__DTOR_LIST__
                0x0000000100405f88        0x8 C:/ag-readline-e138-01/combined-20260911-01/compiler/bin/../lib/gcc/aarch64-pc-cygwin/15.0.1/../../../../aarch64-pc-cygwin/lib\libmsys-2.0.a(_cygwin_crt0_common.o)
                0x0000000100405f88                .refptr.__DTOR_LIST__
 .rdata$.refptr.__RUNTIME_PSEUDO_RELOC_LIST_END__
                0x0000000100405f90        0x8 C:/ag-readline-e138-01/combined-20260911-01/compiler/bin/../lib/gcc/aarch64-pc-cygwin/15.0.1/../../../../aarch64-pc-cygwin/lib\libmsys-2.0.a(_cygwin_crt0_common.o)
                0x0000000100405f90                .refptr.__RUNTIME_PSEUDO_RELOC_LIST_END__
 .rdata$.refptr.__RUNTIME_PSEUDO_RELOC_LIST__
                0x0000000100405f98        0x8 C:/ag-readline-e138-01/combined-20260911-01/compiler/bin/../lib/gcc/aarch64-pc-cygwin/15.0.1/../../../../aarch64-pc-cygwin/lib\libmsys-2.0.a(_cygwin_crt0_common.o)
                0x0000000100405f98                .refptr.__RUNTIME_PSEUDO_RELOC_LIST__
 .rdata$.refptr.__bss_end__
                0x0000000100405fa0        0x8 C:/ag-readline-e138-01/combined-20260911-01/compiler/bin/../lib/gcc/aarch64-pc-cygwin/15.0.1/../../../../aarch64-pc-cygwin/lib\libmsys-2.0.a(_cygwin_crt0_common.o)
                0x0000000100405fa0                .refptr.__bss_end__
 .rdata$.refptr.__bss_start__
                0x0000000100405fa8        0x8 C:/ag-readline-e138-01/combined-20260911-01/compiler/bin/../lib/gcc/aarch64-pc-cygwin/15.0.1/../../../../aarch64-pc-cygwin/lib\libmsys-2.0.a(_cygwin_crt0_common.o)
                0x0000000100405fa8                .refptr.__bss_start__
 .rdata$.refptr.__data_end__
                0x0000000100405fb0        0x8 C:/ag-readline-e138-01/combined-20260911-01/compiler/bin/../lib/gcc/aarch64-pc-cygwin/15.0.1/../../../../aarch64-pc-cygwin/lib\libmsys-2.0.a(_cygwin_crt0_common.o)
                0x0000000100405fb0                .refptr.__data_end__
 .rdata$.refptr.__data_start__
                0x0000000100405fb8        0x8 C:/ag-readline-e138-01/combined-20260911-01/compiler/bin/../lib/gcc/aarch64-pc-cygwin/15.0.1/../../../../aarch64-pc-cygwin/lib\libmsys-2.0.a(_cygwin_crt0_common.o)
                0x0000000100405fb8                .refptr.__data_start__
 .rdata$.refptr.__dynamically_loaded
                0x0000000100405fc0        0x8 C:/ag-readline-e138-01/combined-20260911-01/compiler/bin/../lib/gcc/aarch64-pc-cygwin/15.0.1/../../../../aarch64-pc-cygwin/lib\libmsys-2.0.a(_cygwin_crt0_common.o)
                0x0000000100405fc0                .refptr.__dynamically_loaded
 .rdata$.refptr.__image_base__
                0x0000000100405fc8        0x8 C:/ag-readline-e138-01/combined-20260911-01/compiler/bin/../lib/gcc/aarch64-pc-cygwin/15.0.1/../../../../aarch64-pc-cygwin/lib\libmsys-2.0.a(_cygwin_crt0_common.o)
                0x0000000100405fc8                .refptr.__image_base__
                0x0000000100405fd0                . = ALIGN (0x4)
                0x0000000100405fd0                __rt_psrelocs_start = .
 *(.rdata_runtime_pseudo_reloc)
                0x0000000100405fd0                __rt_psrelocs_end = .
                0x0000000100405fd0                . = ALIGN (0x8)
                0x0000000100405fd0                ___CTOR_LIST__ = .
                0x0000000100405fd0                __CTOR_LIST__ = .
                0x0000000100405fd0        0x4 LONG 0xffffffffffffffff
                0x0000000100405fd4        0x4 LONG 0xffffffffffffffff
 *(.ctors)
 *(.ctor)
 *(SORT_BY_NAME(.ctors.*))
                0x0000000100405fd8        0x4 LONG 0x0
                0x0000000100405fdc        0x4 LONG 0x0
                0x0000000100405fe0                ___DTOR_LIST__ = .
                0x0000000100405fe0                __DTOR_LIST__ = .
                0x0000000100405fe0        0x4 LONG 0xffffffffffffffff
                0x0000000100405fe4        0x4 LONG 0xffffffffffffffff
 *(.dtors)
 *(.dtor)
 *(SORT_BY_NAME(.dtors.*))
                0x0000000100405fe8        0x4 LONG 0x0
                0x0000000100405fec        0x4 LONG 0x0
                0x0000000100405ff0                ___crt_xc_start__ = .
 *(SORT_BY_NAME(.CRT$XC*))
                0x0000000100405ff0                ___crt_xc_end__ = .
                0x0000000100405ff0                ___crt_xi_start__ = .
 *(SORT_BY_NAME(.CRT$XI*))
                0x0000000100405ff0                ___crt_xi_end__ = .
                0x0000000100405ff0                ___crt_xl_start__ = .
 *(SORT_BY_NAME(.CRT$XL*))
                0x0000000100405ff0                ___crt_xp_start__ = .
 *(SORT_BY_NAME(.CRT$XP*))
                0x0000000100405ff0                ___crt_xp_end__ = .
                0x0000000100405ff0                ___crt_xt_start__ = .
 *(SORT_BY_NAME(.CRT$XT*))
                0x0000000100405ff0                ___crt_xt_end__ = .
                0x0000000100405ff0                ___crt_xd_start__ = .
 *(SORT_BY_NAME(.CRT$XD*))
                0x0000000100405ff0                ___crt_xd_end__ = .
                0x0000000100405fd0                ___RUNTIME_PSEUDO_RELOC_LIST_END__ = __rt_psrelocs_end
                0x0000000100405fd0                __RUNTIME_PSEUDO_RELOC_LIST_END__ = __rt_psrelocs_end
                0x0000000100405fd0                ___RUNTIME_PSEUDO_RELOC_LIST__ = __rt_psrelocs_start
                0x0000000100405fd0                __RUNTIME_PSEUDO_RELOC_LIST__ = __rt_psrelocs_start

.eh_frame
 *(.eh_frame*)

.pdata          0x0000000100406000      0x200
 *(.pdata*)
 .pdata         0x0000000100406000        0x8 C:/ag-readline-e138-01/combined-20260911-01/compiler/bin/../lib/gcc/aarch64-pc-cygwin/15.0.1/../../../../aarch64-pc-cygwin/lib/crt0.o
 .pdata         0x0000000100406008       0x18 C:/ag-readline-e138-01/combined-20260911-01/compiler/bin/../lib/gcc/aarch64-pc-cygwin/15.0.1/crtbegin.o
 .pdata         0x0000000100406020       0x38 C:/Users/crutkasLocal/.copilot/session-state/85c409ca-0b3d-45da-90a0-c624251ff624/files/native-arm64-utils-shipping-03/build/cygpath-cygpath.o
 .pdata.startup
                0x0000000100406058        0x8 C:/Users/crutkasLocal/.copilot/session-state/85c409ca-0b3d-45da-90a0-c624251ff624/files/native-arm64-utils-shipping-03/build/cygpath-cygpath.o
 .pdata         0x0000000100406060        0x8 C:/ag-readline-e138-01/combined-20260911-01/compiler/bin/../lib/gcc/aarch64-pc-cygwin/15.0.1/../../../../aarch64-pc-cygwin/lib\libmsys-2.0.a(cygwin_crt0.o)
 .pdata         0x0000000100406068        0x8 C:/ag-readline-e138-01/combined-20260911-01/compiler/bin/../lib/gcc/aarch64-pc-cygwin/15.0.1/../../../../aarch64-pc-cygwin/lib\libmsys-2.0.a(premain0.o)
 .pdata         0x0000000100406070        0x8 C:/ag-readline-e138-01/combined-20260911-01/compiler/bin/../lib/gcc/aarch64-pc-cygwin/15.0.1/../../../../aarch64-pc-cygwin/lib\libmsys-2.0.a(premain1.o)
 .pdata         0x0000000100406078        0x8 C:/ag-readline-e138-01/combined-20260911-01/compiler/bin/../lib/gcc/aarch64-pc-cygwin/15.0.1/../../../../aarch64-pc-cygwin/lib\libmsys-2.0.a(premain2.o)
 .pdata         0x0000000100406080        0x8 C:/ag-readline-e138-01/combined-20260911-01/compiler/bin/../lib/gcc/aarch64-pc-cygwin/15.0.1/../../../../aarch64-pc-cygwin/lib\libmsys-2.0.a(premain3.o)
 .pdata         0x0000000100406088        0x8 C:/ag-readline-e138-01/combined-20260911-01/compiler/bin/../lib/gcc/aarch64-pc-cygwin/15.0.1/../../../../aarch64-pc-cygwin/lib\libmsys-2.0.a(pseudo-reloc-dummy.o)
 .pdata         0x0000000100406090        0x8 C:/ag-readline-e138-01/combined-20260911-01/compiler/bin/../lib/gcc/aarch64-pc-cygwin/15.0.1/../../../../aarch64-pc-cygwin/lib\libmsys-2.0.a(_cygwin_crt0_common.o)
 .pdata         0x0000000100406098       0x10 C:/ag-readline-e138-01/combined-20260911-01/compiler/bin/../lib/gcc/aarch64-pc-cygwin/15.0.1/../../../../aarch64-pc-cygwin/lib\libmsys-2.0.a(dll_entry.o)
 .pdata         0x00000001004060a8        0x8 C:/ag-readline-e138-01/combined-20260911-01/compiler/bin/../lib/gcc/aarch64-pc-cygwin/15.0.1/../../../../aarch64-pc-cygwin/lib\libmsys-2.0.a(dll_main.o)
 .pdata         0x00000001004060b0        0x8 C:/ag-readline-e138-01/combined-20260911-01/compiler/bin/../lib/gcc/aarch64-pc-cygwin/15.0.1/../../../../aarch64-pc-cygwin/lib\libmsys-2.0.a(cygwin_attach_dll.o)
 .pdata         0x00000001004060b8        0x8 C:/ag-readline-e138-01/combined-20260911-01/compiler/bin/../lib/gcc/aarch64-pc-cygwin/15.0.1/crtend.o

.xdata          0x0000000100407000      0x400
 *(.xdata*)
 .xdata         0x0000000100407000       0x14 C:/ag-readline-e138-01/combined-20260911-01/compiler/bin/../lib/gcc/aarch64-pc-cygwin/15.0.1/../../../../aarch64-pc-cygwin/lib/crt0.o
 .xdata         0x0000000100407014       0x18 C:/ag-readline-e138-01/combined-20260911-01/compiler/bin/../lib/gcc/aarch64-pc-cygwin/15.0.1/crtbegin.o
 .xdata         0x000000010040702c      0x138 C:/Users/crutkasLocal/.copilot/session-state/85c409ca-0b3d-45da-90a0-c624251ff624/files/native-arm64-utils-shipping-03/build/cygpath-cygpath.o
 .xdata.startup
                0x0000000100407164       0x20 C:/Users/crutkasLocal/.copilot/session-state/85c409ca-0b3d-45da-90a0-c624251ff624/files/native-arm64-utils-shipping-03/build/cygpath-cygpath.o
 .xdata         0x0000000100407184        0xc C:/ag-readline-e138-01/combined-20260911-01/compiler/bin/../lib/gcc/aarch64-pc-cygwin/15.0.1/../../../../aarch64-pc-cygwin/lib\libmsys-2.0.a(cygwin_crt0.o)
 .xdata         0x0000000100407190        0x8 C:/ag-readline-e138-01/combined-20260911-01/compiler/bin/../lib/gcc/aarch64-pc-cygwin/15.0.1/../../../../aarch64-pc-cygwin/lib\libmsys-2.0.a(premain0.o)
 .xdata         0x0000000100407198        0x8 C:/ag-readline-e138-01/combined-20260911-01/compiler/bin/../lib/gcc/aarch64-pc-cygwin/15.0.1/../../../../aarch64-pc-cygwin/lib\libmsys-2.0.a(premain1.o)
 .xdata         0x00000001004071a0        0x8 C:/ag-readline-e138-01/combined-20260911-01/compiler/bin/../lib/gcc/aarch64-pc-cygwin/15.0.1/../../../../aarch64-pc-cygwin/lib\libmsys-2.0.a(premain2.o)
 .xdata         0x00000001004071a8        0x8 C:/ag-readline-e138-01/combined-20260911-01/compiler/bin/../lib/gcc/aarch64-pc-cygwin/15.0.1/../../../../aarch64-pc-cygwin/lib\libmsys-2.0.a(premain3.o)
 .xdata         0x00000001004071b0        0x8 C:/ag-readline-e138-01/combined-20260911-01/compiler/bin/../lib/gcc/aarch64-pc-cygwin/15.0.1/../../../../aarch64-pc-cygwin/lib\libmsys-2.0.a(pseudo-reloc-dummy.o)
 .xdata         0x00000001004071b8       0x18 C:/ag-readline-e138-01/combined-20260911-01/compiler/bin/../lib/gcc/aarch64-pc-cygwin/15.0.1/../../../../aarch64-pc-cygwin/lib\libmsys-2.0.a(_cygwin_crt0_common.o)
 .xdata         0x00000001004071d0       0x28 C:/ag-readline-e138-01/combined-20260911-01/compiler/bin/../lib/gcc/aarch64-pc-cygwin/15.0.1/../../../../aarch64-pc-cygwin/lib\libmsys-2.0.a(dll_entry.o)
 .xdata         0x00000001004071f8        0x8 C:/ag-readline-e138-01/combined-20260911-01/compiler/bin/../lib/gcc/aarch64-pc-cygwin/15.0.1/../../../../aarch64-pc-cygwin/lib\libmsys-2.0.a(dll_main.o)
 .xdata         0x0000000100407200       0x14 C:/ag-readline-e138-01/combined-20260911-01/compiler/bin/../lib/gcc/aarch64-pc-cygwin/15.0.1/../../../../aarch64-pc-cygwin/lib\libmsys-2.0.a(cygwin_attach_dll.o)
 .xdata         0x0000000100407214        0x8 C:/ag-readline-e138-01/combined-20260911-01/compiler/bin/../lib/gcc/aarch64-pc-cygwin/15.0.1/crtend.o

.bss            0x0000000100408000      0x2b0
                0x0000000100408000                __bss_start__ = .
 *(.bss)
 .bss           0x0000000100408000        0x0 C:/ag-readline-e138-01/combined-20260911-01/compiler/bin/../lib/gcc/aarch64-pc-cygwin/15.0.1/../../../../aarch64-pc-cygwin/lib/crt0.o
 .bss           0x0000000100408000        0x0 C:/ag-readline-e138-01/combined-20260911-01/compiler/bin/../lib/gcc/aarch64-pc-cygwin/15.0.1/crtbegin.o
 .bss           0x0000000100408000      0x120 C:/Users/crutkasLocal/.copilot/session-state/85c409ca-0b3d-45da-90a0-c624251ff624/files/native-arm64-utils-shipping-03/build/cygpath-cygpath.o
 .bss           0x0000000100408120        0x0 C:/Users/crutkasLocal/.copilot/session-state/85c409ca-0b3d-45da-90a0-c624251ff624/files/native-arm64-utils-shipping-03/link-lib\libuserenv.a(libuserenvs00048.o)
 .bss           0x0000000100408120        0x0 C:/Users/crutkasLocal/.copilot/session-state/85c409ca-0b3d-45da-90a0-c624251ff624/files/native-arm64-utils-shipping-03/link-lib\libuserenv.a(libuserenvh.o)
 .bss           0x0000000100408120        0x0 C:/Users/crutkasLocal/.copilot/session-state/85c409ca-0b3d-45da-90a0-c624251ff624/files/native-arm64-utils-shipping-03/link-lib\libuserenv.a(libuserenvt.o)
 .bss           0x0000000100408120        0x0 C:/ag-readline-e138-01/combined-20260911-01/compiler/bin/../lib/gcc/aarch64-pc-cygwin/15.0.1/../../../../aarch64-pc-cygwin/lib\libntdll.a(libntdll_a_s01511.o)
 .bss           0x0000000100408120        0x0 C:/ag-readline-e138-01/combined-20260911-01/compiler/bin/../lib/gcc/aarch64-pc-cygwin/15.0.1/../../../../aarch64-pc-cygwin/lib\libntdll.a(libntdll_a_s01510.o)
 .bss           0x0000000100408120        0x0 C:/ag-readline-e138-01/combined-20260911-01/compiler/bin/../lib/gcc/aarch64-pc-cygwin/15.0.1/../../../../aarch64-pc-cygwin/lib\libntdll.a(libntdll_a_s01125.o)
 .bss           0x0000000100408120        0x0 C:/ag-readline-e138-01/combined-20260911-01/compiler/bin/../lib/gcc/aarch64-pc-cygwin/15.0.1/../../../../aarch64-pc-cygwin/lib\libntdll.a(libntdll_a_s01114.o)
 .bss           0x0000000100408120        0x0 C:/ag-readline-e138-01/combined-20260911-01/compiler/bin/../lib/gcc/aarch64-pc-cygwin/15.0.1/../../../../aarch64-pc-cygwin/lib\libntdll.a(libntdll_a_s00952.o)
 .bss           0x0000000100408120        0x0 C:/ag-readline-e138-01/combined-20260911-01/compiler/bin/../lib/gcc/aarch64-pc-cygwin/15.0.1/../../../../aarch64-pc-cygwin/lib\libntdll.a(libntdll_a_s00825.o)
 .bss           0x0000000100408120        0x0 C:/ag-readline-e138-01/combined-20260911-01/compiler/bin/../lib/gcc/aarch64-pc-cygwin/15.0.1/../../../../aarch64-pc-cygwin/lib\libntdll.a(libntdll_a_s00738.o)
 .bss           0x0000000100408120        0x0 C:/ag-readline-e138-01/combined-20260911-01/compiler/bin/../lib/gcc/aarch64-pc-cygwin/15.0.1/../../../../aarch64-pc-cygwin/lib\libntdll.a(libntdll_a_s00507.o)
 .bss           0x0000000100408120        0x0 C:/ag-readline-e138-01/combined-20260911-01/compiler/bin/../lib/gcc/aarch64-pc-cygwin/15.0.1/../../../../aarch64-pc-cygwin/lib\libntdll.a(libntdll_a_s00478.o)
 .bss           0x0000000100408120        0x0 C:/ag-readline-e138-01/combined-20260911-01/compiler/bin/../lib/gcc/aarch64-pc-cygwin/15.0.1/../../../../aarch64-pc-cygwin/lib\libntdll.a(libntdll_a_s00470.o)
 .bss           0x0000000100408120        0x0 C:/ag-readline-e138-01/combined-20260911-01/compiler/bin/../lib/gcc/aarch64-pc-cygwin/15.0.1/../../../../aarch64-pc-cygwin/lib\libntdll.a(libntdll_a_s00441.o)
 .bss           0x0000000100408120        0x0 C:/ag-readline-e138-01/combined-20260911-01/compiler/bin/../lib/gcc/aarch64-pc-cygwin/15.0.1/../../../../aarch64-pc-cygwin/lib\libntdll.a(libntdll_a_s00421.o)
 .bss           0x0000000100408120        0x0 C:/ag-readline-e138-01/combined-20260911-01/compiler/bin/../lib/gcc/aarch64-pc-cygwin/15.0.1/../../../../aarch64-pc-cygwin/lib\libntdll.a(libntdll_a_s00417.o)
 .bss           0x0000000100408120        0x0 C:/ag-readline-e138-01/combined-20260911-01/compiler/bin/../lib/gcc/aarch64-pc-cygwin/15.0.1/../../../../aarch64-pc-cygwin/lib\libntdll.a(libntdll_a_s00255.o)
 .bss           0x0000000100408120        0x0 C:/ag-readline-e138-01/combined-20260911-01/compiler/bin/../lib/gcc/aarch64-pc-cygwin/15.0.1/../../../../aarch64-pc-cygwin/lib\libntdll.a(libntdll_a_h.o)
 .bss           0x0000000100408120        0x0 C:/ag-readline-e138-01/combined-20260911-01/compiler/bin/../lib/gcc/aarch64-pc-cygwin/15.0.1/../../../../aarch64-pc-cygwin/lib\libntdll.a(libntdll_a_t.o)
 .bss           0x0000000100408120        0x0 C:/ag-readline-e138-01/combined-20260911-01/compiler/bin/../lib/gcc/aarch64-pc-cygwin/15.0.1/../../../../aarch64-pc-cygwin/lib\libmsys-2.0.a(cygwin_crt0.o)
 .bss           0x0000000100408120        0x0 C:/ag-readline-e138-01/combined-20260911-01/compiler/bin/../lib/gcc/aarch64-pc-cygwin/15.0.1/../../../../aarch64-pc-cygwin/lib\libmsys-2.0.a(premain0.o)
 .bss           0x0000000100408120        0x0 C:/ag-readline-e138-01/combined-20260911-01/compiler/bin/../lib/gcc/aarch64-pc-cygwin/15.0.1/../../../../aarch64-pc-cygwin/lib\libmsys-2.0.a(premain1.o)
 .bss           0x0000000100408120        0x0 C:/ag-readline-e138-01/combined-20260911-01/compiler/bin/../lib/gcc/aarch64-pc-cygwin/15.0.1/../../../../aarch64-pc-cygwin/lib\libmsys-2.0.a(premain2.o)
 .bss           0x0000000100408120        0x0 C:/ag-readline-e138-01/combined-20260911-01/compiler/bin/../lib/gcc/aarch64-pc-cygwin/15.0.1/../../../../aarch64-pc-cygwin/lib\libmsys-2.0.a(premain3.o)
 .bss           0x0000000100408120        0x0 C:/ag-readline-e138-01/combined-20260911-01/compiler/bin/../lib/gcc/aarch64-pc-cygwin/15.0.1/../../../../aarch64-pc-cygwin/lib\libmsys-2.0.a(pseudo-reloc-dummy.o)
 .bss           0x0000000100408120        0x0 C:/ag-readline-e138-01/combined-20260911-01/compiler/bin/../lib/gcc/aarch64-pc-cygwin/15.0.1/../../../../aarch64-pc-cygwin/lib\libmsys-2.0.a(_cygwin_crt0_common.o)
 .bss           0x0000000100408120       0x40 C:/ag-readline-e138-01/combined-20260911-01/compiler/bin/../lib/gcc/aarch64-pc-cygwin/15.0.1/../../../../aarch64-pc-cygwin/lib\libmsys-2.0.a(dll_entry.o)
 .bss           0x0000000100408160        0x0 C:/ag-readline-e138-01/combined-20260911-01/compiler/bin/../lib/gcc/aarch64-pc-cygwin/15.0.1/../../../../aarch64-pc-cygwin/lib\libmsys-2.0.a(dll_main.o)
 .bss           0x0000000100408160      0x150 C:/ag-readline-e138-01/combined-20260911-01/compiler/bin/../lib/gcc/aarch64-pc-cygwin/15.0.1/../../../../aarch64-pc-cygwin/lib\libmsys-2.0.a(cygwin_attach_dll.o)
 .bss           0x00000001004082b0        0x0 C:/ag-readline-e138-01/combined-20260911-01/compiler/bin/../lib/gcc/aarch64-pc-cygwin/15.0.1/../../../../aarch64-pc-cygwin/lib\libshell32.a(libshell32_a_s00252.o)
 .bss           0x00000001004082b0        0x0 C:/ag-readline-e138-01/combined-20260911-01/compiler/bin/../lib/gcc/aarch64-pc-cygwin/15.0.1/../../../../aarch64-pc-cygwin/lib\libshell32.a(libshell32_a_s00242.o)
 .bss           0x00000001004082b0        0x0 C:/ag-readline-e138-01/combined-20260911-01/compiler/bin/../lib/gcc/aarch64-pc-cygwin/15.0.1/../../../../aarch64-pc-cygwin/lib\libshell32.a(libshell32_a_h.o)
 .bss           0x00000001004082b0        0x0 C:/ag-readline-e138-01/combined-20260911-01/compiler/bin/../lib/gcc/aarch64-pc-cygwin/15.0.1/../../../../aarch64-pc-cygwin/lib\libshell32.a(libshell32_a_t.o)
 .bss           0x00000001004082b0        0x0 C:/ag-readline-e138-01/combined-20260911-01/compiler/bin/../lib/gcc/aarch64-pc-cygwin/15.0.1/../../../../aarch64-pc-cygwin/lib\libkernel32.a(libkernel32_a_s01568.o)
 .bss           0x00000001004082b0        0x0 C:/ag-readline-e138-01/combined-20260911-01/compiler/bin/../lib/gcc/aarch64-pc-cygwin/15.0.1/../../../../aarch64-pc-cygwin/lib\libkernel32.a(libkernel32_a_s00781.o)
 .bss           0x00000001004082b0        0x0 C:/ag-readline-e138-01/combined-20260911-01/compiler/bin/../lib/gcc/aarch64-pc-cygwin/15.0.1/../../../../aarch64-pc-cygwin/lib\libkernel32.a(libkernel32_a_s00768.o)
 .bss           0x00000001004082b0        0x0 C:/ag-readline-e138-01/combined-20260911-01/compiler/bin/../lib/gcc/aarch64-pc-cygwin/15.0.1/../../../../aarch64-pc-cygwin/lib\libkernel32.a(libkernel32_a_s00749.o)
 .bss           0x00000001004082b0        0x0 C:/ag-readline-e138-01/combined-20260911-01/compiler/bin/../lib/gcc/aarch64-pc-cygwin/15.0.1/../../../../aarch64-pc-cygwin/lib\libkernel32.a(libkernel32_a_s00693.o)
 .bss           0x00000001004082b0        0x0 C:/ag-readline-e138-01/combined-20260911-01/compiler/bin/../lib/gcc/aarch64-pc-cygwin/15.0.1/../../../../aarch64-pc-cygwin/lib\libkernel32.a(libkernel32_a_s00657.o)
 .bss           0x00000001004082b0        0x0 C:/ag-readline-e138-01/combined-20260911-01/compiler/bin/../lib/gcc/aarch64-pc-cygwin/15.0.1/../../../../aarch64-pc-cygwin/lib\libkernel32.a(libkernel32_a_s00649.o)
 .bss           0x00000001004082b0        0x0 C:/ag-readline-e138-01/combined-20260911-01/compiler/bin/../lib/gcc/aarch64-pc-cygwin/15.0.1/../../../../aarch64-pc-cygwin/lib\libkernel32.a(libkernel32_a_s00454.o)
 .bss           0x00000001004082b0        0x0 C:/ag-readline-e138-01/combined-20260911-01/compiler/bin/../lib/gcc/aarch64-pc-cygwin/15.0.1/../../../../aarch64-pc-cygwin/lib\libkernel32.a(libkernel32_a_s00148.o)
 .bss           0x00000001004082b0        0x0 C:/ag-readline-e138-01/combined-20260911-01/compiler/bin/../lib/gcc/aarch64-pc-cygwin/15.0.1/../../../../aarch64-pc-cygwin/lib\libkernel32.a(libkernel32_a_h.o)
 .bss           0x00000001004082b0        0x0 C:/ag-readline-e138-01/combined-20260911-01/compiler/bin/../lib/gcc/aarch64-pc-cygwin/15.0.1/../../../../aarch64-pc-cygwin/lib\libkernel32.a(libkernel32_a_t.o)
 .bss           0x00000001004082b0        0x0 C:/ag-readline-e138-01/combined-20260911-01/compiler/bin/../lib/gcc/aarch64-pc-cygwin/15.0.1\libgcc.a(_ctors.o)
 .bss           0x00000001004082b0        0x0 C:/ag-readline-e138-01/combined-20260911-01/compiler/bin/../lib/gcc/aarch64-pc-cygwin/15.0.1/crtend.o
 *(COMMON)
                0x00000001004082b0                __bss_end__ = .

.edata
 *(.edata)

/DISCARD/
 *(.debug$S)
 *(.debug$T)
 *(.debug$F)
 *(.drectve)
 *(.note.GNU-stack)
 *(.gnu.lto_*)
 *(.gnu_object_only)

.idata          0x0000000100409000      0xe00
 SORT_BY_NAME(*)(.idata$2)
 .idata$2       0x0000000100409000       0x14 C:/ag-readline-e138-01/combined-20260911-01/compiler/bin/../lib/gcc/aarch64-pc-cygwin/15.0.1/../../../../aarch64-pc-cygwin/lib\libkernel32.a(libkernel32_a_h.o)
                0x0000000100409000                _head_libkernel32_a
 .idata$2       0x0000000100409014       0x14 C:/ag-readline-e138-01/combined-20260911-01/compiler/bin/../lib/gcc/aarch64-pc-cygwin/15.0.1/../../../../aarch64-pc-cygwin/lib\libmsys-2.0.a(msys_2_0_dll_d000000.o)
                0x0000000100409014                _head_msys_2_0_dll
 .idata$2       0x0000000100409028       0x14 C:/ag-readline-e138-01/combined-20260911-01/compiler/bin/../lib/gcc/aarch64-pc-cygwin/15.0.1/../../../../aarch64-pc-cygwin/lib\libntdll.a(libntdll_a_h.o)
                0x0000000100409028                _head_libntdll_a
 .idata$2       0x000000010040903c       0x14 C:/ag-readline-e138-01/combined-20260911-01/compiler/bin/../lib/gcc/aarch64-pc-cygwin/15.0.1/../../../../aarch64-pc-cygwin/lib\libshell32.a(libshell32_a_h.o)
                0x000000010040903c                _head_libshell32_a
 .idata$2       0x0000000100409050       0x14 C:/Users/crutkasLocal/.copilot/session-state/85c409ca-0b3d-45da-90a0-c624251ff624/files/native-arm64-utils-shipping-03/link-lib\libuserenv.a(libuserenvh.o)
                0x0000000100409050                _head_libarm64_libuserenv_a
 SORT_BY_NAME(*)(.idata$3)
                0x0000000100409064        0x4 LONG 0x0
                0x0000000100409068        0x4 LONG 0x0
                0x000000010040906c        0x4 LONG 0x0
                0x0000000100409070        0x4 LONG 0x0
                0x0000000100409074        0x4 LONG 0x0
                0x0000000100409078                . = ALIGN (0x8)
 SORT_BY_NAME(*)(.idata$4)
 .idata$4       0x0000000100409078        0x0 C:/ag-readline-e138-01/combined-20260911-01/compiler/bin/../lib/gcc/aarch64-pc-cygwin/15.0.1/../../../../aarch64-pc-cygwin/lib\libkernel32.a(libkernel32_a_h.o)
 .idata$4       0x0000000100409078        0x8 C:/ag-readline-e138-01/combined-20260911-01/compiler/bin/../lib/gcc/aarch64-pc-cygwin/15.0.1/../../../../aarch64-pc-cygwin/lib\libkernel32.a(libkernel32_a_s00148.o)
 .idata$4       0x0000000100409080        0x8 C:/ag-readline-e138-01/combined-20260911-01/compiler/bin/../lib/gcc/aarch64-pc-cygwin/15.0.1/../../../../aarch64-pc-cygwin/lib\libkernel32.a(libkernel32_a_s00454.o)
 .idata$4       0x0000000100409088        0x8 C:/ag-readline-e138-01/combined-20260911-01/compiler/bin/../lib/gcc/aarch64-pc-cygwin/15.0.1/../../../../aarch64-pc-cygwin/lib\libkernel32.a(libkernel32_a_s00649.o)
 .idata$4       0x0000000100409090        0x8 C:/ag-readline-e138-01/combined-20260911-01/compiler/bin/../lib/gcc/aarch64-pc-cygwin/15.0.1/../../../../aarch64-pc-cygwin/lib\libkernel32.a(libkernel32_a_s00657.o)
 .idata$4       0x0000000100409098        0x8 C:/ag-readline-e138-01/combined-20260911-01/compiler/bin/../lib/gcc/aarch64-pc-cygwin/15.0.1/../../../../aarch64-pc-cygwin/lib\libkernel32.a(libkernel32_a_s00693.o)
 .idata$4       0x00000001004090a0        0x8 C:/ag-readline-e138-01/combined-20260911-01/compiler/bin/../lib/gcc/aarch64-pc-cygwin/15.0.1/../../../../aarch64-pc-cygwin/lib\libkernel32.a(libkernel32_a_s00749.o)
 .idata$4       0x00000001004090a8        0x8 C:/ag-readline-e138-01/combined-20260911-01/compiler/bin/../lib/gcc/aarch64-pc-cygwin/15.0.1/../../../../aarch64-pc-cygwin/lib\libkernel32.a(libkernel32_a_s00768.o)
 .idata$4       0x00000001004090b0        0x8 C:/ag-readline-e138-01/combined-20260911-01/compiler/bin/../lib/gcc/aarch64-pc-cygwin/15.0.1/../../../../aarch64-pc-cygwin/lib\libkernel32.a(libkernel32_a_s00781.o)
 .idata$4       0x00000001004090b8        0x8 C:/ag-readline-e138-01/combined-20260911-01/compiler/bin/../lib/gcc/aarch64-pc-cygwin/15.0.1/../../../../aarch64-pc-cygwin/lib\libkernel32.a(libkernel32_a_s01568.o)
 .idata$4       0x00000001004090c0        0x8 C:/ag-readline-e138-01/combined-20260911-01/compiler/bin/../lib/gcc/aarch64-pc-cygwin/15.0.1/../../../../aarch64-pc-cygwin/lib\libkernel32.a(libkernel32_a_t.o)
 .idata$4       0x00000001004090c8        0x0 C:/ag-readline-e138-01/combined-20260911-01/compiler/bin/../lib/gcc/aarch64-pc-cygwin/15.0.1/../../../../aarch64-pc-cygwin/lib\libmsys-2.0.a(msys_2_0_dll_d000000.o)
 .idata$4       0x00000001004090c8        0x8 C:/ag-readline-e138-01/combined-20260911-01/compiler/bin/../lib/gcc/aarch64-pc-cygwin/15.0.1/../../../../aarch64-pc-cygwin/lib\libmsys-2.0.a(msys_2_0_dll_d000024.o)
 .idata$4       0x00000001004090d0        0x8 C:/ag-readline-e138-01/combined-20260911-01/compiler/bin/../lib/gcc/aarch64-pc-cygwin/15.0.1/../../../../aarch64-pc-cygwin/lib\libmsys-2.0.a(msys_2_0_dll_d000037.o)
 .idata$4       0x00000001004090d8        0x8 C:/ag-readline-e138-01/combined-20260911-01/compiler/bin/../lib/gcc/aarch64-pc-cygwin/15.0.1/../../../../aarch64-pc-cygwin/lib\libmsys-2.0.a(msys_2_0_dll_d000048.o)
 .idata$4       0x00000001004090e0        0x8 C:/ag-readline-e138-01/combined-20260911-01/compiler/bin/../lib/gcc/aarch64-pc-cygwin/15.0.1/../../../../aarch64-pc-cygwin/lib\libmsys-2.0.a(msys_2_0_dll_d000109.o)
 .idata$4       0x00000001004090e8        0x8 C:/ag-readline-e138-01/combined-20260911-01/compiler/bin/../lib/gcc/aarch64-pc-cygwin/15.0.1/../../../../aarch64-pc-cygwin/lib\libmsys-2.0.a(msys_2_0_dll_d000115.o)
 .idata$4       0x00000001004090f0        0x8 C:/ag-readline-e138-01/combined-20260911-01/compiler/bin/../lib/gcc/aarch64-pc-cygwin/15.0.1/../../../../aarch64-pc-cygwin/lib\libmsys-2.0.a(msys_2_0_dll_d000121.o)
 .idata$4       0x00000001004090f8        0x8 C:/ag-readline-e138-01/combined-20260911-01/compiler/bin/../lib/gcc/aarch64-pc-cygwin/15.0.1/../../../../aarch64-pc-cygwin/lib\libmsys-2.0.a(msys_2_0_dll_d000260.o)
 .idata$4       0x0000000100409100        0x8 C:/ag-readline-e138-01/combined-20260911-01/compiler/bin/../lib/gcc/aarch64-pc-cygwin/15.0.1/../../../../aarch64-pc-cygwin/lib\libmsys-2.0.a(msys_2_0_dll_d000379.o)
 .idata$4       0x0000000100409108        0x8 C:/ag-readline-e138-01/combined-20260911-01/compiler/bin/../lib/gcc/aarch64-pc-cygwin/15.0.1/../../../../aarch64-pc-cygwin/lib\libmsys-2.0.a(msys_2_0_dll_d000380.o)
 .idata$4       0x0000000100409110        0x8 C:/ag-readline-e138-01/combined-20260911-01/compiler/bin/../lib/gcc/aarch64-pc-cygwin/15.0.1/../../../../aarch64-pc-cygwin/lib\libmsys-2.0.a(msys_2_0_dll_d000382.o)
 .idata$4       0x0000000100409118        0x8 C:/ag-readline-e138-01/combined-20260911-01/compiler/bin/../lib/gcc/aarch64-pc-cygwin/15.0.1/../../../../aarch64-pc-cygwin/lib\libmsys-2.0.a(msys_2_0_dll_d000410.o)
 .idata$4       0x0000000100409120        0x8 C:/ag-readline-e138-01/combined-20260911-01/compiler/bin/../lib/gcc/aarch64-pc-cygwin/15.0.1/../../../../aarch64-pc-cygwin/lib\libmsys-2.0.a(msys_2_0_dll_d000468.o)
 .idata$4       0x0000000100409128        0x8 C:/ag-readline-e138-01/combined-20260911-01/compiler/bin/../lib/gcc/aarch64-pc-cygwin/15.0.1/../../../../aarch64-pc-cygwin/lib\libmsys-2.0.a(msys_2_0_dll_d000533.o)
 .idata$4       0x0000000100409130        0x8 C:/ag-readline-e138-01/combined-20260911-01/compiler/bin/../lib/gcc/aarch64-pc-cygwin/15.0.1/../../../../aarch64-pc-cygwin/lib\libmsys-2.0.a(msys_2_0_dll_d000569.o)
 .idata$4       0x0000000100409138        0x8 C:/ag-readline-e138-01/combined-20260911-01/compiler/bin/../lib/gcc/aarch64-pc-cygwin/15.0.1/../../../../aarch64-pc-cygwin/lib\libmsys-2.0.a(msys_2_0_dll_d000574.o)
 .idata$4       0x0000000100409140        0x8 C:/ag-readline-e138-01/combined-20260911-01/compiler/bin/../lib/gcc/aarch64-pc-cygwin/15.0.1/../../../../aarch64-pc-cygwin/lib\libmsys-2.0.a(msys_2_0_dll_d000586.o)
 .idata$4       0x0000000100409148        0x8 C:/ag-readline-e138-01/combined-20260911-01/compiler/bin/../lib/gcc/aarch64-pc-cygwin/15.0.1/../../../../aarch64-pc-cygwin/lib\libmsys-2.0.a(msys_2_0_dll_d000627.o)
 .idata$4       0x0000000100409150        0x8 C:/ag-readline-e138-01/combined-20260911-01/compiler/bin/../lib/gcc/aarch64-pc-cygwin/15.0.1/../../../../aarch64-pc-cygwin/lib\libmsys-2.0.a(msys_2_0_dll_d000681.o)
 .idata$4       0x0000000100409158        0x8 C:/ag-readline-e138-01/combined-20260911-01/compiler/bin/../lib/gcc/aarch64-pc-cygwin/15.0.1/../../../../aarch64-pc-cygwin/lib\libmsys-2.0.a(msys_2_0_dll_d000806.o)
 .idata$4       0x0000000100409160        0x8 C:/ag-readline-e138-01/combined-20260911-01/compiler/bin/../lib/gcc/aarch64-pc-cygwin/15.0.1/../../../../aarch64-pc-cygwin/lib\libmsys-2.0.a(msys_2_0_dll_d000812.o)
 .idata$4       0x0000000100409168        0x8 C:/ag-readline-e138-01/combined-20260911-01/compiler/bin/../lib/gcc/aarch64-pc-cygwin/15.0.1/../../../../aarch64-pc-cygwin/lib\libmsys-2.0.a(msys_2_0_dll_d000917.o)
 .idata$4       0x0000000100409170        0x8 C:/ag-readline-e138-01/combined-20260911-01/compiler/bin/../lib/gcc/aarch64-pc-cygwin/15.0.1/../../../../aarch64-pc-cygwin/lib\libmsys-2.0.a(msys_2_0_dll_d000930.o)
 .idata$4       0x0000000100409178        0x8 C:/ag-readline-e138-01/combined-20260911-01/compiler/bin/../lib/gcc/aarch64-pc-cygwin/15.0.1/../../../../aarch64-pc-cygwin/lib\libmsys-2.0.a(msys_2_0_dll_d000936.o)
 .idata$4       0x0000000100409180        0x8 C:/ag-readline-e138-01/combined-20260911-01/compiler/bin/../lib/gcc/aarch64-pc-cygwin/15.0.1/../../../../aarch64-pc-cygwin/lib\libmsys-2.0.a(msys_2_0_dll_d000938.o)
 .idata$4       0x0000000100409188        0x8 C:/ag-readline-e138-01/combined-20260911-01/compiler/bin/../lib/gcc/aarch64-pc-cygwin/15.0.1/../../../../aarch64-pc-cygwin/lib\libmsys-2.0.a(msys_2_0_dll_d000978.o)
 .idata$4       0x0000000100409190        0x8 C:/ag-readline-e138-01/combined-20260911-01/compiler/bin/../lib/gcc/aarch64-pc-cygwin/15.0.1/../../../../aarch64-pc-cygwin/lib\libmsys-2.0.a(msys_2_0_dll_d001017.o)
 .idata$4       0x0000000100409198        0x8 C:/ag-readline-e138-01/combined-20260911-01/compiler/bin/../lib/gcc/aarch64-pc-cygwin/15.0.1/../../../../aarch64-pc-cygwin/lib\libmsys-2.0.a(msys_2_0_dll_d001019.o)
 .idata$4       0x00000001004091a0        0x8 C:/ag-readline-e138-01/combined-20260911-01/compiler/bin/../lib/gcc/aarch64-pc-cygwin/15.0.1/../../../../aarch64-pc-cygwin/lib\libmsys-2.0.a(msys_2_0_dll_d001025.o)
 .idata$4       0x00000001004091a8        0x8 C:/ag-readline-e138-01/combined-20260911-01/compiler/bin/../lib/gcc/aarch64-pc-cygwin/15.0.1/../../../../aarch64-pc-cygwin/lib\libmsys-2.0.a(msys_2_0_dll_d001035.o)
 .idata$4       0x00000001004091b0        0x8 C:/ag-readline-e138-01/combined-20260911-01/compiler/bin/../lib/gcc/aarch64-pc-cygwin/15.0.1/../../../../aarch64-pc-cygwin/lib\libmsys-2.0.a(msys_2_0_dll_d001070.o)
 .idata$4       0x00000001004091b8        0x8 C:/ag-readline-e138-01/combined-20260911-01/compiler/bin/../lib/gcc/aarch64-pc-cygwin/15.0.1/../../../../aarch64-pc-cygwin/lib\libmsys-2.0.a(msys_2_0_dll_d001072.o)
 .idata$4       0x00000001004091c0        0x8 C:/ag-readline-e138-01/combined-20260911-01/compiler/bin/../lib/gcc/aarch64-pc-cygwin/15.0.1/../../../../aarch64-pc-cygwin/lib\libmsys-2.0.a(msys_2_0_dll_d001198.o)
 .idata$4       0x00000001004091c8        0x8 C:/ag-readline-e138-01/combined-20260911-01/compiler/bin/../lib/gcc/aarch64-pc-cygwin/15.0.1/../../../../aarch64-pc-cygwin/lib\libmsys-2.0.a(msys_2_0_dll_d001224.o)
 .idata$4       0x00000001004091d0        0x8 C:/ag-readline-e138-01/combined-20260911-01/compiler/bin/../lib/gcc/aarch64-pc-cygwin/15.0.1/../../../../aarch64-pc-cygwin/lib\libmsys-2.0.a(msys_2_0_dll_d001323.o)
 .idata$4       0x00000001004091d8        0x8 C:/ag-readline-e138-01/combined-20260911-01/compiler/bin/../lib/gcc/aarch64-pc-cygwin/15.0.1/../../../../aarch64-pc-cygwin/lib\libmsys-2.0.a(msys_2_0_dll_d001338.o)
 .idata$4       0x00000001004091e0        0x8 C:/ag-readline-e138-01/combined-20260911-01/compiler/bin/../lib/gcc/aarch64-pc-cygwin/15.0.1/../../../../aarch64-pc-cygwin/lib\libmsys-2.0.a(msys_2_0_dll_d001427.o)
 .idata$4       0x00000001004091e8        0x8 C:/ag-readline-e138-01/combined-20260911-01/compiler/bin/../lib/gcc/aarch64-pc-cygwin/15.0.1/../../../../aarch64-pc-cygwin/lib\libmsys-2.0.a(msys_2_0_dll_d001435.o)
 .idata$4       0x00000001004091f0        0x8 C:/ag-readline-e138-01/combined-20260911-01/compiler/bin/../lib/gcc/aarch64-pc-cygwin/15.0.1/../../../../aarch64-pc-cygwin/lib\libmsys-2.0.a(msys_2_0_dll_d001438.o)
 .idata$4       0x00000001004091f8        0x8 C:/ag-readline-e138-01/combined-20260911-01/compiler/bin/../lib/gcc/aarch64-pc-cygwin/15.0.1/../../../../aarch64-pc-cygwin/lib\libmsys-2.0.a(msys_2_0_dll_d001439.o)
 .idata$4       0x0000000100409200        0x8 C:/ag-readline-e138-01/combined-20260911-01/compiler/bin/../lib/gcc/aarch64-pc-cygwin/15.0.1/../../../../aarch64-pc-cygwin/lib\libmsys-2.0.a(msys_2_0_dll_d001441.o)
 .idata$4       0x0000000100409208        0x8 C:/ag-readline-e138-01/combined-20260911-01/compiler/bin/../lib/gcc/aarch64-pc-cygwin/15.0.1/../../../../aarch64-pc-cygwin/lib\libmsys-2.0.a(msys_2_0_dll_d001444.o)
 .idata$4       0x0000000100409210        0x8 C:/ag-readline-e138-01/combined-20260911-01/compiler/bin/../lib/gcc/aarch64-pc-cygwin/15.0.1/../../../../aarch64-pc-cygwin/lib\libmsys-2.0.a(msys_2_0_dll_d001446.o)
 .idata$4       0x0000000100409218        0x8 C:/ag-readline-e138-01/combined-20260911-01/compiler/bin/../lib/gcc/aarch64-pc-cygwin/15.0.1/../../../../aarch64-pc-cygwin/lib\libmsys-2.0.a(msys_2_0_dll_d001447.o)
 .idata$4       0x0000000100409220        0x8 C:/ag-readline-e138-01/combined-20260911-01/compiler/bin/../lib/gcc/aarch64-pc-cygwin/15.0.1/../../../../aarch64-pc-cygwin/lib\libmsys-2.0.a(msys_2_0_dll_d001456.o)
 .idata$4       0x0000000100409228        0x8 C:/ag-readline-e138-01/combined-20260911-01/compiler/bin/../lib/gcc/aarch64-pc-cygwin/15.0.1/../../../../aarch64-pc-cygwin/lib\libmsys-2.0.a(msys_2_0_dll_d001458.o)
 .idata$4       0x0000000100409230        0x8 C:/ag-readline-e138-01/combined-20260911-01/compiler/bin/../lib/gcc/aarch64-pc-cygwin/15.0.1/../../../../aarch64-pc-cygwin/lib\libmsys-2.0.a(msys_2_0_dll_d001461.o)
 .idata$4       0x0000000100409238        0x8 C:/ag-readline-e138-01/combined-20260911-01/compiler/bin/../lib/gcc/aarch64-pc-cygwin/15.0.1/../../../../aarch64-pc-cygwin/lib\libmsys-2.0.a(msys_2_0_dll_d001488.o)
 .idata$4       0x0000000100409240        0x8 C:/ag-readline-e138-01/combined-20260911-01/compiler/bin/../lib/gcc/aarch64-pc-cygwin/15.0.1/../../../../aarch64-pc-cygwin/lib\libmsys-2.0.a(msys_2_0_dll_d001641.o)
 .idata$4       0x0000000100409248        0x8 C:/ag-readline-e138-01/combined-20260911-01/compiler/bin/../lib/gcc/aarch64-pc-cygwin/15.0.1/../../../../aarch64-pc-cygwin/lib\libmsys-2.0.a(msys_2_0_dll_d001651.o)
 .idata$4       0x0000000100409250        0x8 C:/ag-readline-e138-01/combined-20260911-01/compiler/bin/../lib/gcc/aarch64-pc-cygwin/15.0.1/../../../../aarch64-pc-cygwin/lib\libmsys-2.0.a(msys_2_0_dll_d001658.o)
 .idata$4       0x0000000100409258        0x8 C:/ag-readline-e138-01/combined-20260911-01/compiler/bin/../lib/gcc/aarch64-pc-cygwin/15.0.1/../../../../aarch64-pc-cygwin/lib\libmsys-2.0.a(msys_2_0_dll_d001659.o)
 .idata$4       0x0000000100409260        0x8 C:/ag-readline-e138-01/combined-20260911-01/compiler/bin/../lib/gcc/aarch64-pc-cygwin/15.0.1/../../../../aarch64-pc-cygwin/lib\libmsys-2.0.a(msys_2_0_dll_d001667.o)
 .idata$4       0x0000000100409268        0x8 C:/ag-readline-e138-01/combined-20260911-01/compiler/bin/../lib/gcc/aarch64-pc-cygwin/15.0.1/../../../../aarch64-pc-cygwin/lib\libmsys-2.0.a(msys_2_0_dll_d001683.o)
 .idata$4       0x0000000100409270        0x8 C:/ag-readline-e138-01/combined-20260911-01/compiler/bin/../lib/gcc/aarch64-pc-cygwin/15.0.1/../../../../aarch64-pc-cygwin/lib\libmsys-2.0.a(msys_2_0_dll_d001764.o)
 .idata$4       0x0000000100409278        0x0 C:/ag-readline-e138-01/combined-20260911-01/compiler/bin/../lib/gcc/aarch64-pc-cygwin/15.0.1/../../../../aarch64-pc-cygwin/lib\libntdll.a(libntdll_a_h.o)
 .idata$4       0x0000000100409278        0x8 C:/ag-readline-e138-01/combined-20260911-01/compiler/bin/../lib/gcc/aarch64-pc-cygwin/15.0.1/../../../../aarch64-pc-cygwin/lib\libntdll.a(libntdll_a_s00255.o)
 .idata$4       0x0000000100409280        0x8 C:/ag-readline-e138-01/combined-20260911-01/compiler/bin/../lib/gcc/aarch64-pc-cygwin/15.0.1/../../../../aarch64-pc-cygwin/lib\libntdll.a(libntdll_a_s00417.o)
 .idata$4       0x0000000100409288        0x8 C:/ag-readline-e138-01/combined-20260911-01/compiler/bin/../lib/gcc/aarch64-pc-cygwin/15.0.1/../../../../aarch64-pc-cygwin/lib\libntdll.a(libntdll_a_s00421.o)
 .idata$4       0x0000000100409290        0x8 C:/ag-readline-e138-01/combined-20260911-01/compiler/bin/../lib/gcc/aarch64-pc-cygwin/15.0.1/../../../../aarch64-pc-cygwin/lib\libntdll.a(libntdll_a_s00441.o)
 .idata$4       0x0000000100409298        0x8 C:/ag-readline-e138-01/combined-20260911-01/compiler/bin/../lib/gcc/aarch64-pc-cygwin/15.0.1/../../../../aarch64-pc-cygwin/lib\libntdll.a(libntdll_a_s00470.o)
 .idata$4       0x00000001004092a0        0x8 C:/ag-readline-e138-01/combined-20260911-01/compiler/bin/../lib/gcc/aarch64-pc-cygwin/15.0.1/../../../../aarch64-pc-cygwin/lib\libntdll.a(libntdll_a_s00478.o)
 .idata$4       0x00000001004092a8        0x8 C:/ag-readline-e138-01/combined-20260911-01/compiler/bin/../lib/gcc/aarch64-pc-cygwin/15.0.1/../../../../aarch64-pc-cygwin/lib\libntdll.a(libntdll_a_s00507.o)
 .idata$4       0x00000001004092b0        0x8 C:/ag-readline-e138-01/combined-20260911-01/compiler/bin/../lib/gcc/aarch64-pc-cygwin/15.0.1/../../../../aarch64-pc-cygwin/lib\libntdll.a(libntdll_a_s00738.o)
 .idata$4       0x00000001004092b8        0x8 C:/ag-readline-e138-01/combined-20260911-01/compiler/bin/../lib/gcc/aarch64-pc-cygwin/15.0.1/../../../../aarch64-pc-cygwin/lib\libntdll.a(libntdll_a_s00825.o)
 .idata$4       0x00000001004092c0        0x8 C:/ag-readline-e138-01/combined-20260911-01/compiler/bin/../lib/gcc/aarch64-pc-cygwin/15.0.1/../../../../aarch64-pc-cygwin/lib\libntdll.a(libntdll_a_s00952.o)
 .idata$4       0x00000001004092c8        0x8 C:/ag-readline-e138-01/combined-20260911-01/compiler/bin/../lib/gcc/aarch64-pc-cygwin/15.0.1/../../../../aarch64-pc-cygwin/lib\libntdll.a(libntdll_a_s01114.o)
 .idata$4       0x00000001004092d0        0x8 C:/ag-readline-e138-01/combined-20260911-01/compiler/bin/../lib/gcc/aarch64-pc-cygwin/15.0.1/../../../../aarch64-pc-cygwin/lib\libntdll.a(libntdll_a_s01125.o)
 .idata$4       0x00000001004092d8        0x8 C:/ag-readline-e138-01/combined-20260911-01/compiler/bin/../lib/gcc/aarch64-pc-cygwin/15.0.1/../../../../aarch64-pc-cygwin/lib\libntdll.a(libntdll_a_s01510.o)
 .idata$4       0x00000001004092e0        0x8 C:/ag-readline-e138-01/combined-20260911-01/compiler/bin/../lib/gcc/aarch64-pc-cygwin/15.0.1/../../../../aarch64-pc-cygwin/lib\libntdll.a(libntdll_a_s01511.o)
 .idata$4       0x00000001004092e8        0x8 C:/ag-readline-e138-01/combined-20260911-01/compiler/bin/../lib/gcc/aarch64-pc-cygwin/15.0.1/../../../../aarch64-pc-cygwin/lib\libntdll.a(libntdll_a_t.o)
 .idata$4       0x00000001004092f0        0x0 C:/ag-readline-e138-01/combined-20260911-01/compiler/bin/../lib/gcc/aarch64-pc-cygwin/15.0.1/../../../../aarch64-pc-cygwin/lib\libshell32.a(libshell32_a_h.o)
 .idata$4       0x00000001004092f0        0x8 C:/ag-readline-e138-01/combined-20260911-01/compiler/bin/../lib/gcc/aarch64-pc-cygwin/15.0.1/../../../../aarch64-pc-cygwin/lib\libshell32.a(libshell32_a_s00242.o)
 .idata$4       0x00000001004092f8        0x8 C:/ag-readline-e138-01/combined-20260911-01/compiler/bin/../lib/gcc/aarch64-pc-cygwin/15.0.1/../../../../aarch64-pc-cygwin/lib\libshell32.a(libshell32_a_s00252.o)
 .idata$4       0x0000000100409300        0x8 C:/ag-readline-e138-01/combined-20260911-01/compiler/bin/../lib/gcc/aarch64-pc-cygwin/15.0.1/../../../../aarch64-pc-cygwin/lib\libshell32.a(libshell32_a_t.o)
 .idata$4       0x0000000100409308        0x0 C:/Users/crutkasLocal/.copilot/session-state/85c409ca-0b3d-45da-90a0-c624251ff624/files/native-arm64-utils-shipping-03/link-lib\libuserenv.a(libuserenvh.o)
 .idata$4       0x0000000100409308        0x8 C:/Users/crutkasLocal/.copilot/session-state/85c409ca-0b3d-45da-90a0-c624251ff624/files/native-arm64-utils-shipping-03/link-lib\libuserenv.a(libuserenvs00048.o)
 .idata$4       0x0000000100409310        0x8 C:/Users/crutkasLocal/.copilot/session-state/85c409ca-0b3d-45da-90a0-c624251ff624/files/native-arm64-utils-shipping-03/link-lib\libuserenv.a(libuserenvt.o)
                0x0000000100409318                __IAT_start__ = .
 SORT_BY_NAME(*)(.idata$5)
 .idata$5       0x0000000100409318        0x0 C:/ag-readline-e138-01/combined-20260911-01/compiler/bin/../lib/gcc/aarch64-pc-cygwin/15.0.1/../../../../aarch64-pc-cygwin/lib\libkernel32.a(libkernel32_a_h.o)
 .idata$5       0x0000000100409318        0x8 C:/ag-readline-e138-01/combined-20260911-01/compiler/bin/../lib/gcc/aarch64-pc-cygwin/15.0.1/../../../../aarch64-pc-cygwin/lib\libkernel32.a(libkernel32_a_s00148.o)
                0x0000000100409318                __imp_CloseHandle
 .idata$5       0x0000000100409320        0x8 C:/ag-readline-e138-01/combined-20260911-01/compiler/bin/../lib/gcc/aarch64-pc-cygwin/15.0.1/../../../../aarch64-pc-cygwin/lib\libkernel32.a(libkernel32_a_s00454.o)
                0x0000000100409320                __imp_GetACP
 .idata$5       0x0000000100409328        0x8 C:/ag-readline-e138-01/combined-20260911-01/compiler/bin/../lib/gcc/aarch64-pc-cygwin/15.0.1/../../../../aarch64-pc-cygwin/lib\libkernel32.a(libkernel32_a_s00649.o)
                0x0000000100409328                __imp_GetLongPathNameW
 .idata$5       0x0000000100409330        0x8 C:/ag-readline-e138-01/combined-20260911-01/compiler/bin/../lib/gcc/aarch64-pc-cygwin/15.0.1/../../../../aarch64-pc-cygwin/lib\libkernel32.a(libkernel32_a_s00657.o)
                0x0000000100409330                __imp_GetModuleHandleA
 .idata$5       0x0000000100409338        0x8 C:/ag-readline-e138-01/combined-20260911-01/compiler/bin/../lib/gcc/aarch64-pc-cygwin/15.0.1/../../../../aarch64-pc-cygwin/lib\libkernel32.a(libkernel32_a_s00693.o)
                0x0000000100409338                __imp_GetOEMCP
 .idata$5       0x0000000100409340        0x8 C:/ag-readline-e138-01/combined-20260911-01/compiler/bin/../lib/gcc/aarch64-pc-cygwin/15.0.1/../../../../aarch64-pc-cygwin/lib\libkernel32.a(libkernel32_a_s00749.o)
                0x0000000100409340                __imp_GetShortPathNameW
 .idata$5       0x0000000100409348        0x8 C:/ag-readline-e138-01/combined-20260911-01/compiler/bin/../lib/gcc/aarch64-pc-cygwin/15.0.1/../../../../aarch64-pc-cygwin/lib\libkernel32.a(libkernel32_a_s00768.o)
                0x0000000100409348                __imp_GetSystemDirectoryW
 .idata$5       0x0000000100409350        0x8 C:/ag-readline-e138-01/combined-20260911-01/compiler/bin/../lib/gcc/aarch64-pc-cygwin/15.0.1/../../../../aarch64-pc-cygwin/lib\libkernel32.a(libkernel32_a_s00781.o)
                0x0000000100409350                __imp_GetSystemWindowsDirectoryW
 .idata$5       0x0000000100409358        0x8 C:/ag-readline-e138-01/combined-20260911-01/compiler/bin/../lib/gcc/aarch64-pc-cygwin/15.0.1/../../../../aarch64-pc-cygwin/lib\libkernel32.a(libkernel32_a_s01568.o)
                0x0000000100409358                __imp_WideCharToMultiByte
 .idata$5       0x0000000100409360        0x8 C:/ag-readline-e138-01/combined-20260911-01/compiler/bin/../lib/gcc/aarch64-pc-cygwin/15.0.1/../../../../aarch64-pc-cygwin/lib\libkernel32.a(libkernel32_a_t.o)
 .idata$5       0x0000000100409368        0x0 C:/ag-readline-e138-01/combined-20260911-01/compiler/bin/../lib/gcc/aarch64-pc-cygwin/15.0.1/../../../../aarch64-pc-cygwin/lib\libmsys-2.0.a(msys_2_0_dll_d000000.o)
 .idata$5       0x0000000100409368        0x8 C:/ag-readline-e138-01/combined-20260911-01/compiler/bin/../lib/gcc/aarch64-pc-cygwin/15.0.1/../../../../aarch64-pc-cygwin/lib\libmsys-2.0.a(msys_2_0_dll_d000024.o)
                0x0000000100409368                __imp___errno
 .idata$5       0x0000000100409370        0x8 C:/ag-readline-e138-01/combined-20260911-01/compiler/bin/../lib/gcc/aarch64-pc-cygwin/15.0.1/../../../../aarch64-pc-cygwin/lib\libmsys-2.0.a(msys_2_0_dll_d000037.o)
                0x0000000100409370                __imp___getreent
 .idata$5       0x0000000100409378        0x8 C:/ag-readline-e138-01/combined-20260911-01/compiler/bin/../lib/gcc/aarch64-pc-cygwin/15.0.1/../../../../aarch64-pc-cygwin/lib\libmsys-2.0.a(msys_2_0_dll_d000048.o)
                0x0000000100409378                __imp___main
 .idata$5       0x0000000100409380        0x8 C:/ag-readline-e138-01/combined-20260911-01/compiler/bin/../lib/gcc/aarch64-pc-cygwin/15.0.1/../../../../aarch64-pc-cygwin/lib\libmsys-2.0.a(msys_2_0_dll_d000109.o)
                0x0000000100409380                __imp__dll_crt0
 .idata$5       0x0000000100409388        0x8 C:/ag-readline-e138-01/combined-20260911-01/compiler/bin/../lib/gcc/aarch64-pc-cygwin/15.0.1/../../../../aarch64-pc-cygwin/lib\libmsys-2.0.a(msys_2_0_dll_d000115.o)
                0x0000000100409388                __imp__impure_ptr
 .idata$5       0x0000000100409390        0x8 C:/ag-readline-e138-01/combined-20260911-01/compiler/bin/../lib/gcc/aarch64-pc-cygwin/15.0.1/../../../../aarch64-pc-cygwin/lib\libmsys-2.0.a(msys_2_0_dll_d000121.o)
                0x0000000100409390                __imp__setmode
 .idata$5       0x0000000100409398        0x8 C:/ag-readline-e138-01/combined-20260911-01/compiler/bin/../lib/gcc/aarch64-pc-cygwin/15.0.1/../../../../aarch64-pc-cygwin/lib\libmsys-2.0.a(msys_2_0_dll_d000260.o)
                0x0000000100409398                __imp_calloc
 .idata$5       0x00000001004093a0        0x8 C:/ag-readline-e138-01/combined-20260911-01/compiler/bin/../lib/gcc/aarch64-pc-cygwin/15.0.1/../../../../aarch64-pc-cygwin/lib\libmsys-2.0.a(msys_2_0_dll_d000379.o)
                0x00000001004093a0                __imp_cygwin_conv_path
 .idata$5       0x00000001004093a8        0x8 C:/ag-readline-e138-01/combined-20260911-01/compiler/bin/../lib/gcc/aarch64-pc-cygwin/15.0.1/../../../../aarch64-pc-cygwin/lib\libmsys-2.0.a(msys_2_0_dll_d000380.o)
                0x00000001004093a8                __imp_cygwin_conv_path_list
 .idata$5       0x00000001004093b0        0x8 C:/ag-readline-e138-01/combined-20260911-01/compiler/bin/../lib/gcc/aarch64-pc-cygwin/15.0.1/../../../../aarch64-pc-cygwin/lib\libmsys-2.0.a(msys_2_0_dll_d000382.o)
                0x00000001004093b0                __imp_cygwin_internal
 .idata$5       0x00000001004093b8        0x8 C:/ag-readline-e138-01/combined-20260911-01/compiler/bin/../lib/gcc/aarch64-pc-cygwin/15.0.1/../../../../aarch64-pc-cygwin/lib\libmsys-2.0.a(msys_2_0_dll_d000410.o)
                0x00000001004093b8                __imp_dll_dllcrt0
 .idata$5       0x00000001004093c0        0x8 C:/ag-readline-e138-01/combined-20260911-01/compiler/bin/../lib/gcc/aarch64-pc-cygwin/15.0.1/../../../../aarch64-pc-cygwin/lib\libmsys-2.0.a(msys_2_0_dll_d000468.o)
                0x00000001004093c0                __imp_exit
 .idata$5       0x00000001004093c8        0x8 C:/ag-readline-e138-01/combined-20260911-01/compiler/bin/../lib/gcc/aarch64-pc-cygwin/15.0.1/../../../../aarch64-pc-cygwin/lib\libmsys-2.0.a(msys_2_0_dll_d000533.o)
                0x00000001004093c8                __imp_fgets
 .idata$5       0x00000001004093d0        0x8 C:/ag-readline-e138-01/combined-20260911-01/compiler/bin/../lib/gcc/aarch64-pc-cygwin/15.0.1/../../../../aarch64-pc-cygwin/lib\libmsys-2.0.a(msys_2_0_dll_d000569.o)
                0x00000001004093d0                __imp_fopen
 .idata$5       0x00000001004093d8        0x8 C:/ag-readline-e138-01/combined-20260911-01/compiler/bin/../lib/gcc/aarch64-pc-cygwin/15.0.1/../../../../aarch64-pc-cygwin/lib\libmsys-2.0.a(msys_2_0_dll_d000574.o)
                0x00000001004093d8                __imp_fprintf
 .idata$5       0x00000001004093e0        0x8 C:/ag-readline-e138-01/combined-20260911-01/compiler/bin/../lib/gcc/aarch64-pc-cygwin/15.0.1/../../../../aarch64-pc-cygwin/lib\libmsys-2.0.a(msys_2_0_dll_d000586.o)
                0x00000001004093e0                __imp_free
 .idata$5       0x00000001004093e8        0x8 C:/ag-readline-e138-01/combined-20260911-01/compiler/bin/../lib/gcc/aarch64-pc-cygwin/15.0.1/../../../../aarch64-pc-cygwin/lib\libmsys-2.0.a(msys_2_0_dll_d000627.o)
                0x00000001004093e8                __imp_fwrite
 .idata$5       0x00000001004093f0        0x8 C:/ag-readline-e138-01/combined-20260911-01/compiler/bin/../lib/gcc/aarch64-pc-cygwin/15.0.1/../../../../aarch64-pc-cygwin/lib\libmsys-2.0.a(msys_2_0_dll_d000681.o)
                0x00000001004093f0                __imp_getopt_long
 .idata$5       0x00000001004093f8        0x8 C:/ag-readline-e138-01/combined-20260911-01/compiler/bin/../lib/gcc/aarch64-pc-cygwin/15.0.1/../../../../aarch64-pc-cygwin/lib\libmsys-2.0.a(msys_2_0_dll_d000806.o)
                0x00000001004093f8                __imp_isspace
 .idata$5       0x0000000100409400        0x8 C:/ag-readline-e138-01/combined-20260911-01/compiler/bin/../lib/gcc/aarch64-pc-cygwin/15.0.1/../../../../aarch64-pc-cygwin/lib\libmsys-2.0.a(msys_2_0_dll_d000812.o)
                0x0000000100409400                __imp_iswalpha
 .idata$5       0x0000000100409408        0x8 C:/ag-readline-e138-01/combined-20260911-01/compiler/bin/../lib/gcc/aarch64-pc-cygwin/15.0.1/../../../../aarch64-pc-cygwin/lib\libmsys-2.0.a(msys_2_0_dll_d000917.o)
                0x0000000100409408                __imp_malloc
 .idata$5       0x0000000100409410        0x8 C:/ag-readline-e138-01/combined-20260911-01/compiler/bin/../lib/gcc/aarch64-pc-cygwin/15.0.1/../../../../aarch64-pc-cygwin/lib\libmsys-2.0.a(msys_2_0_dll_d000930.o)
                0x0000000100409410                __imp_mbstowcs
 .idata$5       0x0000000100409418        0x8 C:/ag-readline-e138-01/combined-20260911-01/compiler/bin/../lib/gcc/aarch64-pc-cygwin/15.0.1/../../../../aarch64-pc-cygwin/lib\libmsys-2.0.a(msys_2_0_dll_d000936.o)
                0x0000000100409418                __imp_memcpy