Archive member included to satisfy reference by file (symbol)

C:/ag-readline-e138-01/combined-20260911-01/compiler/bin/../lib/gcc/aarch64-pc-cygwin/15.0.1/../../../../aarch64-pc-cygwin/lib\libntdll.a(libntdll_a_s00510.o)
                              C:/Users/crutkasLocal/.copilot/session-state/85c409ca-0b3d-45da-90a0-c624251ff624/files/native-arm64-utils-shipping-03/build/ps-ps.o (NtQuerySystemInformation)
C:/ag-readline-e138-01/combined-20260911-01/compiler/bin/../lib/gcc/aarch64-pc-cygwin/15.0.1/../../../../aarch64-pc-cygwin/lib\libntdll.a(libntdll_a_h.o)
                              C:/ag-readline-e138-01/combined-20260911-01/compiler/bin/../lib/gcc/aarch64-pc-cygwin/15.0.1/../../../../aarch64-pc-cygwin/lib\libntdll.a(libntdll_a_s00510.o) (_head_libntdll_a)
C:/ag-readline-e138-01/combined-20260911-01/compiler/bin/../lib/gcc/aarch64-pc-cygwin/15.0.1/../../../../aarch64-pc-cygwin/lib\libntdll.a(libntdll_a_t.o)
                              C:/ag-readline-e138-01/combined-20260911-01/compiler/bin/../lib/gcc/aarch64-pc-cygwin/15.0.1/../../../../aarch64-pc-cygwin/lib\libntdll.a(libntdll_a_h.o) (__libntdll_a_iname)
C:/ag-readline-e138-01/combined-20260911-01/compiler/bin/../lib/gcc/aarch64-pc-cygwin/15.0.1/../../../../aarch64-pc-cygwin/lib\libmsys-2.0.a(msys_2_0_dll_d000037.o)
                              C:/Users/crutkasLocal/.copilot/session-state/85c409ca-0b3d-45da-90a0-c624251ff624/files/native-arm64-utils-shipping-03/build/ps-ps.o (__getreent)
C:/ag-readline-e138-01/combined-20260911-01/compiler/bin/../lib/gcc/aarch64-pc-cygwin/15.0.1/../../../../aarch64-pc-cygwin/lib\libmsys-2.0.a(msys_2_0_dll_d000048.o)
                              C:/Users/crutkasLocal/.copilot/session-state/85c409ca-0b3d-45da-90a0-c624251ff624/files/native-arm64-utils-shipping-03/build/ps-ps.o (__main)
C:/ag-readline-e138-01/combined-20260911-01/compiler/bin/../lib/gcc/aarch64-pc-cygwin/15.0.1/../../../../aarch64-pc-cygwin/lib\libmsys-2.0.a(msys_2_0_dll_d000236.o)
                              C:/Users/crutkasLocal/.copilot/session-state/85c409ca-0b3d-45da-90a0-c624251ff624/files/native-arm64-utils-shipping-03/build/ps-ps.o (atoi)
C:/ag-readline-e138-01/combined-20260911-01/compiler/bin/../lib/gcc/aarch64-pc-cygwin/15.0.1/../../../../aarch64-pc-cygwin/lib\libmsys-2.0.a(msys_2_0_dll_d000374.o)
                              C:/Users/crutkasLocal/.copilot/session-state/85c409ca-0b3d-45da-90a0-c624251ff624/files/native-arm64-utils-shipping-03/build/ps-ps.o (ctime)
C:/ag-readline-e138-01/combined-20260911-01/compiler/bin/../lib/gcc/aarch64-pc-cygwin/15.0.1/../../../../aarch64-pc-cygwin/lib\libmsys-2.0.a(msys_2_0_dll_d000382.o)
                              C:/Users/crutkasLocal/.copilot/session-state/85c409ca-0b3d-45da-90a0-c624251ff624/files/native-arm64-utils-shipping-03/build/ps-ps.o (cygwin_internal)
C:/ag-readline-e138-01/combined-20260911-01/compiler/bin/../lib/gcc/aarch64-pc-cygwin/15.0.1/../../../../aarch64-pc-cygwin/lib\libmsys-2.0.a(msys_2_0_dll_d000468.o)
                              C:/Users/crutkasLocal/.copilot/session-state/85c409ca-0b3d-45da-90a0-c624251ff624/files/native-arm64-utils-shipping-03/build/ps-ps.o (exit)
C:/ag-readline-e138-01/combined-20260911-01/compiler/bin/../lib/gcc/aarch64-pc-cygwin/15.0.1/../../../../aarch64-pc-cygwin/lib\libmsys-2.0.a(msys_2_0_dll_d000574.o)
                              C:/Users/crutkasLocal/.copilot/session-state/85c409ca-0b3d-45da-90a0-c624251ff624/files/native-arm64-utils-shipping-03/build/ps-ps.o (fprintf)
C:/ag-readline-e138-01/combined-20260911-01/compiler/bin/../lib/gcc/aarch64-pc-cygwin/15.0.1/../../../../aarch64-pc-cygwin/lib\libmsys-2.0.a(msys_2_0_dll_d000586.o)
                              C:/Users/crutkasLocal/.copilot/session-state/85c409ca-0b3d-45da-90a0-c624251ff624/files/native-arm64-utils-shipping-03/build/ps-ps.o (free)
C:/ag-readline-e138-01/combined-20260911-01/compiler/bin/../lib/gcc/aarch64-pc-cygwin/15.0.1/../../../../aarch64-pc-cygwin/lib\libmsys-2.0.a(msys_2_0_dll_d000654.o)
                              C:/Users/crutkasLocal/.copilot/session-state/85c409ca-0b3d-45da-90a0-c624251ff624/files/native-arm64-utils-shipping-03/build/ps-ps.o (getenv)
C:/ag-readline-e138-01/combined-20260911-01/compiler/bin/../lib/gcc/aarch64-pc-cygwin/15.0.1/../../../../aarch64-pc-cygwin/lib\libmsys-2.0.a(msys_2_0_dll_d000681.o)
                              C:/Users/crutkasLocal/.copilot/session-state/85c409ca-0b3d-45da-90a0-c624251ff624/files/native-arm64-utils-shipping-03/build/ps-ps.o (getopt_long)
C:/ag-readline-e138-01/combined-20260911-01/compiler/bin/../lib/gcc/aarch64-pc-cygwin/15.0.1/../../../../aarch64-pc-cygwin/lib\libmsys-2.0.a(msys_2_0_dll_d000698.o)
                              C:/Users/crutkasLocal/.copilot/session-state/85c409ca-0b3d-45da-90a0-c624251ff624/files/native-arm64-utils-shipping-03/build/ps-ps.o (getpwnam)
[...]
Memory Configuration

Name             Origin             Length             Attributes
*default*        0x0000000000000000 0xffffffffffffffff

Linker script and memory map

                0x0000000100400000                __image_base__ = 0x100400000
                0x0000000000000000                __dll__ = 0x0
                0x0000000100400000                __ImageBase = 0x100400000
                0x0000000000001000                __section_alignment__ = 0x1000
                0x0000000000000200                __file_alignment__ = 0x200
                0x0000000000000004                __major_os_version__ = 0x4
                0x0000000000000000                __minor_os_version__ = 0x0
                0x0000000000000000                __major_image_version__ = 0x0
                0x0000000000000000                __minor_image_version__ = 0x0
                0x0000000000000005                __major_subsystem_version__ = 0x5
                0x0000000000000002                __minor_subsystem_version__ = 0x2
                0x0000000000000003                __subsystem__ = 0x3
                0x0000000000200000                __size_of_stack_reserve__ = 0x200000
                0x0000000000001000                __size_of_stack_commit__ = 0x1000
                0x0000000000100000                __size_of_heap_reserve__ = 0x100000
                0x0000000000001000                __size_of_heap_commit__ = 0x1000
                0x0000000000000000                __loader_flags__ = 0x0
                0x0000000000008160                __dll_characteristics__ = 0x8160
LOAD C:/ag-readline-e138-01/combined-20260911-01/compiler/bin/../lib/gcc/aarch64-pc-cygwin/15.0.1/../../../../aarch64-pc-cygwin/lib/crt0.o
LOAD C:/ag-readline-e138-01/combined-20260911-01/compiler/bin/../lib/gcc/aarch64-pc-cygwin/15.0.1/crtbegin.o
LOAD C:/Users/crutkasLocal/.copilot/session-state/85c409ca-0b3d-45da-90a0-c624251ff624/files/native-arm64-utils-shipping-03/build/ps-ps.o
LOAD C:/ag-readline-e138-01/combined-20260911-01/compiler/bin/../lib/gcc/aarch64-pc-cygwin/15.0.1/../../../../aarch64-pc-cygwin/lib\libnetapi32.a
LOAD C:/Users/crutkasLocal/.copilot/session-state/85c409ca-0b3d-45da-90a0-c624251ff624/files/native-arm64-utils-shipping-03/link-lib\libpsapi.a
LOAD C:/ag-readline-e138-01/combined-20260911-01/compiler/bin/../lib/gcc/aarch64-pc-cygwin/15.0.1/../../../../aarch64-pc-cygwin/lib\libntdll.a
LOAD C:/ag-readline-e138-01/combined-20260911-01/compiler/bin/../lib/gcc/aarch64-pc-cygwin/15.0.1/../../../../aarch64-pc-cygwin/lib\libstdc++.a
LOAD C:/ag-readline-e138-01/combined-20260911-01/compiler/bin/../lib/gcc/aarch64-pc-cygwin/15.0.1/../../../../aarch64-pc-cygwin/lib\libm.a
LOAD C:/ag-readline-e138-01/combined-20260911-01/compiler/bin/../lib/gcc/aarch64-pc-cygwin/15.0.1\libgcc.a
LOAD C:/ag-readline-e138-01/combined-20260911-01/compiler/bin/../lib/gcc/aarch64-pc-cygwin/15.0.1/../../../../aarch64-pc-cygwin/lib\libmsys-2.0.a
LOAD C:/ag-readline-e138-01/combined-20260911-01/compiler/bin/../lib/gcc/aarch64-pc-cygwin/15.0.1/../../../../aarch64-pc-cygwin/lib\libadvapi32.a
LOAD C:/ag-readline-e138-01/combined-20260911-01/compiler/bin/../lib/gcc/aarch64-pc-cygwin/15.0.1/../../../../aarch64-pc-cygwin/lib\libshell32.a
LOAD C:/ag-readline-e138-01/combined-20260911-01/compiler/bin/../lib/gcc/aarch64-pc-cygwin/15.0.1/../../../../aarch64-pc-cygwin/lib\libuser32.a
LOAD C:/ag-readline-e138-01/combined-20260911-01/compiler/bin/../lib/gcc/aarch64-pc-cygwin/15.0.1/../../../../aarch64-pc-cygwin/lib\libkernel32.a
LOAD C:/ag-readline-e138-01/combined-20260911-01/compiler/bin/../lib/gcc/aarch64-pc-cygwin/15.0.1\libgcc.a
LOAD C:/ag-readline-e138-01/combined-20260911-01/compiler/bin/../lib/gcc/aarch64-pc-cygwin/15.0.1/crtend.o
                0x0000000000000408                . = SIZEOF_HEADERS
                0x0000000000001000                . = ALIGN (__section_alignment__)

.text           0x0000000100401000     0x1400
 *(SORT_NONE(.init))
 *(.text)
 .text          0x0000000100401000       0x60 C:/ag-readline-e138-01/combined-20260911-01/compiler/bin/../lib/gcc/aarch64-pc-cygwin/15.0.1/../../../../aarch64-pc-cygwin/lib/crt0.o
                0x0000000100401000                mainCRTStartup
                0x0000000100401000                WinMainCRTStartup
 .text          0x0000000100401060       0x20 C:/ag-readline-e138-01/combined-20260911-01/compiler/bin/../lib/gcc/aarch64-pc-cygwin/15.0.1/crtbegin.o
                0x0000000100401064                __gcc_register_frame
                0x0000000100401068                __gcc_deregister_frame
 .text          0x0000000100401080      0x1e0 C:/Users/crutkasLocal/.copilot/session-state/85c409ca-0b3d-45da-90a0-c624251ff624/files/native-arm64-utils-shipping-03/build/ps-ps.o
                0x00000001004011c4                _Z9to_time_tP9_FILETIME
                0x0000000100401230                _Z8ps_printPKci
 .text          0x0000000100401260       0x10 C:/ag-readline-e138-01/combined-20260911-01/compiler/bin/../lib/gcc/aarch64-pc-cygwin/15.0.1/../../../../aarch64-pc-cygwin/lib\libntdll.a(libntdll_a_s00510.o)
                0x0000000100401260                NtQuerySystemInformation
 .text          0x0000000100401270        0x0 C:/ag-readline-e138-01/combined-20260911-01/compiler/bin/../lib/gcc/aarch64-pc-cygwin/15.0.1/../../../../aarch64-pc-cygwin/lib\libntdll.a(libntdll_a_h.o)
 .text          0x0000000100401270        0x0 C:/ag-readline-e138-01/combined-20260911-01/compiler/bin/../lib/gcc/aarch64-pc-cygwin/15.0.1/../../../../aarch64-pc-cygwin/lib\libntdll.a(libntdll_a_t.o)
 .text          0x0000000100401270        0x0 C:/ag-readline-e138-01/combined-20260911-01/compiler/bin/../lib/gcc/aarch64-pc-cygwin/15.0.1/../../../../aarch64-pc-cygwin/lib\libmsys-2.0.a(msys_2_0_dll_d001017.o)
 .text          0x0000000100401270        0x0 C:/ag-readline-e138-01/combined-20260911-01/compiler/bin/../lib/gcc/aarch64-pc-cygwin/15.0.1/../../../../aarch64-pc-cygwin/lib\libmsys-2.0.a(msys_2_0_dll_d001072.o)
 .text          0x0000000100401270        0xc C:/ag-readline-e138-01/combined-20260911-01/compiler/bin/../lib/gcc/aarch64-pc-cygwin/15.0.1/../../../../aarch64-pc-cygwin/lib\libmsys-2.0.a(t-msys_2_0_dll_d000037.o)
                0x0000000100401270                __getreent
 .text          0x000000010040127c        0xc C:/ag-readline-e138-01/combined-20260911-01/compiler/bin/../lib/gcc/aarch64-pc-cygwin/15.0.1/../../../../aarch64-pc-cygwin/lib\libmsys-2.0.a(t-msys_2_0_dll_d000048.o)
                0x000000010040127c                __main
 .text          0x0000000100401288        0xc C:/ag-readline-e138-01/combined-20260911-01/compiler/bin/../lib/gcc/aarch64-pc-cygwin/15.0.1/../../../../aarch64-pc-cygwin/lib\libmsys-2.0.a(t-msys_2_0_dll_d000236.o)
                0x0000000100401288                atoi
 .text          0x0000000100401294        0xc C:/ag-readline-e138-01/combined-20260911-01/compiler/bin/../lib/gcc/aarch64-pc-cygwin/15.0.1/../../../../aarch64-pc-cygwin/lib\libmsys-2.0.a(t-msys_2_0_dll_d000374.o)
                0x0000000100401294                ctime
 .text          0x00000001004012a0        0xc C:/ag-readline-e138-01/combined-20260911-01/compiler/bin/../lib/gcc/aarch64-pc-cygwin/15.0.1/../../../../aarch64-pc-cygwin/lib\libmsys-2.0.a(t-msys_2_0_dll_d000382.o)
                0x00000001004012a0                cygwin_internal
 .text          0x00000001004012ac        0xc C:/ag-readline-e138-01/combined-20260911-01/compiler/bin/../lib/gcc/aarch64-pc-cygwin/15.0.1/../../../../aarch64-pc-cygwin/lib\libmsys-2.0.a(t-msys_2_0_dll_d000468.o)
                0x00000001004012ac                exit
 .text          0x00000001004012b8        0xc C:/ag-readline-e138-01/combined-20260911-01/compiler/bin/../lib/gcc/aarch64-pc-cygwin/15.0.1/../../../../aarch64-pc-cygwin/lib\libmsys-2.0.a(t-msys_2_0_dll_d000574.o)
                0x00000001004012b8                fprintf
 .text          0x00000001004012c4        0xc C:/ag-readline-e138-01/combined-20260911-01/compiler/bin/../lib/gcc/aarch64-pc-cygwin/15.0.1/../../../../aarch64-pc-cygwin/lib\libmsys-2.0.a(t-msys_2_0_dll_d000586.o)
                0x00000001004012c4                free
 .text          0x00000001004012d0        0xc C:/ag-readline-e138-01/combined-20260911-01/compiler/bin/../lib/gcc/aarch64-pc-cygwin/15.0.1/../../../../aarch64-pc-cygwin/lib\libmsys-2.0.a(t-msys_2_0_dll_d000654.o)
                0x00000001004012d0                getenv
 .text          0x00000001004012dc        0xc C:/ag-readline-e138-01/combined-20260911-01/compiler/bin/../lib/gcc/aarch64-pc-cygwin/15.0.1/../../../../aarch64-pc-cygwin/lib\libmsys-2.0.a(t-msys_2_0_dll_d000681.o)
                0x00000001004012dc                getopt_long
 .text          0x00000001004012e8        0xc C:/ag-readline-e138-01/combined-20260911-01/compiler/bin/../lib/gcc/aarch64-pc-cygwin/15.0.1/../../../../aarch64-pc-cygwin/lib\libmsys-2.0.a(t-msys_2_0_dll_d000698.o)
                0x00000001004012e8                getpwnam
 .text          0x00000001004012f4        0xc C:/ag-readline-e138-01/combined-20260911-01/compiler/bin/../lib/gcc/aarch64-pc-cygwin/15.0.1/../../../../aarch64-pc-cygwin/lib\libmsys-2.0.a(t-msys_2_0_dll_d000700.o)
                0x00000001004012f4                getpwuid
 .text          0x0000000100401300        0xc C:/ag-readline-e138-01/combined-20260911-01/compiler/bin/../lib/gcc/aarch64-pc-cygwin/15.0.1/../../../../aarch64-pc-cygwin/lib\libmsys-2.0.a(t-msys_2_0_dll_d000714.o)
                0x0000000100401300                getuid
 .text          0x000000010040130c        0xc C:/ag-readline-e138-01/combined-20260911-01/compiler/bin/../lib/gcc/aarch64-pc-cygwin/15.0.1/../../../../aarch64-pc-cygwin/lib\libmsys-2.0.a(t-msys_2_0_dll_d000774.o)
                0x000000010040130c                ioctl
 .text          0x0000000100401318        0xc C:/ag-readline-e138-01/combined-20260911-01/compiler/bin/../lib/gcc/aarch64-pc-cygwin/15.0.1/../../../../aarch64-pc-cygwin/lib\libmsys-2.0.a(t-msys_2_0_dll_d000784.o)
                0x0000000100401318                isatty
 .text          0x0000000100401324        0xc C:/ag-readline-e138-01/combined-20260911-01/compiler/bin/../lib/gcc/aarch64-pc-cygwin/15.0.1/../../../../aarch64-pc-cygwin/lib\libmsys-2.0.a(t-msys_2_0_dll_d001070.o)
                0x0000000100401324                printf
 .text          0x0000000100401330        0xc C:/ag-readline-e138-01/combined-20260911-01/compiler/bin/../lib/gcc/aarch64-pc-cygwin/15.0.1/../../../../aarch64-pc-cygwin/lib\libmsys-2.0.a(t-msys_2_0_dll_d001338.o)
                0x0000000100401330                setlocale
 .text          0x000000010040133c        0xc C:/ag-readline-e138-01/combined-20260911-01/compiler/bin/../lib/gcc/aarch64-pc-cygwin/15.0.1/../../../../aarch64-pc-cygwin/lib\libmsys-2.0.a(t-msys_2_0_dll_d001408.o)
                0x000000010040133c                snprintf
 .text          0x0000000100401348        0xc C:/ag-readline-e138-01/combined-20260911-01/compiler/bin/../lib/gcc/aarch64-pc-cygwin/15.0.1/../../../../aarch64-pc-cygwin/lib\libmsys-2.0.a(t-msys_2_0_dll_d001420.o)
                0x0000000100401348                sprintf
 .text          0x0000000100401354        0xc C:/ag-readline-e138-01/combined-20260911-01/compiler/bin/../lib/gcc/aarch64-pc-cygwin/15.0.1/../../../../aarch64-pc-cygwin/lib\libmsys-2.0.a(t-msys_2_0_dll_d001435.o)
                0x0000000100401354                strcasecmp
 .text          0x0000000100401360        0xc C:/ag-readline-e138-01/combined-20260911-01/compiler/bin/../lib/gcc/aarch64-pc-cygwin/15.0.1/../../../../aarch64-pc-cygwin/lib\libmsys-2.0.a(t-msys_2_0_dll_d001444.o)
                0x0000000100401360                strcpy
 .text          0x000000010040136c        0xc C:/ag-readline-e138-01/combined-20260911-01/compiler/bin/../lib/gcc/aarch64-pc-cygwin/15.0.1/../../../../aarch64-pc-cygwin/lib\libmsys-2.0.a(t-msys_2_0_dll_d001456.o)
                0x000000010040136c                strlen
 .text          0x0000000100401378        0xc C:/ag-readline-e138-01/combined-20260911-01/compiler/bin/../lib/gcc/aarch64-pc-cygwin/15.0.1/../../../../aarch64-pc-cygwin/lib\libmsys-2.0.a(t-msys_2_0_dll_d001460.o)
                0x0000000100401378                strncat
 .text          0x0000000100401384        0xc C:/ag-readline-e138-01/combined-20260911-01/compiler/bin/../lib/gcc/aarch64-pc-cygwin/15.0.1/../../../../aarch64-pc-cygwin/lib\libmsys-2.0.a(t-msys_2_0_dll_d001462.o)
                0x0000000100401384                strncpy
 .text          0x0000000100401390        0xc C:/ag-readline-e138-01/combined-20260911-01/compiler/bin/../lib/gcc/aarch64-pc-cygwin/15.0.1/../../../../aarch64-pc-cygwin/lib\libmsys-2.0.a(t-msys_2_0_dll_d001488.o)
                0x0000000100401390                strtoul
 .text          0x000000010040139c        0xc C:/ag-readline-e138-01/combined-20260911-01/compiler/bin/../lib/gcc/aarch64-pc-cygwin/15.0.1/../../../../aarch64-pc-cygwin/lib\libmsys-2.0.a(t-msys_2_0_dll_d001545.o)
                0x000000010040139c                time
 .text          0x00000001004013a8        0xc C:/ag-readline-e138-01/combined-20260911-01/compiler/bin/../lib/gcc/aarch64-pc-cygwin/15.0.1/../../../../aarch64-pc-cygwin/lib\libmsys-2.0.a(t-msys_2_0_dll_d001683.o)
                0x00000001004013a8                wcstombs
 *fill*         0x00000001004013b4        0xc 
 .text          0x00000001004013c0       0x40 C:/ag-readline-e138-01/combined-20260911-01/compiler/bin/../lib/gcc/aarch64-pc-cygwin/15.0.1/../../../../aarch64-pc-cygwin/lib\libmsys-2.0.a(cygwin_crt0.o)
                0x00000001004013c0                msys_crt0
 .text          0x0000000100401400       0x20 C:/ag-readline-e138-01/combined-20260911-01/compiler/bin/../lib/gcc/aarch64-pc-cygwin/15.0.1/../../../../aarch64-pc-cygwin/lib\libmsys-2.0.a(premain0.o)
                0x0000000100401400                cygwin_premain0
 .text          0x0000000100401420       0x20 C:/ag-readline-e138-01/combined-20260911-01/compiler/bin/../lib/gcc/aarch64-pc-cygwin/15.0.1/../../../../aarch64-pc-cygwin/lib\libmsys-2.0.a(premain1.o)
                0x0000000100401420                cygwin_premain1
 .text          0x0000000100401440       0x20 C:/ag-readline-e138-01/combined-20260911-01/compiler/bin/../lib/gcc/aarch64-pc-cygwin/15.0.1/../../../../aarch64-pc-cygwin/lib\libmsys-2.0.a(premain2.o)
                0x0000000100401440                cygwin_premain2
 .text          0x0000000100401460       0x20 C:/ag-readline-e138-01/combined-20260911-01/compiler/bin/../lib/gcc/aarch64-pc-cygwin/15.0.1/../../../../aarch64-pc-cygwin/lib\libmsys-2.0.a(premain3.o)
                0x0000000100401460                cygwin_premain3
 .text          0x0000000100401480       0x20 C:/ag-readline-e138-01/combined-20260911-01/compiler/bin/../lib/gcc/aarch64-pc-cygwin/15.0.1/../../../../aarch64-pc-cygwin/lib\libmsys-2.0.a(pseudo-reloc-dummy.o)
                0x0000000100401480                _pei386_runtime_relocator
 .text          0x00000001004014a0      0x2e0 C:/ag-readline-e138-01/combined-20260911-01/compiler/bin/../lib/gcc/aarch64-pc-cygwin/15.0.1/../../../../aarch64-pc-cygwin/lib\libmsys-2.0.a(_cygwin_crt0_common.o)
                0x00000001004014a0                _msys_crt0_common
 .text          0x0000000100401780      0x100 C:/ag-readline-e138-01/combined-20260911-01/compiler/bin/../lib/gcc/aarch64-pc-cygwin/15.0.1/../../../../aarch64-pc-cygwin/lib\libmsys-2.0.a(dll_entry.o)
                0x000000010040179c                _msys_dll_entry
 .text          0x0000000100401880       0x20 C:/ag-readline-e138-01/combined-20260911-01/compiler/bin/../lib/gcc/aarch64-pc-cygwin/15.0.1/../../../../aarch64-pc-cygwin/lib\libmsys-2.0.a(dll_main.o)
                0x0000000100401880                DllMain
 .text          0x00000001004018a0        0x0 C:/ag-readline-e138-01/combined-20260911-01/compiler/bin/../lib/gcc/aarch64-pc-cygwin/15.0.1/../../../../aarch64-pc-cygwin/lib\libmsys-2.0.a(msys_2_0_dll_d000115.o)
 .text          0x00000001004018a0        0xc C:/ag-readline-e138-01/combined-20260911-01/compiler/bin/../lib/gcc/aarch64-pc-cygwin/15.0.1/../../../../aarch64-pc-cygwin/lib\libmsys-2.0.a(t-msys_2_0_dll_d000260.o)
                0x00000001004018a0                calloc
 .text          0x00000001004018ac        0xc C:/ag-readline-e138-01/combined-20260911-01/compiler/bin/../lib/gcc/aarch64-pc-cygwin/15.0.1/../../../../aarch64-pc-cygwin/lib\libmsys-2.0.a(t-msys_2_0_dll_d000917.o)
                0x00000001004018ac                malloc
 .text          0x00000001004018b8        0xc C:/ag-readline-e138-01/combined-20260911-01/compiler/bin/../lib/gcc/aarch64-pc-cygwin/15.0.1/../../../../aarch64-pc-cygwin/lib\libmsys-2.0.a(t-msys_2_0_dll_d000978.o)
                0x00000001004018b8                msys_detach_dll
 .text          0x00000001004018c4        0xc C:/ag-readline-e138-01/combined-20260911-01/compiler/bin/../lib/gcc/aarch64-pc-cygwin/15.0.1/../../../../aarch64-pc-cygwin/lib\libmsys-2.0.a(t-msys_2_0_dll_d001035.o)
                0x00000001004018c4                posix_memalign
 .text          0x00000001004018d0        0xc C:/ag-readline-e138-01/combined-20260911-01/compiler/bin/../lib/gcc/aarch64-pc-cygwin/15.0.1/../../../../aarch64-pc-cygwin/lib\libmsys-2.0.a(t-msys_2_0_dll_d001224.o)
                0x00000001004018d0                realloc
 *fill*         0x00000001004018dc        0x4 
 .text          0x00000001004018e0       0x40 C:/ag-readline-e138-01/combined-20260911-01/compiler/bin/../lib/gcc/aarch64-pc-cygwin/15.0.1/../../../../aarch64-pc-cygwin/lib\libmsys-2.0.a(cygwin_attach_dll.o)
                0x00000001004018e0                msys_attach_dll
 .text          0x0000000100401920        0xc C:/ag-readline-e138-01/combined-20260911-01/compiler/bin/../lib/gcc/aarch64-pc-cygwin/15.0.1/../../../../aarch64-pc-cygwin/lib\libmsys-2.0.a(t-msys_2_0_dll_d000410.o)
                0x0000000100401920                dll_dllcrt0
 .text          0x000000010040192c       0x10 C:/ag-readline-e138-01/combined-20260911-01/compiler/bin/../lib/gcc/aarch64-pc-cygwin/15.0.1/../../../../aarch64-pc-cygwin/lib\libadvapi32.a(libadvapi32_a_s00544.o)
                0x000000010040192c                OpenProcessToken
 .text          0x000000010040193c       0x10 C:/ag-readline-e138-01/combined-20260911-01/compiler/bin/../lib/gcc/aarch64-pc-cygwin/15.0.1/../../../../aarch64-pc-cygwin/lib\libadvapi32.a(libadvapi32_a_s00430.o)
                0x000000010040193c                LookupPrivilegeValueA
 .text          0x000000010040194c       0x10 C:/ag-readline-e138-01/combined-20260911-01/compiler/bin/../lib/gcc/aarch64-pc-cygwin/15.0.1/../../../../aarch64-pc-cygwin/lib\libadvapi32.a(libadvapi32_a_s00031.o)
                0x000000010040194c                AdjustTokenPrivileges
 .text          0x000000010040195c        0x0 C:/ag-readline-e138-01/combined-20260911-01/compiler/bin/../lib/gcc/aarch64-pc-cygwin/15.0.1/../../../../aarch64-pc-cygwin/lib\libadvapi32.a(libadvapi32_a_h.o)
 .text          0x000000010040195c        0x0 C:/ag-readline-e138-01/combined-20260911-01/compiler/bin/../lib/gcc/aarch64-pc-cygwin/15.0.1/../../../../aarch64-pc-cygwin/lib\libadvapi32.a(libadvapi32_a_t.o)
 .text          0x000000010040195c       0x10 C:/ag-readline-e138-01/combined-20260911-01/compiler/bin/../lib/gcc/aarch64-pc-cygwin/15.0.1/../../../../aarch64-pc-cygwin/lib\libkernel32.a(libkernel32_a_s01082.o)
                0x000000010040195c                OpenProcess
 .text          0x000000010040196c       0x10 C:/ag-readline-e138-01/combined-20260911-01/compiler/bin/../lib/gcc/aarch64-pc-cygwin/15.0.1/../../../../aarch64-pc-cygwin/lib\libkernel32.a(libkernel32_a_s00733.o)
                0x000000010040196c                GetProcessTimes
 .text          0x000000010040197c       0x10 C:/ag-readline-e138-01/combined-20260911-01/compiler/bin/../lib/gcc/aarch64-pc-cygwin/15.0.1/../../../../aarch64-pc-cygwin/lib\libkernel32.a(libkernel32_a_s00657.o)
                0x000000010040197c                GetModuleHandleA
 .text          0x000000010040198c       0x10 C:/ag-readline-e138-01/combined-20260911-01/compiler/bin/../lib/gcc/aarch64-pc-cygwin/15.0.1/../../../../aarch64-pc-cygwin/lib\libkernel32.a(libkernel32_a_s00557.o)
                0x000000010040198c                GetCurrentProcess
 .text          0x000000010040199c       0x10 C:/ag-readline-e138-01/combined-20260911-01/compiler/bin/../lib/gcc/aarch64-pc-cygwin/15.0.1/../../../../aarch64-pc-cygwin/lib\libkernel32.a(libkernel32_a_s00148.o)
                0x000000010040199c                CloseHandle
 .text          0x00000001004019ac        0x0 C:/ag-readline-e138-01/combined-20260911-01/compiler/bin/../lib/gcc/aarch64-pc-cygwin/15.0.1/../../../../aarch64-pc-cygwin/lib\libkernel32.a(libkernel32_a_h.o)
 .text          0x00000001004019ac        0x0 C:/ag-readline-e138-01/combined-20260911-01/compiler/bin/../lib/gcc/aarch64-pc-cygwin/15.0.1/../../../../aarch64-pc-cygwin/lib\libkernel32.a(libkernel32_a_t.o)
 .text          0x00000001004019ac        0x0 C:/ag-readline-e138-01/combined-20260911-01/compiler/bin/../lib/gcc/aarch64-pc-cygwin/15.0.1\libgcc.a(_ctors.o)
 *fill*         0x00000001004019ac       0x14 
 .text          0x00000001004019c0       0x20 C:/ag-readline-e138-01/combined-20260911-01/compiler/bin/../lib/gcc/aarch64-pc-cygwin/15.0.1/crtend.o
 *(SORT_BY_NAME(.text$*))
 *(.text.*)
 .text.startup  0x00000001004019e0      0x9c0 C:/Users/crutkasLocal/.copilot/session-state/85c409ca-0b3d-45da-90a0-c624251ff624/files/native-arm64-utils-shipping-03/build/ps-ps.o
                0x00000001004019e0                main
 *(.gnu.linkonce.t.*)
 *(.glue_7t)
 *(.glue_7)
                0x00000001004023a0                . = ALIGN (0x8)
 *(SORT_NONE(.fini))
 *(.gcc_exc)
                [!provide]                        PROVIDE (etext = .)
 *(.gcc_except_table)

.data           0x0000000100403000    0x18200
                0x0000000100403000                __data_start__ = .
 *(.data)
 .data          0x0000000100403000        0x0 C:/ag-readline-e138-01/combined-20260911-01/compiler/bin/../lib/gcc/aarch64-pc-cygwin/15.0.1/../../../../aarch64-pc-cygwin/lib/crt0.o
 .data          0x0000000100403000        0x8 C:/ag-readline-e138-01/combined-20260911-01/compiler/bin/../lib/gcc/aarch64-pc-cygwin/15.0.1/crtbegin.o
                0x0000000100403000                __dso_handle
 *fill*         0x0000000100403008        0x8 
 .data          0x0000000100403010    0x18180 C:/Users/crutkasLocal/.copilot/session-state/85c409ca-0b3d-45da-90a0-c624251ff624/files/native-arm64-utils-shipping-03/build/ps-ps.o
                0x0000000100403180                output_buffer
                0x0000000100413180                pname
 .data          0x000000010041b190        0x0 C:/ag-readline-e138-01/combined-20260911-01/compiler/bin/../lib/gcc/aarch64-pc-cygwin/15.0.1/../../../../aarch64-pc-cygwin/lib\libntdll.a(libntdll_a_s00510.o)
 .data          0x000000010041b190        0x0 C:/ag-readline-e138-01/combined-20260911-01/compiler/bin/../lib/gcc/aarch64-pc-cygwin/15.0.1/../../../../aarch64-pc-cygwin/lib\libntdll.a(libntdll_a_h.o)
 .data          0x000000010041b190        0x0 C:/ag-readline-e138-01/combined-20260911-01/compiler/bin/../lib/gcc/aarch64-pc-cygwin/15.0.1/../../../../aarch64-pc-cygwin/lib\libntdll.a(libntdll_a_t.o)
 .data          0x000000010041b190        0x0 C:/ag-readline-e138-01/combined-20260911-01/compiler/bin/../lib/gcc/aarch64-pc-cygwin/15.0.1/../../../../aarch64-pc-cygwin/lib\libmsys-2.0.a(cygwin_crt0.o)
 .data          0x000000010041b190        0x0 C:/ag-readline-e138-01/combined-20260911-01/compiler/bin/../lib/gcc/aarch64-pc-cygwin/15.0.1/../../../../aarch64-pc-cygwin/lib\libmsys-2.0.a(premain0.o)
 .data          0x000000010041b190        0x0 C:/ag-readline-e138-01/combined-20260911-01/compiler/bin/../lib/gcc/aarch64-pc-cygwin/15.0.1/../../../../aarch64-pc-cygwin/lib\libmsys-2.0.a(premain1.o)
 .data          0x000000010041b190        0x0 C:/ag-readline-e138-01/combined-20260911-01/compiler/bin/../lib/gcc/aarch64-pc-cygwin/15.0.1/../../../../aarch64-pc-cygwin/lib\libmsys-2.0.a(premain2.o)
 .data          0x000000010041b190        0x0 C:/ag-readline-e138-01/combined-20260911-01/compiler/bin/../lib/gcc/aarch64-pc-cygwin/15.0.1/../../../../aarch64-pc-cygwin/lib\libmsys-2.0.a(premain3.o)
 .data          0x000000010041b190        0x0 C:/ag-readline-e138-01/combined-20260911-01/compiler/bin/../lib/gcc/aarch64-pc-cygwin/15.0.1/../../../../aarch64-pc-cygwin/lib\libmsys-2.0.a(pseudo-reloc-dummy.o)
 .data          0x000000010041b190       0x48 C:/ag-readline-e138-01/combined-20260911-01/compiler/bin/../lib/gcc/aarch64-pc-cygwin/15.0.1/../../../../aarch64-pc-cygwin/lib\libmsys-2.0.a(_cygwin_crt0_common.o)
                0x000000010041b190                _fmode
                0x000000010041b198                __cygwin_cxx_malloc
 .data          0x000000010041b1d8        0x4 C:/ag-readline-e138-01/combined-20260911-01/compiler/bin/../lib/gcc/aarch64-pc-cygwin/15.0.1/../../../../aarch64-pc-cygwin/lib\libmsys-2.0.a(dll_entry.o)
                0x000000010041b1d8                __dynamically_loaded
 .data          0x000000010041b1dc        0x0 C:/ag-readline-e138-01/combined-20260911-01/compiler/bin/../lib/gcc/aarch64-pc-cygwin/15.0.1/../../../../aarch64-pc-cygwin/lib\libmsys-2.0.a(dll_main.o)
 .data          0x000000010041b1dc        0x0 C:/ag-readline-e138-01/combined-20260911-01/compiler/bin/../lib/gcc/aarch64-pc-cygwin/15.0.1/../../../../aarch64-pc-cygwin/lib\libmsys-2.0.a(cygwin_attach_dll.o)
 .data          0x000000010041b1dc        0x0 C:/ag-readline-e138-01/combined-20260911-01/compiler/bin/../lib/gcc/aarch64-pc-cygwin/15.0.1/../../../../aarch64-pc-cygwin/lib\libadvapi32.a(libadvapi32_a_s00544.o)
 .data          0x000000010041b1dc        0x0 C:/ag-readline-e138-01/combined-20260911-01/compiler/bin/../lib/gcc/aarch64-pc-cygwin/15.0.1/../../../../aarch64-pc-cygwin/lib\libadvapi32.a(libadvapi32_a_s00430.o)
 .data          0x000000010041b1dc        0x0 C:/ag-readline-e138-01/combined-20260911-01/compiler/bin/../lib/gcc/aarch64-pc-cygwin/15.0.1/../../../../aarch64-pc-cygwin/lib\libadvapi32.a(libadvapi32_a_s00031.o)
 .data          0x000000010041b1dc        0x0 C:/ag-readline-e138-01/combined-20260911-01/compiler/bin/../lib/gcc/aarch64-pc-cygwin/15.0.1/../../../../aarch64-pc-cygwin/lib\libadvapi32.a(libadvapi32_a_h.o)
 .data          0x000000010041b1dc        0x0 C:/ag-readline-e138-01/combined-20260911-01/compiler/bin/../lib/gcc/aarch64-pc-cygwin/15.0.1/../../../../aarch64-pc-cygwin/lib\libadvapi32.a(libadvapi32_a_t.o)
 .data          0x000000010041b1dc        0x0 C:/ag-readline-e138-01/combined-20260911-01/compiler/bin/../lib/gcc/aarch64-pc-cygwin/15.0.1/../../../../aarch64-pc-cygwin/lib\libkernel32.a(libkernel32_a_s01082.o)
 .data          0x000000010041b1dc        0x0 C:/ag-readline-e138-01/combined-20260911-01/compiler/bin/../lib/gcc/aarch64-pc-cygwin/15.0.1/../../../../aarch64-pc-cygwin/lib\libkernel32.a(libkernel32_a_s00733.o)
 .data          0x000000010041b1dc        0x0 C:/ag-readline-e138-01/combined-20260911-01/compiler/bin/../lib/gcc/aarch64-pc-cygwin/15.0.1/../../../../aarch64-pc-cygwin/lib\libkernel32.a(libkernel32_a_s00657.o)
 .data          0x000000010041b1dc        0x0 C:/ag-readline-e138-01/combined-20260911-01/compiler/bin/../lib/gcc/aarch64-pc-cygwin/15.0.1/../../../../aarch64-pc-cygwin/lib\libkernel32.a(libkernel32_a_s00557.o)
 .data          0x000000010041b1dc        0x0 C:/ag-readline-e138-01/combined-20260911-01/compiler/bin/../lib/gcc/aarch64-pc-cygwin/15.0.1/../../../../aarch64-pc-cygwin/lib\libkernel32.a(libkernel32_a_s00148.o)
 .data          0x000000010041b1dc        0x0 C:/ag-readline-e138-01/combined-20260911-01/compiler/bin/../lib/gcc/aarch64-pc-cygwin/15.0.1/../../../../aarch64-pc-cygwin/lib\libkernel32.a(libkernel32_a_h.o)
 .data          0x000000010041b1dc        0x0 C:/ag-readline-e138-01/combined-20260911-01/compiler/bin/../lib/gcc/aarch64-pc-cygwin/15.0.1/../../../../aarch64-pc-cygwin/lib\libkernel32.a(libkernel32_a_t.o)
 *fill*         0x000000010041b1dc        0x4 
 .data          0x000000010041b1e0       0x20 C:/ag-readline-e138-01/combined-20260911-01/compiler/bin/../lib/gcc/aarch64-pc-cygwin/15.0.1\libgcc.a(_ctors.o)
 .data          0x000000010041b200        0x0 C:/ag-readline-e138-01/combined-20260911-01/compiler/bin/../lib/gcc/aarch64-pc-cygwin/15.0.1/crtend.o
 *(.data2)
 *(SORT_BY_NAME(.data$*))
 *(.jcr)
                0x000000010041b200                __data_end__ = .
 *(.data_cygwin_nocopy)

.rdata          0x000000010041c000      0x800
 *(.rdata)
 .rdata         0x000000010041c000      0x5d0 C:/Users/crutkasLocal/.copilot/session-state/85c409ca-0b3d-45da-90a0-c624251ff624/files/native-arm64-utils-shipping-03/build/ps-ps.o
 .rdata         0x000000010041c5d0       0x10 C:/ag-readline-e138-01/combined-20260911-01/compiler/bin/../lib/gcc/aarch64-pc-cygwin/15.0.1/../../../../aarch64-pc-cygwin/lib\libmsys-2.0.a(_cygwin_crt0_common.o)
 *(SORT_BY_NAME(.rdata$*))
 .rdata$.refptr.__CTOR_LIST__
                0x000000010041c5e0        0x8 C:/ag-readline-e138-01/combined-20260911-01/compiler/bin/../lib/gcc/aarch64-pc-cygwin/15.0.1/../../../../aarch64-pc-cygwin/lib\libmsys-2.0.a(_cygwin_crt0_common.o)
                0x000000010041c5e0                .refptr.__CTOR_LIST__
 .rdata$.refptr.__DTOR_LIST__
                0x000000010041c5e8        0x8 C:/ag-readline-e138-01/combined-20260911-01/compiler/bin/../lib/gcc/aarch64-pc-cygwin/15.0.1/../../../../aarch64-pc-cygwin/lib\libmsys-2.0.a(_cygwin_crt0_common.o)
                0x000000010041c5e8                .refptr.__DTOR_LIST__
 .rdata$.refptr.__RUNTIME_PSEUDO_RELOC_LIST_END__
                0x000000010041c5f0        0x8 C:/ag-readline-e138-01/combined-20260911-01/compiler/bin/../lib/gcc/aarch64-pc-cygwin/15.0.1/../../../../aarch64-pc-cygwin/lib\libmsys-2.0.a(_cygwin_crt0_common.o)
                0x000000010041c5f0                .refptr.__RUNTIME_PSEUDO_RELOC_LIST_END__
 .rdata$.refptr.__RUNTIME_PSEUDO_RELOC_LIST__
                0x000000010041c5f8        0x8 C:/ag-readline-e138-01/combined-20260911-01/compiler/bin/../lib/gcc/aarch64-pc-cygwin/15.0.1/../../../../aarch64-pc-cygwin/lib\libmsys-2.0.a(_cygwin_crt0_common.o)
                0x000000010041c5f8                .refptr.__RUNTIME_PSEUDO_RELOC_LIST__
 .rdata$.refptr.__bss_end__
                0x000000010041c600        0x8 C:/ag-readline-e138-01/combined-20260911-01/compiler/bin/../lib/gcc/aarch64-pc-cygwin/15.0.1/../../../../aarch64-pc-cygwin/lib\libmsys-2.0.a(_cygwin_crt0_common.o)
                0x000000010041c600                .refptr.__bss_end__
 .rdata$.refptr.__bss_start__
                0x000000010041c608        0x8 C:/ag-readline-e138-01/combined-20260911-01/compiler/bin/../lib/gcc/aarch64-pc-cygwin/15.0.1/../../../../aarch64-pc-cygwin/lib\libmsys-2.0.a(_cygwin_crt0_common.o)
                0x000000010041c608                .refptr.__bss_start__
 .rdata$.refptr.__data_end__
                0x000000010041c610        0x8 C:/ag-readline-e138-01/combined-20260911-01/compiler/bin/../lib/gcc/aarch64-pc-cygwin/15.0.1/../../../../aarch64-pc-cygwin/lib\libmsys-2.0.a(_cygwin_crt0_common.o)
                0x000000010041c610                .refptr.__data_end__
 .rdata$.refptr.__data_start__
                0x000000010041c618        0x8 C:/ag-readline-e138-01/combined-20260911-01/compiler/bin/../lib/gcc/aarch64-pc-cygwin/15.0.1/../../../../aarch64-pc-cygwin/lib\libmsys-2.0.a(_cygwin_crt0_common.o)
                0x000000010041c618                .refptr.__data_start__
 .rdata$.refptr.__dynamically_loaded
                0x000000010041c620        0x8 C:/ag-readline-e138-01/combined-20260911-01/compiler/bin/../lib/gcc/aarch64-pc-cygwin/15.0.1/../../../../aarch64-pc-cygwin/lib\libmsys-2.0.a(_cygwin_crt0_common.o)
                0x000000010041c620                .refptr.__dynamically_loaded
 .rdata$.refptr.__image_base__
                0x000000010041c628        0x8 C:/ag-readline-e138-01/combined-20260911-01/compiler/bin/../lib/gcc/aarch64-pc-cygwin/15.0.1/../../../../aarch64-pc-cygwin/lib\libmsys-2.0.a(_cygwin_crt0_common.o)
                0x000000010041c628                .refptr.__image_base__
                0x000000010041c630                . = ALIGN (0x4)
                0x000000010041c630                __rt_psrelocs_start = .
 *(.rdata_runtime_pseudo_reloc)
                0x000000010041c630                __rt_psrelocs_end = .
                0x000000010041c630                . = ALIGN (0x8)
                0x000000010041c630                ___CTOR_LIST__ = .
                0x000000010041c630                __CTOR_LIST__ = .
                0x000000010041c630        0x4 LONG 0xffffffffffffffff
                0x000000010041c634        0x4 LONG 0xffffffffffffffff
 *(.ctors)
 *(.ctor)
 *(SORT_BY_NAME(.ctors.*))
                0x000000010041c638        0x4 LONG 0x0
                0x000000010041c63c        0x4 LONG 0x0
                0x000000010041c640                ___DTOR_LIST__ = .
                0x000000010041c640                __DTOR_LIST__ = .
                0x000000010041c640        0x4 LONG 0xffffffffffffffff
                0x000000010041c644        0x4 LONG 0xffffffffffffffff
 *(.dtors)
 *(.dtor)
 *(SORT_BY_NAME(.dtors.*))
                0x000000010041c648        0x4 LONG 0x0
                0x000000010041c64c        0x4 LONG 0x0
                0x000000010041c650                ___crt_xc_start__ = .
 *(SORT_BY_NAME(.CRT$XC*))
                0x000000010041c650                ___crt_xc_end__ = .
                0x000000010041c650                ___crt_xi_start__ = .
 *(SORT_BY_NAME(.CRT$XI*))
                0x000000010041c650                ___crt_xi_end__ = .
                0x000000010041c650                ___crt_xl_start__ = .
 *(SORT_BY_NAME(.CRT$XL*))
                0x000000010041c650                ___crt_xp_start__ = .
 *(SORT_BY_NAME(.CRT$XP*))
                0x000000010041c650                ___crt_xp_end__ = .
                0x000000010041c650                ___crt_xt_start__ = .
 *(SORT_BY_NAME(.CRT$XT*))
                0x000000010041c650                ___crt_xt_end__ = .
                0x000000010041c650                ___crt_xd_start__ = .
 *(SORT_BY_NAME(.CRT$XD*))
                0x000000010041c650                ___crt_xd_end__ = .
                0x000000010041c630                ___RUNTIME_PSEUDO_RELOC_LIST_END__ = __rt_psrelocs_end
                0x000000010041c630                __RUNTIME_PSEUDO_RELOC_LIST_END__ = __rt_psrelocs_end
                0x000000010041c630                ___RUNTIME_PSEUDO_RELOC_LIST__ = __rt_psrelocs_start
                0x000000010041c630                __RUNTIME_PSEUDO_RELOC_LIST__ = __rt_psrelocs_start

.eh_frame
 *(.eh_frame*)

.pdata          0x000000010041d000      0x200
 *(.pdata*)
 .pdata         0x000000010041d000        0x8 C:/ag-readline-e138-01/combined-20260911-01/compiler/bin/../lib/gcc/aarch64-pc-cygwin/15.0.1/../../../../aarch64-pc-cygwin/lib/crt0.o
 .pdata         0x000000010041d008       0x18 C:/ag-readline-e138-01/combined-20260911-01/compiler/bin/../lib/gcc/aarch64-pc-cygwin/15.0.1/crtbegin.o
 .pdata         0x000000010041d020       0x20 C:/Users/crutkasLocal/.copilot/session-state/85c409ca-0b3d-45da-90a0-c624251ff624/files/native-arm64-utils-shipping-03/build/ps-ps.o
 .pdata.startup
                0x000000010041d040        0x8 C:/Users/crutkasLocal/.copilot/session-state/85c409ca-0b3d-45da-90a0-c624251ff624/files/native-arm64-utils-shipping-03/build/ps-ps.o
 .pdata         0x000000010041d048        0x8 C:/ag-readline-e138-01/combined-20260911-01/compiler/bin/../lib/gcc/aarch64-pc-cygwin/15.0.1/../../../../aarch64-pc-cygwin/lib\libmsys-2.0.a(cygwin_crt0.o)
 .pdata         0x000000010041d050        0x8 C:/ag-readline-e138-01/combined-20260911-01/compiler/bin/../lib/gcc/aarch64-pc-cygwin/15.0.1/../../../../aarch64-pc-cygwin/lib\libmsys-2.0.a(premain0.o)
 .pdata         0x000000010041d058        0x8 C:/ag-readline-e138-01/combined-20260911-01/compiler/bin/../lib/gcc/aarch64-pc-cygwin/15.0.1/../../../../aarch64-pc-cygwin/lib\libmsys-2.0.a(premain1.o)
 .pdata         0x000000010041d060        0x8 C:/ag-readline-e138-01/combined-20260911-01/compiler/bin/../lib/gcc/aarch64-pc-cygwin/15.0.1/../../../../aarch64-pc-cygwin/lib\libmsys-2.0.a(premain2.o)
 .pdata         0x000000010041d068        0x8 C:/ag-readline-e138-01/combined-20260911-01/compiler/bin/../lib/gcc/aarch64-pc-cygwin/15.0.1/../../../../aarch64-pc-cygwin/lib\libmsys-2.0.a(premain3.o)
 .pdata         0x000000010041d070        0x8 C:/ag-readline-e138-01/combined-20260911-01/compiler/bin/../lib/gcc/aarch64-pc-cygwin/15.0.1/../../../../aarch64-pc-cygwin/lib\libmsys-2.0.a(pseudo-reloc-dummy.o)
 .pdata         0x000000010041d078        0x8 C:/ag-readline-e138-01/combined-20260911-01/compiler/bin/../lib/gcc/aarch64-pc-cygwin/15.0.1/../../../../aarch64-pc-cygwin/lib\libmsys-2.0.a(_cygwin_crt0_common.o)
 .pdata         0x000000010041d080       0x10 C:/ag-readline-e138-01/combined-20260911-01/compiler/bin/../lib/gcc/aarch64-pc-cygwin/15.0.1/../../../../aarch64-pc-cygwin/lib\libmsys-2.0.a(dll_entry.o)
 .pdata         0x000000010041d090        0x8 C:/ag-readline-e138-01/combined-20260911-01/compiler/bin/../lib/gcc/aarch64-pc-cygwin/15.0.1/../../../../aarch64-pc-cygwin/lib\libmsys-2.0.a(dll_main.o)
 .pdata         0x000000010041d098        0x8 C:/ag-readline-e138-01/combined-20260911-01/compiler/bin/../lib/gcc/aarch64-pc-cygwin/15.0.1/../../../../aarch64-pc-cygwin/lib\libmsys-2.0.a(cygwin_attach_dll.o)
 .pdata         0x000000010041d0a0        0x8 C:/ag-readline-e138-01/combined-20260911-01/compiler/bin/../lib/gcc/aarch64-pc-cygwin/15.0.1/crtend.o

.xdata          0x000000010041e000      0x200
 *(.xdata*)
 .xdata         0x000000010041e000       0x14 C:/ag-readline-e138-01/combined-20260911-01/compiler/bin/../lib/gcc/aarch64-pc-cygwin/15.0.1/../../../../aarch64-pc-cygwin/lib/crt0.o
 .xdata         0x000000010041e014       0x18 C:/ag-readline-e138-01/combined-20260911-01/compiler/bin/../lib/gcc/aarch64-pc-cygwin/15.0.1/crtbegin.o
 .xdata         0x000000010041e02c       0x48 C:/Users/crutkasLocal/.copilot/session-state/85c409ca-0b3d-45da-90a0-c624251ff624/files/native-arm64-utils-shipping-03/build/ps-ps.o
 .xdata.startup
                0x000000010041e074       0x34 C:/Users/crutkasLocal/.copilot/session-state/85c409ca-0b3d-45da-90a0-c624251ff624/files/native-arm64-utils-shipping-03/build/ps-ps.o
 .xdata         0x000000010041e0a8        0xc C:/ag-readline-e138-01/combined-20260911-01/compiler/bin/../lib/gcc/aarch64-pc-cygwin/15.0.1/../../../../aarch64-pc-cygwin/lib\libmsys-2.0.a(cygwin_crt0.o)
 .xdata         0x000000010041e0b4        0x8 C:/ag-readline-e138-01/combined-20260911-01/compiler/bin/../lib/gcc/aarch64-pc-cygwin/15.0.1/../../../../aarch64-pc-cygwin/lib\libmsys-2.0.a(premain0.o)
 .xdata         0x000000010041e0bc        0x8 C:/ag-readline-e138-01/combined-20260911-01/compiler/bin/../lib/gcc/aarch64-pc-cygwin/15.0.1/../../../../aarch64-pc-cygwin/lib\libmsys-2.0.a(premain1.o)
 .xdata         0x000000010041e0c4        0x8 C:/ag-readline-e138-01/combined-20260911-01/compiler/bin/../lib/gcc/aarch64-pc-cygwin/15.0.1/../../../../aarch64-pc-cygwin/lib\libmsys-2.0.a(premain2.o)
 .xdata         0x000000010041e0cc        0x8 C:/ag-readline-e138-01/combined-20260911-01/compiler/bin/../lib/gcc/aarch64-pc-cygwin/15.0.1/../../../../aarch64-pc-cygwin/lib\libmsys-2.0.a(premain3.o)
 .xdata         0x000000010041e0d4        0x8 C:/ag-readline-e138-01/combined-20260911-01/compiler/bin/../lib/gcc/aarch64-pc-cygwin/15.0.1/../../../../aarch64-pc-cygwin/lib\libmsys-2.0.a(pseudo-reloc-dummy.o)
 .xdata         0x000000010041e0dc       0x18 C:/ag-readline-e138-01/combined-20260911-01/compiler/bin/../lib/gcc/aarch64-pc-cygwin/15.0.1/../../../../aarch64-pc-cygwin/lib\libmsys-2.0.a(_cygwin_crt0_common.o)
 .xdata         0x000000010041e0f4       0x28 C:/ag-readline-e138-01/combined-20260911-01/compiler/bin/../lib/gcc/aarch64-pc-cygwin/15.0.1/../../../../aarch64-pc-cygwin/lib\libmsys-2.0.a(dll_entry.o)
 .xdata         0x000000010041e11c        0x8 C:/ag-readline-e138-01/combined-20260911-01/compiler/bin/../lib/gcc/aarch64-pc-cygwin/15.0.1/../../../../aarch64-pc-cygwin/lib\libmsys-2.0.a(dll_main.o)
 .xdata         0x000000010041e124       0x14 C:/ag-readline-e138-01/combined-20260911-01/compiler/bin/../lib/gcc/aarch64-pc-cygwin/15.0.1/../../../../aarch64-pc-cygwin/lib\libmsys-2.0.a(cygwin_attach_dll.o)
 .xdata         0x000000010041e138        0x8 C:/ag-readline-e138-01/combined-20260911-01/compiler/bin/../lib/gcc/aarch64-pc-cygwin/15.0.1/crtend.o

.bss            0x000000010041f000    0x101f0
                0x000000010041f000                __bss_start__ = .
 *(.bss)
 .bss           0x000000010041f000        0x0 C:/ag-readline-e138-01/combined-20260911-01/compiler/bin/../lib/gcc/aarch64-pc-cygwin/15.0.1/../../../../aarch64-pc-cygwin/lib/crt0.o
 .bss           0x000000010041f000        0x0 C:/ag-readline-e138-01/combined-20260911-01/compiler/bin/../lib/gcc/aarch64-pc-cygwin/15.0.1/crtbegin.o
 .bss           0x000000010041f000    0x10060 C:/Users/crutkasLocal/.copilot/session-state/85c409ca-0b3d-45da-90a0-c624251ff624/files/native-arm64-utils-shipping-03/build/ps-ps.o
 .bss           0x000000010042f060        0x0 C:/ag-readline-e138-01/combined-20260911-01/compiler/bin/../lib/gcc/aarch64-pc-cygwin/15.0.1/../../../../aarch64-pc-cygwin/lib\libntdll.a(libntdll_a_s00510.o)
 .bss           0x000000010042f060        0x0 C:/ag-readline-e138-01/combined-20260911-01/compiler/bin/../lib/gcc/aarch64-pc-cygwin/15.0.1/../../../../aarch64-pc-cygwin/lib\libntdll.a(libntdll_a_h.o)
 .bss           0x000000010042f060        0x0 C:/ag-readline-e138-01/combined-20260911-01/compiler/bin/../lib/gcc/aarch64-pc-cygwin/15.0.1/../../../../aarch64-pc-cygwin/lib\libntdll.a(libntdll_a_t.o)
 .bss           0x000000010042f060        0x0 C:/ag-readline-e138-01/combined-20260911-01/compiler/bin/../lib/gcc/aarch64-pc-cygwin/15.0.1/../../../../aarch64-pc-cygwin/lib\libmsys-2.0.a(cygwin_crt0.o)
 .bss           0x000000010042f060        0x0 C:/ag-readline-e138-01/combined-20260911-01/compiler/bin/../lib/gcc/aarch64-pc-cygwin/15.0.1/../../../../aarch64-pc-cygwin/lib\libmsys-2.0.a(premain0.o)
 .bss           0x000000010042f060        0x0 C:/ag-readline-e138-01/combined-20260911-01/compiler/bin/../lib/gcc/aarch64-pc-cygwin/15.0.1/../../../../aarch64-pc-cygwin/lib\libmsys-2.0.a(premain1.o)
 .bss           0x000000010042f060        0x0 C:/ag-readline-e138-01/combined-20260911-01/compiler/bin/../lib/gcc/aarch64-pc-cygwin/15.0.1/../../../../aarch64-pc-cygwin/lib\libmsys-2.0.a(premain2.o)
 .bss           0x000000010042f060        0x0 C:/ag-readline-e138-01/combined-20260911-01/compiler/bin/../lib/gcc/aarch64-pc-cygwin/15.0.1/../../../../aarch64-pc-cygwin/lib\libmsys-2.0.a(premain3.o)
 .bss           0x000000010042f060        0x0 C:/ag-readline-e138-01/combined-20260911-01/compiler/bin/../lib/gcc/aarch64-pc-cygwin/15.0.1/../../../../aarch64-pc-cygwin/lib\libmsys-2.0.a(pseudo-reloc-dummy.o)
 .bss           0x000000010042f060        0x0 C:/ag-readline-e138-01/combined-20260911-01/compiler/bin/../lib/gcc/aarch64-pc-cygwin/15.0.1/../../../../aarch64-pc-cygwin/lib\libmsys-2.0.a(_cygwin_crt0_common.o)
 .bss           0x000000010042f060       0x40 C:/ag-readline-e138-01/combined-20260911-01/compiler/bin/../lib/gcc/aarch64-pc-cygwin/15.0.1/../../../../aarch64-pc-cygwin/lib\libmsys-2.0.a(dll_entry.o)
 .bss           0x000000010042f0a0        0x0 C:/ag-readline-e138-01/combined-20260911-01/compiler/bin/../lib/gcc/aarch64-pc-cygwin/15.0.1/../../../../aarch64-pc-cygwin/lib\libmsys-2.0.a(dll_main.o)
 .bss           0x000000010042f0a0      0x150 C:/ag-readline-e138-01/combined-20260911-01/compiler/bin/../lib/gcc/aarch64-pc-cygwin/15.0.1/../../../../aarch64-pc-cygwin/lib\libmsys-2.0.a(cygwin_attach_dll.o)
 .bss           0x000000010042f1f0        0x0 C:/ag-readline-e138-01/combined-20260911-01/compiler/bin/../lib/gcc/aarch64-pc-cygwin/15.0.1/../../../../aarch64-pc-cygwin/lib\libadvapi32.a(libadvapi32_a_s00544.o)
 .bss           0x000000010042f1f0        0x0 C:/ag-readline-e138-01/combined-20260911-01/compiler/bin/../lib/gcc/aarch64-pc-cygwin/15.0.1/../../../../aarch64-pc-cygwin/lib\libadvapi32.a(libadvapi32_a_s00430.o)
 .bss           0x000000010042f1f0        0x0 C:/ag-readline-e138-01/combined-20260911-01/compiler/bin/../lib/gcc/aarch64-pc-cygwin/15.0.1/../../../../aarch64-pc-cygwin/lib\libadvapi32.a(libadvapi32_a_s00031.o)
 .bss           0x000000010042f1f0        0x0 C:/ag-readline-e138-01/combined-20260911-01/compiler/bin/../lib/gcc/aarch64-pc-cygwin/15.0.1/../../../../aarch64-pc-cygwin/lib\libadvapi32.a(libadvapi32_a_h.o)
 .bss           0x000000010042f1f0        0x0 C:/ag-readline-e138-01/combined-20260911-01/compiler/bin/../lib/gcc/aarch64-pc-cygwin/15.0.1/../../../../aarch64-pc-cygwin/lib\libadvapi32.a(libadvapi32_a_t.o)
 .bss           0x000000010042f1f0        0x0 C:/ag-readline-e138-01/combined-20260911-01/compiler/bin/../lib/gcc/aarch64-pc-cygwin/15.0.1/../../../../aarch64-pc-cygwin/lib\libkernel32.a(libkernel32_a_s01082.o)
 .bss           0x000000010042f1f0        0x0 C:/ag-readline-e138-01/combined-20260911-01/compiler/bin/../lib/gcc/aarch64-pc-cygwin/15.0.1/../../../../aarch64-pc-cygwin/lib\libkernel32.a(libkernel32_a_s00733.o)
 .bss           0x000000010042f1f0        0x0 C:/ag-readline-e138-01/combined-20260911-01/compiler/bin/../lib/gcc/aarch64-pc-cygwin/15.0.1/../../../../aarch64-pc-cygwin/lib\libkernel32.a(libkernel32_a_s00657.o)
 .bss           0x000000010042f1f0        0x0 C:/ag-readline-e138-01/combined-20260911-01/compiler/bin/../lib/gcc/aarch64-pc-cygwin/15.0.1/../../../../aarch64-pc-cygwin/lib\libkernel32.a(libkernel32_a_s00557.o)
 .bss           0x000000010042f1f0        0x0 C:/ag-readline-e138-01/combined-20260911-01/compiler/bin/../lib/gcc/aarch64-pc-cygwin/15.0.1/../../../../aarch64-pc-cygwin/lib\libkernel32.a(libkernel32_a_s00148.o)
 .bss           0x000000010042f1f0        0x0 C:/ag-readline-e138-01/combined-20260911-01/compiler/bin/../lib/gcc/aarch64-pc-cygwin/15.0.1/../../../../aarch64-pc-cygwin/lib\libkernel32.a(libkernel32_a_h.o)
 .bss           0x000000010042f1f0        0x0 C:/ag-readline-e138-01/combined-20260911-01/compiler/bin/../lib/gcc/aarch64-pc-cygwin/15.0.1/../../../../aarch64-pc-cygwin/lib\libkernel32.a(libkernel32_a_t.o)
 .bss           0x000000010042f1f0        0x0 C:/ag-readline-e138-01/combined-20260911-01/compiler/bin/../lib/gcc/aarch64-pc-cygwin/15.0.1\libgcc.a(_ctors.o)
 .bss           0x000000010042f1f0        0x0 C:/ag-readline-e138-01/combined-20260911-01/compiler/bin/../lib/gcc/aarch64-pc-cygwin/15.0.1/crtend.o
 *(COMMON)
                0x000000010042f1f0                __bss_end__ = .

.edata
 *(.edata)

/DISCARD/
 *(.debug$S)
 *(.debug$T)
 *(.debug$F)
 *(.drectve)
 *(.note.GNU-stack)
 *(.gnu.lto_*)
 *(.gnu_object_only)

.idata          0x0000000100430000      0x800
 SORT_BY_NAME(*)(.idata$2)
 .idata$2       0x0000000100430000       0x14 C:/ag-readline-e138-01/combined-20260911-01/compiler/bin/../lib/gcc/aarch64-pc-cygwin/15.0.1/../../../../aarch64-pc-cygwin/lib\libadvapi32.a(libadvapi32_a_h.o)
                0x0000000100430000                _head_libadvapi32_a
 .idata$2       0x0000000100430014       0x14 C:/ag-readline-e138-01/combined-20260911-01/compiler/bin/../lib/gcc/aarch64-pc-cygwin/15.0.1/../../../../aarch64-pc-cygwin/lib\libkernel32.a(libkernel32_a_h.o)
                0x0000000100430014                _head_libkernel32_a
 .idata$2       0x0000000100430028       0x14 C:/ag-readline-e138-01/combined-20260911-01/compiler/bin/../lib/gcc/aarch64-pc-cygwin/15.0.1/../../../../aarch64-pc-cygwin/lib\libmsys-2.0.a(msys_2_0_dll_d000000.o)
                0x0000000100430028                _head_msys_2_0_dll
 .idata$2       0x000000010043003c       0x14 C:/ag-readline-e138-01/combined-20260911-01/compiler/bin/../lib/gcc/aarch64-pc-cygwin/15.0.1/../../../../aarch64-pc-cygwin/lib\libntdll.a(libntdll_a_h.o)
                0x000000010043003c                _head_libntdll_a
 SORT_BY_NAME(*)(.idata$3)
                0x0000000100430050        0x4 LONG 0x0
                0x0000000100430054        0x4 LONG 0x0
                0x0000000100430058        0x4 LONG 0x0
                0x000000010043005c        0x4 LONG 0x0
                0x0000000100430060        0x4 LONG 0x0
                0x0000000100430068                . = ALIGN (0x8)
 *fill*         0x0000000100430064        0x4 
 SORT_BY_NAME(*)(.idata$4)
 .idata$4       0x0000000100430068        0x0 C:/ag-readline-e138-01/combined-20260911-01/compiler/bin/../lib/gcc/aarch64-pc-cygwin/15.0.1/../../../../aarch64-pc-cygwin/lib\libadvapi32.a(libadvapi32_a_h.o)
 .idata$4       0x0000000100430068        0x8 C:/ag-readline-e138-01/combined-20260911-01/compiler/bin/../lib/gcc/aarch64-pc-cygwin/15.0.1/../../../../aarch64-pc-cygwin/lib\libadvapi32.a(libadvapi32_a_s00031.o)
 .idata$4       0x0000000100430070        0x8 C:/ag-readline-e138-01/combined-20260911-01/compiler/bin/../lib/gcc/aarch64-pc-cygwin/15.0.1/../../../../aarch64-pc-cygwin/lib\libadvapi32.a(libadvapi32_a_s00430.o)
 .idata$4       0x0000000100430078        0x8 C:/ag-readline-e138-01/combined-20260911-01/compiler/bin/../lib/gcc/aarch64-pc-cygwin/15.0.1/../../../../aarch64-pc-cygwin/lib\libadvapi32.a(libadvapi32_a_s00544.o)
 .idata$4       0x0000000100430080        0x8 C:/ag-readline-e138-01/combined-20260911-01/compiler/bin/../lib/gcc/aarch64-pc-cygwin/15.0.1/../../../../aarch64-pc-cygwin/lib\libadvapi32.a(libadvapi32_a_t.o)
 .idata$4       0x0000000100430088        0x0 C:/ag-readline-e138-01/combined-20260911-01/compiler/bin/../lib/gcc/aarch64-pc-cygwin/15.0.1/../../../../aarch64-pc-cygwin/lib\libkernel32.a(libkernel32_a_h.o)
 .idata$4       0x0000000100430088        0x8 C:/ag-readline-e138-01/combined-20260911-01/compiler/bin/../lib/gcc/aarch64-pc-cygwin/15.0.1/../../../../aarch64-pc-cygwin/lib\libkernel32.a(libkernel32_a_s00148.o)
 .idata$4       0x0000000100430090        0x8 C:/ag-readline-e138-01/combined-20260911-01/compiler/bin/../lib/gcc/aarch64-pc-cygwin/15.0.1/../../../../aarch64-pc-cygwin/lib\libkernel32.a(libkernel32_a_s00557.o)
 .idata$4       0x0000000100430098        0x8 C:/ag-readline-e138-01/combined-20260911-01/compiler/bin/../lib/gcc/aarch64-pc-cygwin/15.0.1/../../../../aarch64-pc-cygwin/lib\libkernel32.a(libkernel32_a_s00657.o)
 .idata$4       0x00000001004300a0        0x8 C:/ag-readline-e138-01/combined-20260911-01/compiler/bin/../lib/gcc/aarch64-pc-cygwin/15.0.1/../../../../aarch64-pc-cygwin/lib\libkernel32.a(libkernel32_a_s00733.o)
 .idata$4       0x00000001004300a8        0x8 C:/ag-readline-e138-01/combined-20260911-01/compiler/bin/../lib/gcc/aarch64-pc-cygwin/15.0.1/../../../../aarch64-pc-cygwin/lib\libkernel32.a(libkernel32_a_s01082.o)
 .idata$4       0x00000001004300b0        0x8 C:/ag-readline-e138-01/combined-20260911-01/compiler/bin/../lib/gcc/aarch64-pc-cygwin/15.0.1/../../../../aarch64-pc-cygwin/lib\libkernel32.a(libkernel32_a_t.o)
 .idata$4       0x00000001004300b8        0x0 C:/ag-readline-e138-01/combined-20260911-01/compiler/bin/../lib/gcc/aarch64-pc-cygwin/15.0.1/../../../../aarch64-pc-cygwin/lib\libmsys-2.0.a(msys_2_0_dll_d000000.o)
 .idata$4       0x00000001004300b8        0x8 C:/ag-readline-e138-01/combined-20260911-01/compiler/bin/../lib/gcc/aarch64-pc-cygwin/15.0.1/../../../../aarch64-pc-cygwin/lib\libmsys-2.0.a(msys_2_0_dll_d000037.o)
 .idata$4       0x00000001004300c0        0x8 C:/ag-readline-e138-01/combined-20260911-01/compiler/bin/../lib/gcc/aarch64-pc-cygwin/15.0.1/../../../../aarch64-pc-cygwin/lib\libmsys-2.0.a(msys_2_0_dll_d000048.o)
 .idata$4       0x00000001004300c8        0x8 C:/ag-readline-e138-01/combined-20260911-01/compiler/bin/../lib/gcc/aarch64-pc-cygwin/15.0.1/../../../../aarch64-pc-cygwin/lib\libmsys-2.0.a(msys_2_0_dll_d000109.o)
 .idata$4       0x00000001004300d0        0x8 C:/ag-readline-e138-01/combined-20260911-01/compiler/bin/../lib/gcc/aarch64-pc-cygwin/15.0.1/../../../../aarch64-pc-cygwin/lib\libmsys-2.0.a(msys_2_0_dll_d000115.o)
 .idata$4       0x00000001004300d8        0x8 C:/ag-readline-e138-01/combined-20260911-01/compiler/bin/../lib/gcc/aarch64-pc-cygwin/15.0.1/../../../../aarch64-pc-cygwin/lib\libmsys-2.0.a(msys_2_0_dll_d000236.o)
 .idata$4       0x00000001004300e0        0x8 C:/ag-readline-e138-01/combined-20260911-01/compiler/bin/../lib/gcc/aarch64-pc-cygwin/15.0.1/../../../../aarch64-pc-cygwin/lib\libmsys-2.0.a(msys_2_0_dll_d000260.o)
 .idata$4       0x00000001004300e8        0x8 C:/ag-readline-e138-01/combined-20260911-01/compiler/bin/../lib/gcc/aarch64-pc-cygwin/15.0.1/../../../../aarch64-pc-cygwin/lib\libmsys-2.0.a(msys_2_0_dll_d000374.o)
 .idata$4       0x00000001004300f0        0x8 C:/ag-readline-e138-01/combined-20260911-01/compiler/bin/../lib/gcc/aarch64-pc-cygwin/15.0.1/../../../../aarch64-pc-cygwin/lib\libmsys-2.0.a(msys_2_0_dll_d000382.o)
 .idata$4       0x00000001004300f8        0x8 C:/ag-readline-e138-01/combined-20260911-01/compiler/bin/../lib/gcc/aarch64-pc-cygwin/15.0.1/../../../../aarch64-pc-cygwin/lib\libmsys-2.0.a(msys_2_0_dll_d000410.o)
 .idata$4       0x0000000100430100        0x8 C:/ag-readline-e138-01/combined-20260911-01/compiler/bin/../lib/gcc/aarch64-pc-cygwin/15.0.1/../../../../aarch64-pc-cygwin/lib\libmsys-2.0.a(msys_2_0_dll_d000468.o)
 .idata$4       0x0000000100430108        0x8 C:/ag-readline-e138-01/combined-20260911-01/compiler/bin/../lib/gcc/aarch64-pc-cygwin/15.0.1/../../../../aarch64-pc-cygwin/lib\libmsys-2.0.a(msys_2_0_dll_d000574.o)
 .idata$4       0x0000000100430110        0x8 C:/ag-readline-e138-01/combined-20260911-01/compiler/bin/../lib/gcc/aarch64-pc-cygwin/15.0.1/../../../../aarch64-pc-cygwin/lib\libmsys-2.0.a(msys_2_0_dll_d000586.o)
 .idata$4       0x0000000100430118        0x8 C:/ag-readline-e138-01/combined-20260911-01/compiler/bin/../lib/gcc/aarch64-pc-cygwin/15.0.1/../../../../aarch64-pc-cygwin/lib\libmsys-2.0.a(msys_2_0_dll_d000654.o)
 .idata$4       0x0000000100430120        0x8 C:/ag-readline-e138-01/combined-20260911-01/compiler/bin/../lib/gcc/aarch64-pc-cygwin/15.0.1/../../../../aarch64-pc-cygwin/lib\libmsys-2.0.a(msys_2_0_dll_d000681.o)
 .idata$4       0x0000000100430128        0x8 C:/ag-readline-e138-01/combined-20260911-01/compiler/bin/../lib/gcc/aarch64-pc-cygwin/15.0.1/../../../../aarch64-pc-cygwin/lib\libmsys-2.0.a(msys_2_0_dll_d000698.o)
 .idata$4       0x0000000100430130        0x8 C:/ag-readline-e138-01/combined-20260911-01/compiler/bin/../lib/gcc/aarch64-pc-cygwin/15.0.1/../../../../aarch64-pc-cygwin/lib\libmsys-2.0.a(msys_2_0_dll_d000700.o)
 .idata$4       0x0000000100430138        0x8 C:/ag-readline-e138-01/combined-20260911-01/compiler/bin/../lib/gcc/aarch64-pc-cygwin/15.0.1/../../../../aarch64-pc-cygwin/lib\libmsys-2.0.a(msys_2_0_dll_d000714.o)
 .idata$4       0x0000000100430140        0x8 C:/ag-readline-e138-01/combined-20260911-01/compiler/bin/../lib/gcc/aarch64-pc-cygwin/15.0.1/../../../../aarch64-pc-cygwin/lib\libmsys-2.0.a(msys_2_0_dll_d000774.o)
 .idata$4       0x0000000100430148        0x8 C:/ag-readline-e138-01/combined-20260911-01/compiler/bin/../lib/gcc/aarch64-pc-cygwin/15.0.1/../../../../aarch64-pc-cygwin/lib\libmsys-2.0.a(msys_2_0_dll_d000784.o)
 .idata$4       0x0000000100430150        0x8 C:/ag-readline-e138-01/combined-20260911-01/compiler/bin/../lib/gcc/aarch64-pc-cygwin/15.0.1/../../../../aarch64-pc-cygwin/lib\libmsys-2.0.a(msys_2_0_dll_d000917.o)
 .idata$4       0x0000000100430158        0x8 C:/ag-readline-e138-01/combined-20260911-01/compiler/bin/../lib/gcc/aarch64-pc-cygwin/15.0.1/../../../../aarch64-pc-cygwin/lib\libmsys-2.0.a(msys_2_0_dll_d000978.o)
 .idata$4       0x0000000100430160        0x8 C:/ag-readline-e138-01/combined-20260911-01/compiler/bin/../lib/gcc/aarch64-pc-cygwin/15.0.1/../../../../aarch64-pc-cygwin/lib\libmsys-2.0.a(msys_2_0_dll_d001017.o)
 .idata$4       0x0000000100430168        0x8 C:/ag-readline-e138-01/combined-20260911-01/compiler/bin/../lib/gcc/aarch64-pc-cygwin/15.0.1/../../../../aarch64-pc-cygwin/lib\libmsys-2.0.a(msys_2_0_dll_d001035.o)
 .idata$4       0x0000000100430170        0x8 C:/ag-readline-e138-01/combined-20260911-01/compiler/bin/../lib/gcc/aarch64-pc-cygwin/15.0.1/../../../../aarch64-pc-cygwin/lib\libmsys-2.0.a(msys_2_0_dll_d001070.o)
 .idata$4       0x0000000100430178        0x8 C:/ag-readline-e138-01/combined-20260911-01/compiler/bin/../lib/gcc/aarch64-pc-cygwin/15.0.1/../../../../aarch64-pc-cygwin/lib\libmsys-2.0.a(msys_2_0_dll_d001072.o)
 .idata$4       0x0000000100430180        0x8 C:/ag-readline-e138-01/combined-20260911-01/compiler/bin/../lib/gcc/aarch64-pc-cygwin/15.0.1/../../../../aarch64-pc-cygwin/lib\libmsys-2.0.a(msys_2_0_dll_d001224.o)
 .idata$4       0x0000000100430188        0x8 C:/ag-readline-e138-01/combined-20260911-01/compiler/bin/../lib/gcc/aarch64-pc-cygwin/15.0.1/../../../../aarch64-pc-cygwin/lib\libmsys-2.0.a(msys_2_0_dll_d001338.o)
 .idata$4       0x0000000100430190        0x8 C:/ag-readline-e138-01/combined-20260911-01/compiler/bin/../lib/gcc/aarch64-pc-cygwin/15.0.1/../../../../aarch64-pc-cygwin/lib\libmsys-2.0.a(msys_2_0_dll_d001408.o)
 .idata$4       0x0000000100430198        0x8 C:/ag-readline-e138-01/combined-20260911-01/compiler/bin/../lib/gcc/aarch64-pc-cygwin/15.0.1/../../../../aarch64-pc-cygwin/lib\libmsys-2.0.a(msys_2_0_dll_d001420.o)
 .idata$4       0x00000001004301a0        0x8 C:/ag-readline-e138-01/combined-20260911-01/compiler/bin/../lib/gcc/aarch64-pc-cygwin/15.0.1/../../../../aarch64-pc-cygwin/lib\libmsys-2.0.a(msys_2_0_dll_d001435.o)
 .idata$4       0x00000001004301a8        0x8 C:/ag-readline-e138-01/combined-20260911-01/compiler/bin/../lib/gcc/aarch64-pc-cygwin/15.0.1/../../../../aarch64-pc-cygwin/lib\libmsys-2.0.a(msys_2_0_dll_d001444.o)
 .idata$4       0x00000001004301b0        0x8 C:/ag-readline-e138-01/combined-20260911-01/compiler/bin/../lib/gcc/aarch64-pc-cygwin/15.0.1/../../../../aarch64-pc-cygwin/lib\libmsys-2.0.a(msys_2_0_dll_d001456.o)
 .idata$4       0x00000001004301b8        0x8 C:/ag-readline-e138-01/combined-20260911-01/compiler/bin/../lib/gcc/aarch64-pc-cygwin/15.0.1/../../../../aarch64-pc-cygwin/lib\libmsys-2.0.a(msys_2_0_dll_d001460.o)
 .idata$4       0x00000001004301c0        0x8 C:/ag-readline-e138-01/combined-20260911-01/compiler/bin/../lib/gcc/aarch64-pc-cygwin/15.0.1/../../../../aarch64-pc-cygwin/lib\libmsys-2.0.a(msys_2_0_dll_d001462.o)
 .idata$4       0x00000001004301c8        0x8 C:/ag-readline-e138-01/combined-20260911-01/compiler/bin/../lib/gcc/aarch64-pc-cygwin/15.0.1/../../../../aarch64-pc-cygwin/lib\libmsys-2.0.a(msys_2_0_dll_d001488.o)
 .idata$4       0x00000001004301d0        0x8 C:/ag-readline-e138-01/combined-20260911-01/compiler/bin/../lib/gcc/aarch64-pc-cygwin/15.0.1/../../../../aarch64-pc-cygwin/lib\libmsys-2.0.a(msys_2_0_dll_d001545.o)
 .idata$4       0x00000001004301d8        0x8 C:/ag-readline-e138-01/combined-20260911-01/compiler/bin/../lib/gcc/aarch64-pc-cygwin/15.0.1/../../../../aarch64-pc-cygwin/lib\libmsys-2.0.a(msys_2_0_dll_d001683.o)
 .idata$4       0x00000001004301e0        0x8 C:/ag-readline-e138-01/combined-20260911-01/compiler/bin/../lib/gcc/aarch64-pc-cygwin/15.0.1/../../../../aarch64-pc-cygwin/lib\libmsys-2.0.a(msys_2_0_dll_d001764.o)
 .idata$4       0x00000001004301e8        0x0 C:/ag-readline-e138-01/combined-20260911-01/compiler/bin/../lib/gcc/aarch64-pc-cygwin/15.0.1/../../../../aarch64-pc-cygwin/lib\libntdll.a(libntdll_a_h.o)
 .idata$4       0x00000001004301e8        0x8 C:/ag-readline-e138-01/combined-20260911-01/compiler/bin/../lib/gcc/aarch64-pc-cygwin/15.0.1/../../../../aarch64-pc-cygwin/lib\libntdll.a(libntdll_a_s00510.o)
 .idata$4       0x00000001004301f0        0x8 C:/ag-readline-e138-01/combined-20260911-01/compiler/bin/../lib/gcc/aarch64-pc-cygwin/15.0.1/../../../../aarch64-pc-cygwin/lib\libntdll.a(libntdll_a_t.o)
                0x00000001004301f8                __IAT_start__ = .
 SORT_BY_NAME(*)(.idata$5)
 .idata$5       0x00000001004301f8        0x0 C:/ag-readline-e138-01/combined-20260911-01/compiler/bin/../lib/gcc/aarch64-pc-cygwin/15.0.1/../../../../aarch64-pc-cygwin/lib\libadvapi32.a(libadvapi32_a_h.o)
 .idata$5       0x00000001004301f8        0x8 C:/ag-readline-e138-01/combined-20260911-01/compiler/bin/../lib/gcc/aarch64-pc-cygwin/15.0.1/../../../../aarch64-pc-cygwin/lib\libadvapi32.a(libadvapi32_a_s00031.o)
                0x00000001004301f8                __imp_AdjustTokenPrivileges
 .idata$5       0x0000000100430200        0x8 C:/ag-readline-e138-01/combined-20260911-01/compiler/bin/../lib/gcc/aarch64-pc-cygwin/15.0.1/../../../../aarch64-pc-cygwin/lib\libadvapi32.a(libadvapi32_a_s00430.o)
                0x0000000100430200                __imp_LookupPrivilegeValueA
 .idata$5       0x0000000100430208        0x8 C:/ag-readline-e138-01/combined-20260911-01/compiler/bin/../lib/gcc/aarch64-pc-cygwin/15.0.1/../../../../aarch64-pc-cygwin/lib\libadvapi32.a(libadvapi32_a_s00544.o)
                0x0000000100430208                __imp_OpenProcessToken
 .idata$5       0x0000000100430210        0x8 C:/ag-readline-e138-01/combined-20260911-01/compiler/bin/../lib/gcc/aarch64-pc-cygwin/15.0.1/../../../../aarch64-pc-cygwin/lib\libadvapi32.a(libadvapi32_a_t.o)
 .idata$5       0x0000000100430218        0x0 C:/ag-readline-e138-01/combined-20260911-01/compiler/bin/../lib/gcc/aarch64-pc-cygwin/15.0.1/../../../../aarch64-pc-cygwin/lib\libkernel32.a(libkernel32_a_h.o)
 .idata$5       0x0000000100430218        0x8 C:/ag-readline-e138-01/combined-20260911-01/compiler/bin/../lib/gcc/aarch64-pc-cygwin/15.0.1/../../../../aarch64-pc-cygwin/lib\libkernel32.a(libkernel32_a_s00148.o)
                0x0000000100430218                __imp_CloseHandle
 .idata$5       0x0000000100430220        0x8 C:/ag-readline-e138-01/combined-20260911-01/compiler/bin/../lib/gcc/aarch64-pc-cygwin/15.0.1/../../../../aarch64-pc-cygwin/lib\libkernel32.a(libkernel32_a_s00557.o)
                0x0000000100430220                __imp_GetCurrentProcess
 .idata$5       0x0000000100430228        0x8 C:/ag-readline-e138-01/combined-20260911-01/compiler/bin/../lib/gcc/aarch64-pc-cygwin/15.0.1/../../../../aarch64-pc-cygwin/lib\libkernel32.a(libkernel32_a_s00657.o)
                0x0000000100430228                __imp_GetModuleHandleA
 .idata$5       0x0000000100430230        0x8 C:/ag-readline-e138-01/combined-20260911-01/compiler/bin/../lib/gcc/aarch64-pc-cygwin/15.0.1/../../../../aarch64-pc-cygwin/lib\libkernel32.a(libkernel32_a_s00733.o)
                0x0000000100430230                __imp_GetProcessTimes
 .idata$5       0x0000000100430238        0x8 C:/ag-readline-e138-01/combined-20260911-01/compiler/bin/../lib/gcc/aarch64-pc-cygwin/15.0.1/../../../../aarch64-pc-cygwin/lib\libkernel32.a(libkernel32_a_s01082.o)
                0x0000000100430238                __imp_OpenProcess
 .idata$5       0x0000000100430240        0x8 C:/ag-readline-e138-01/combined-20260911-01/compiler/bin/../lib/gcc/aarch64-pc-cygwin/15.0.1/../../../../aarch64-pc-cygwin/lib\libkernel32.a(libkernel32_a_t.o)
 .idata$5       0x0000000100430248        0x0 C:/ag-readline-e138-01/combined-20260911-01/compiler/bin/../lib/gcc/aarch64-pc-cygwin/15.0.1/../../../../aarch64-pc-cygwin/lib\libmsys-2.0.a(msys_2_0_dll_d000000.o)
 .idata$5       0x0000000100430248        0x8 C:/ag-readline-e138-01/combined-20260911-01/compiler/bin/../lib/gcc/aarch64-pc-cygwin/15.0.1/../../../../aarch64-pc-cygwin/lib\libmsys-2.0.a(msys_2_0_dll_d000037.o)
                0x0000000100430248                __imp___getreent
 .idata$5       0x0000000100430250        0x8 C:/ag-readline-e138-01/combined-20260911-01/compiler/bin/../lib/gcc/aarch64-pc-cygwin/15.0.1/../../../../aarch64-pc-cygwin/lib\libmsys-2.0.a(msys_2_0_dll_d000048.o)
                0x0000000100430250                __imp___main
 .idata$5       0x0000000100430258        0x8 C:/ag-readline-e138-01/combined-20260911-01/compiler/bin/../lib/gcc/aarch64-pc-cygwin/15.0.1/../../../../aarch64-pc-cygwin/lib\libmsys-2.0.a(msys_2_0_dll_d000109.o)
                0x0000000100430258                __imp__dll_crt0
 .idata$5       0x0000000100430260        0x8 C:/ag-readline-e138-01/combined-20260911-01/compiler/bin/../lib/gcc/aarch64-pc-cygwin/15.0.1/../../../../aarch64-pc-cygwin/lib\libmsys-2.0.a(msys_2_0_dll_d000115.o)
                0x0000000100430260                __imp__impure_ptr
 .idata$5       0x0000000100430268        0x8 C:/ag-readline-e138-01/combined-20260911-01/compiler/bin/../lib/gcc/aarch64-pc-cygwin/15.0.1/../../../../aarch64-pc-cygwin/lib\libmsys-2.0.a(msys_2_0_dll_d000236.o)
                0x0000000100430268                __imp_atoi
 .idata$5       0x0000000100430270        0x8 C:/ag-readline-e138-01/combined-20260911-01/compiler/bin/../lib/gcc/aarch64-pc-cygwin/15.0.1/../../../../aarch64-pc-cygwin/lib\libmsys-2.0.a(msys_2_0_dll_d000260.o)
                0x0000000100430270                __imp_calloc
 .idata$5       0x0000000100430278        0x8 C:/ag-readline-e138-01/combined-20260911-01/compiler/bin/../lib/gcc/aarch64-pc-cygwin/15.0.1/../../../../aarch64-pc-cygwin/lib\libmsys-2.0.a(msys_2_0_dll_d000374.o)
                0x0000000100430278                __imp_ctime
 .idata$5       0x0000000100430280        0x8 C:/ag-readline-e138-01/combined-20260911-01/compiler/bin/../lib/gcc/aarch64-pc-cygwin/15.0.1/../../../../aarch64-pc-cygwin/lib\libmsys-2.0.a(msys_2_0_dll_d000382.o)
                0x0000000100430280                __imp_cygwin_internal
 .idata$5       0x0000000100430288        0x8 C:/ag-readline-e138-01/combined-20260911-01/compiler/bin/../lib/gcc/aarch64-pc-cygwin/15.0.1/../../../../aarch64-pc-cygwin/lib\libmsys-2.0.a(msys_2_0_dll_d000410.o)
                0x0000000100430288                __imp_dll_dllcrt0
 .idata$5       0x0000000100430290        0x8 C:/ag-readline-e138-01/combined-20260911-01/compiler/bin/../lib/gcc/aarch64-pc-cygwin/15.0.1/../../../../aarch64-pc-cygwin/lib\libmsys-2.0.a(msys_2_0_dll_d000468.o)
                0x0000000100430290                __imp_exit
 .idata$5       0x0000000100430298        0x8 C:/ag-readline-e138-01/combined-20260911-01/compiler/bin/../lib/gcc/aarch64-pc-cygwin/15.0.1/../../../../aarch64-pc-cygwin/lib\libmsys-2.0.a(msys_2_0_dll_d000574.o)
                0x0000000100430298                __imp_fprintf
 .idata$5       0x00000001004302a0        0x8 C:/ag-readline-e138-01/combined-20260911-01/compiler/bin/../lib/gcc/aarch64-pc-cygwin/15.0.1/../../../../aarch64-pc-cygwin/lib\libmsys-2.0.a(msys_2_0_dll_d000586.o)
                0x00000001004302a0                __imp_free
 .idata$5       0x00000001004302a8        0x8 C:/ag-readline-e138-01/combined-20260911-01/compiler/bin/../lib/gcc/aarch64-pc-cygwin/15.0.1/../../../../aarch64-pc-cygwin/lib\libmsys-2.0.a(msys_2_0_dll_d000654.o)
                0x00000001004302a8                __imp_getenv
 .idata$5       0x00000001004302b0        0x8 C:/ag-readline-e138-01/combined-20260911-01/compiler/bin/../lib/gcc/aarch64-pc-cygwin/15.0.1/../../../../aarch64-pc-cygwin/lib\libmsys-2.0.a(msys_2_0_dll_d000681.o)
                0x00000001004302b0                __imp_getopt_long
 .idata$5       0x00000001004302b8        0x8 C:/ag-readline-e138-01/combined-20260911-01/compiler/bin/../lib/gcc/aarch64-pc-cygwin/15.0.1/../../../../aarch64-pc-cygwin/lib\libmsys-2.0.a(msys_2_0_dll_d000698.o)
                0x00000001004302b8                __imp_getpwnam
 .idata$5       0x00000001004302c0        0x8 C:/ag-readline-e138-01/combined-20260911-01/compiler/bin/../lib/gcc/aarch64-pc-cygwin/15.0.1/../../../../aarch64-pc-cygwin/lib\libmsys-2.0.a(msys_2_0_dll_d000700.o)
                0x00000001004302c0                __imp_getpwuid
 .idata$5       0x00000001004302c8        0x8 C:/ag-readline-e138-01/combined-20260911-01/compiler/bin/../lib/gcc/aarch64-pc-cygwin/15.0.1/../../../../aarch64-pc-cygwin/lib\libmsys-2.0.a(msys_2_0_dll_d000714.o)
                0x00000001004302c8                __imp_getuid
 .idata$5       0x00000001004302d0        0x8 C:/ag-readline-e138-01/combined-20260911-01/compiler/bin/../lib/gcc/aarch64-pc-cygwin/15.0.1/../../../../aarch64-pc-cygwin/lib\libmsys-2.0.a(msys_2_0_dll_d000774.o)
                0x00000001004302d0                __imp_ioctl
 .idata$5       0x00000001004302d8        0x8 C:/ag-readline-e138-01/combined-20260911-01/compiler/bin/../lib/gcc/aarch64-pc-cygwin/15.0.1/../../../../aarch64-pc-cygwin/lib\libmsys-2.0.a(msys_2_0_dll_d000784.o)
                0x00000001004302d8                __imp_isatty
 .idata$5       0x00000001004302e0        0x8 C:/ag-readline-e138-01/combined-20260911-01/compiler/bin/../lib/gcc/aarch64-pc-cygwin/15.0.1/../../../../aarch64-pc-cygwin/lib\libmsys-2.0.a(msys_2_0_dll_d000917.o)
                0x00000001004302e0                __imp_malloc
 .idata$5       0x00000001004302e8        0x8 C:/ag-readline-e138-01/combined-20260911-01/compiler/bin/../lib/gcc/aarch64-pc-cygwin/15.0.1/../../../../aarch64-pc-cygwin/lib\libmsys-2.0.a(msys_2_0_dll_d000978.o)
                0x00000001004302e8                __imp_msys_detach_dll
 .idata$5       0x00000001004302f0        0x8 C:/ag-readline-e138-01/combined-20260911-01/compiler/bin/../lib/gcc/aarch64-pc-cygwin/15.0.1/../../../../aarch64-pc-cygwin/lib\libmsys-2.0.a(msys_2_0_dll_d001017.o)
                0x00000001004302f0                __imp_optarg
 .idata$5       0x00000001004302f8        0x8 C:/ag-readline-e138-01/combined-20260911-01/compiler/bin/../lib/gcc/aarch64-pc-cygwin/15.0.1/../../../../aarch64-pc-cygwin/lib\libmsys-2.0.a(msys_2_0_dll_d001035.o)
                0x00000001004302f8                __imp_posix_memalign
 .idata$5       0x0000000100430300        0x8 C:/ag-readline-e138-01/combined-20260911-01/compiler/bin/../lib/gcc/aarch64-pc-cygwin/15.0.1/../../../../aarch64-pc-cygwin/lib\libmsys-2.0.a(msys_2_0_dll_d001070.o)
                0x0000000100430300                __imp_printf
 .idata$5       0x0000000100430308        0x8 C:/ag-readline-e138-01/combined-20260911-01/compiler/bin/../lib/gcc/aarch64-pc-cygwin/15.0.1/../../../../aarch64-pc-cygwin/lib\libmsys-2.0.a(msys_2_0_dll_d001072.o)
                0x0000000100430308                __imp_program_invocation_short_name
 .idata$5       0x0000000100430310        0x8 C:/ag-readline-e138-01/combined-20260911-01/compiler/bin/../lib/gcc/aarch64-pc-cygwin/15.0.1/../../../../aarch64-pc-cygwin/lib\libmsys-2.0.a(msys_2_0_dll_d001224.o)
                0x0000000100430310                __imp_realloc
 .idata$5       0x0000000100430318        0x8 C:/ag-readline-e138-01/combined-20260911-01/compiler/bin/../lib/gcc/aarch64-pc-cygwin/15.0.1/../../../../aarch64-pc-cygwin/lib\libmsys-2.0.a(msys_2_0_dll_d001338.o)
                0x0000000100430318                __imp_setlocale
 .idata$5       0x0000000100430320        0x8 C:/ag-readline-e138-01/combined-20260911-01/compiler/bin/../lib/gcc/aarch64-pc-cygwin/15.0.1/../../../../aarch64-pc-cygwin/lib\libmsys-2.0.a(msys_2_0_dll_d001408.o)
                0x0000000100430320                __imp_snprintf
 .idata$5       0x0000000100430328        0x8 C:/ag-readline-e138-01/combined-20260911-01/compiler/bin/../lib/gcc/aarch64-pc-cygwin/15.0.1/../../../../aarch64-pc-cygwin/lib\libmsys-2.0.a(msys_2_0_dll_d001420.o)
                0x0000000100430328                __imp_sprintf
 .idata$5       0x0000000100430330        0x8 C:/ag-readline-e138-01/combined-20260911-01/compiler/bin/../lib/gcc/aarch64-pc-cygwin/15.0.1/../../../../aarch64-pc-cygwin/lib\libmsys-2.0.a(msys_2_0_dll_d001435.o)
                0x0000000100430330                __imp_strcasecmp
 .idata$5       0x0000000100430338        0x8 C:/ag-readline-e138-01/combined-20260911-01/compiler/bin/../lib/gcc/aarch64-pc-cygwin/15.0.1/../../../../aarch64-pc-cygwin/lib\libmsys-2.0.a(msys_2_0_dll_d001444.o)
                0x0000000100430338                __imp_strcpy
 .idata$5       0x0000000100430340        0x8 C:/ag-readline-e138-01/combined-20260911-01/compiler/bin/../lib/gcc/aarch64-pc-cygwin/15.0.1/../../../../aarch64-pc-cygwin/lib\libmsys-2.0.a(msys_2_0_dll_d001456.o)
                0x0000000100430340                __imp_strlen
 .idata$5       0x0000000100430348        0x8 C:/ag-readline-e138-01/combined-20260911-01/compiler/bin/../lib/gcc/aarch64-pc-cygwin/15.0.1/../../../../aarch64-pc-cygwin/lib\libmsys-2.0.a(msys_2_0_dll_d001460.o)
                0x0000000100430348                __imp_strncat
 .idata$5       0x0000000100430350        0x8 C:/ag-readline-e138-01/combined-20260911-01/compiler/bin/../lib/gcc/aarch64-pc-cygwin/15.0.1/../../../../aarch64-pc-cygwin/lib\libmsys-2.0.a(msys_2_0_dll_d001462.o)
                0x0000000100430350                __imp_strncpy
 .idata$5       0x0000000100430358        0x8 C:/ag-readline-e138-01/combined-20260911-01/compiler/bin/../lib/gcc/aarch64-pc-cygwin/15.0.1/../../../../aarch64-pc-cygwin/lib\libmsys-2.0.a(msys_2_0_dll_d001488.o)
                0x0000000100430358                __imp_strtoul
 .idata$5       0x0000000100430360        0x8 C:/ag-readline-e138-01/combined-20260911-01/compiler/bin/../lib/gcc/aarch64-pc-cygwin/15.0.1/../../../../aarch64-pc-cygwin/lib\libmsys-2.0.a(msys_2_0_dll_d001545.o)
                0x0000000100430360                __imp_time
 .idata$5       0x0000000100430368        0x8 C:/ag-readline-e138-01/combined-20260911-01/compiler/bin/../lib/gcc/aarch64-pc-cygwin/15.0.1/../../../../aarch64-pc-cygwin/lib\libmsys-2.0.a(msys_2_0_dll_d001683.o)
                0x0000000100430368                __imp_wcstombs
 .idata$5       0x0000000100430370        0x8 C:/ag-readline-e138-01/combined-20260911-01/compiler/bin/../lib/gcc/aarch64-pc-cygwin/15.0.1/../../../../aarch64-pc-cygwin/lib\libmsys-2.0.a(msys_2_0_dll_d001764.o)
 .idata$5       0x0000000100430378        0x0 C:/ag-readline-e138-01/combined-20260911-01/compiler/bin/../lib/gcc/aarch64-pc-cygwin/15.0.1/../../../../aarch64-pc-cygwin/lib\libntdll.a(libntdll_a_h.o)
 .idata$5       0x0000000100430378        0x8 C:/ag-readline-e138-01/combined-20260911-01/compiler/bin/../lib/gcc/aarch64-pc-cygwin/15.0.1/../../../../aarch64-pc-cygwin/lib\libntdll.a(libntdll_a_s00510.o)
                0x0000000100430378                __imp_NtQuerySystemInformation
 .idata$5       0x0000000100430380        0x8 C:/ag-readline-e138-01/combined-20260911-01/compiler/bin/../lib/gcc/aarch64-pc-cygwin/15.0.1/../../../../aarch64-pc-cygwin/lib\libntdll.a(libntdll_a_t.o)
                0x0000000100430388                __IAT_end__ = .
 SORT_BY_NAME(*)(.idata$6)
 .idata$6       0x0000000100430388       0x18 C:/ag-readline-e138-01/combined-20260911-01/compiler/bin/../lib/gcc/aarch64-pc-cygwin/15.0.1/../../../../aarch64-pc-cygwin/lib\libadvapi32.a(libadvapi32_a_s00031.o)
 .idata$6       0x00000001004303a0       0x18 C:/ag-readline-e138-01/combined-20260911-01/compiler/bin/../lib/gcc/aarch64-pc-cygwin/15.0.1/../../../../aarch64-pc-cygwin/lib\libadvapi32.a(libadvapi32_a_s00430.o)
 .idata$6       0x00000001004303b8       0x14 C:/ag-readline-e138-01/combined-20260911-01/compiler/bin/../lib/gcc/aarch64-pc-cygwin/15.0.1/../../../../aarch64-pc-cygwin/lib\libadvapi32.a(libadvapi32_a_s00544.o)
 .idata$6       0x00000001004303cc        0xe C:/ag-readline-e138-01/combined-20260911-01/compiler/bin/../lib/gcc/aarch64-pc-cygwin/15.0.1/../../../../aarch64-pc-cygwin/lib\libkernel32.a(libkernel32_a_s00148.o)
 .idata$6       0x00000001004303da       0x14 C:/ag-readline-e138-01/combined-20260911-01/compiler/bin/../lib/gcc/aarch64-pc-cygwin/15.0.1/../../../../aarch64-pc-cygwin/lib\libkernel32.a(libkernel32_a_s00557.o)
 .idata$6       0x00000001004303ee       0x14 C:/ag-readline-e138-01/combined-20260911-01/compiler/bin/../lib/gcc/aarch64-pc-cygwin/15.0.1/../../../../aarch64-pc-cygwin/lib\libkernel32.a(libkernel32_a_s00657.o)
 .idata$6       0x0000000100430402       0x12 C:/ag-readline-e138-01/combined-20260911-01/compiler/bin/../lib/gcc/aarch64-pc-cygwin/15.0.1/../../../../aarch64-pc-cygwin/lib\libkernel32.a(libkernel32_a_s00733.o)
 .idata$6       0x0000000100430414        0xe C:/ag-readline-e138-01/combined-20260911-01/compiler/bin/../lib/gcc/aarch64-pc-cygwin/15.0.1/../../../../aarch64-pc-cygwin/lib\libkernel32.a(libkernel32_a_s01082.o)
 *fill*         0x0000000100430422        0x2 
 .idata$6       0x0000000100430424       0x10 C:/ag-readline-e138-01/combined-20260911-01/compiler/bin/../lib/gcc/aarch64-pc-cygwin/15.0.1/../../../../aarch64-pc-cygwin/lib\libmsys-2.0.a(msys_2_0_dll_d000037.o)
 .idata$6       0x0000000100430434        0xc C:/ag-readline-e138-01/combined-20260911-01/compiler/bin/../lib/gcc/aarch64-pc-cygwin/15.0.1/../../../../aarch64-pc-cygwin/lib\libmsys-2.0.a(msys_2_0_dll_d000048.o)
 .idata$6       0x0000000100430440        0xc C:/ag-readline-e138-01/combined-20260911-01/compiler/bin/../lib/gcc/aarch64-pc-cygwin/15.0.1/../../../../aarch64-pc-cygwin/lib\libmsys-2.0.a(msys_2_0_dll_d000109.o)
 .idata$6       0x000000010043044c       0x10 C:/ag-readline-e138-01/combined-20260911-01/compiler/bin/../lib/gcc/aarch64-pc-cygwin/15.0.1/../../../../aarch64-pc-cygwin/lib\libmsys-2.0.a(msys_2_0_dll_d000115.o)
                0x000000010043044c                __nm__impure_ptr
 .idata$6       0x000000010043045c        0x8 C:/ag-readline-e138-01/combined-20260911-01/compiler/bin/../lib/gcc/aarch64-pc-cygwin/15.0.1/../../../../aarch64-pc-cygwin/lib\libmsys-2.0.a(msys_2_0_dll_d000236.o)
 .idata$6       0x0000000100430464        0xc C:/ag-readline-e138-01/combined-20260911-01/compiler/bin/../lib/gcc/aarch64-pc-cygwin/15.0.1/../../../../aarch64-pc-cygwin/lib\libmsys-2.0.a(msys_2_0_dll_d000260.o)
 .idata$6       0x0000000100430470        0x8 C:/ag-readline-e138-01/combined-20260911-01/compiler/bin/../lib/gcc/aarch64-pc-cygwin/15.0.1/../../../../aarch64-pc-cygwin/lib\libmsys-2.0.a(msys_2_0_dll_d000374.o)
 .idata$6       0x0000000100430478       0x14 C:/ag-readline-e138-01/combined-20260911-01/compiler/bin/../lib/gcc/aarch64-pc-cygwin/15.0.1/../../../../aarch64-pc-cygwin/lib\libmsys-2.0.a(msys_2_0_dll_d000382.o)
 .idata$6       0x000000010043048c       0x10 C:/ag-readline-e138-01/combined-20260911-01/compiler/bin/../lib/gcc/aarch64-pc-cygwin/15.0.1/../../../../aarch64-pc-cygwin/lib\libmsys-2.0.a(msys_2_0_dll_d000410.o)
 .idata$6       0x000000010043049c        0x8 C:/ag-readline-e138-01/combined-20260911-01/compiler/bin/../lib/gcc/aarch64-pc-cygwin/15.0.1/../../../../aarch64-pc-cygwin/lib\libmsys-2.0.a(msys_2_0_dll_d000468.o)
 .idata$6       0x00000001004304a4        0xc C:/ag-readline-e138-01/combined-20260911-01/compiler/bin/../lib/gcc/aarch64-pc-cygwin/15.0.1/../../../../aarch64-pc-cygwin/lib\libmsys-2.0.a(msys_2_0_dll_d000574.o)
 .idata$6       0x00000001004304b0        0x8 C:/ag-readline-e138-01/combined-20260911-01/compiler/bin/../lib/gcc/aarch64-pc-cygwin/15.0.1/../../../../aarch64-pc-cygwin/lib\libmsys-2.0.a(msys_2_0_dll_d000586.o)
 .idata$6       0x00000001004304b8        0xc C:/ag-readline-e138-01/combined-20260911-01/compiler/bin/../lib/gcc/aarch64-pc-cygwin/15.0.1/../../../../aarch64-pc-cygwin/lib\libmsys-2.0.a(msys_2_0_dll_d000654.o)
 .idata$6       0x00000001004304c4       0x10 C:/ag-readline-e138-01/combined-20260911-01/compiler/bin/../lib/gcc/aarch64-pc-cygwin/15.0.1/../../../../aarch64-pc-cygwin/lib\libmsys-2.0.a(msys_2_0_dll_d000681.o)
 .idata$6       0x00000001004304d4        0xc C:/ag-readline-e138-01/combined-20260911-01/compiler/bin/../lib/gcc/aarch64-pc-cygwin/15.0.1/../../../../aarch64-pc-cygwin/lib\libmsys-2.0.a(msys_2_0_dll_d000698.o)
 .idata$6       0x00000001004304e0        0xc C:/ag-readline-e138-01/combined-20260911-01/compiler/bin/../lib/gcc/aarch64-pc-cygwin/15.0.1/../../../../aarch64-pc-cygwin/lib\libmsys-2.0.a(msys_2_0_dll_d000700.o)
 .idata$6       0x00000001004304ec        0xc C:/ag-readline-e138-01/combined-20260911-01/compiler/bin/../lib/gcc/aarch64-pc-cygwin/15.0.1/../../../../aarch64-pc-cygwin/lib\libmsys-2.0.a(msys_2_0_dll_d000714.o)
 .idata$6       0x00000001004304f8        0x8 C:/ag-readline-e138-01/combined-20260911-01/compiler/bin/../lib/gcc/aarch64-pc-cygwin/15.0.1/../../../../aarch64-pc-cygwin/lib\libmsys-2.0.a(msys_2_0_dll_d000774.o)
 .idata$6       0x0000000100430500        0xc C:/ag-readline-e138-01/combined-20260911-01/compiler/bin/../lib/gcc/aarch64-pc-cygwin/15.0.1/../../../../aarch64-pc-cygwin/lib\libmsys-2.0.a(msys_2_0_dll_d000784.o)
 .idata$6       0x000000010043050c        0xc C:/ag-readline-e138-01/combined-20260911-01/compiler/bin/../lib/gcc/aarch64-pc-cygwin/15.0.1/../../../../aarch64-pc-cygwin/lib\libmsys-2.0.a(msys_2_0_dll_d000917.o)
 .idata$6       0x0000000100430518       0x14 C:/ag-readline-e138-01/combined-20260911-01/compiler/bin/../lib/gcc/aarch64-pc-cygwin/15.0.1/../../../../aarch64-pc-cygwin/lib\libmsys-2.0.a(msys_2_0_dll_d000978.o)
 .idata$6       0x000000010043052c        0xc C:/ag-readline-e138-01/combined-20260911-01/compiler/bin/../lib/gcc/aarch64-pc-cygwin/15.0.1/../../../../aarch64-pc-cygwin/lib\libmsys-2.0.a(msys_2_0_dll_d001017.o)
                0x000000010043052c                __nm_optarg
 .idata$6       0x0000000100430538       0x14 C:/ag-readline-e138-01/combined-20260911-01/compiler/bin/../lib/gcc/aarch64-pc-cygwin/15.0.1/../../../../aarch64-pc-cygwin/lib\libmsys-2.0.a(msys_2_0_dll_d001035.o)
 .idata$6       0x000000010043054c        0xc C:/ag-readline-e138-01/combined-20260911-01/compiler/bin/../lib/gcc/aarch64-pc-cygwin/15.0.1/../../../../aarch64-pc-cygwin/lib\libmsys-2.0.a(msys_2_0_dll_d001070.o)
 .idata$6       0x0000000100430558       0x20 C:/ag-readline-e138-01/combined-20260911-01/compiler/bin/../lib/gcc/aarch64-pc-cygwin/15.0.1/../../../../aarch64-pc-cygwin/lib\libmsys-2.0.a(msys_2_0_dll_d001072.o)
                0x0000000100430558                __nm_program_invocation_short_name
 .idata$6       0x0000000100430578        0xc C:/ag-readline-e138-01/combined-20260911-01/compiler/bin/../lib/gcc/aarch64-pc-cygwin/15.0.1/../../../../aarch64-pc-cygwin/lib\libmsys-2.0.a(msys_2_0_dll_d001224.o)
 .idata$6       0x0000000100430584        0xc C:/ag-readline-e138-01/combined-20260911-01/compiler/bin/../lib/gcc/aarch64-pc-cygwin/15.0.1/../../../../aarch64-pc-cygwin/lib\libmsys-2.0.a(msys_2_0_dll_d001338.o)
 .idata$6       0x0000000100430590        0xc C:/ag-readline-e138-01/combined-20260911-01/compiler/bin/../lib/gcc/aarch64-pc-cygwin/15.0.1/../../../../aarch64-pc-cygwin/lib\libmsys-2.0.a(msys_2_0_dll_d001408.o)
 .idata$6       0x000000010043059c        0xc C:/ag-readline-e138-01/combined-20260911-01/compiler/bin/../lib/gcc/aarch64-pc-cygwin/15.0.1/../../../../aarch64-pc-cygwin/lib\libmsys-2.0.a(msys_2_0_dll_d001420.o)
 .idata$6       0x00000001004305a8       0x10 C:/ag-readline-e138-01/combined-20260911-01/compiler/bin/../lib/gcc/aarch64-pc-cygwin/15.0.1/../../../../aarch64-pc-cygwin/lib\libmsys-2.0.a(msys_2_0_dll_d001435.o)
 .idata$6       0x00000001004305b8        0xc C:/ag-readline-e138-01/combined-20260911-01/compiler/bin/../lib/gcc/aarch64-pc-cygwin/15.0.1/../../../../aarch64-pc-cygwin/lib\libmsys-2.0.a(msys_2_0_dll_d001444.o)
 .idata$6       0x00000001004305c4        0xc C:/ag-readline-e138-01/combined-20260911-01/compiler/bin/../lib/gcc/aarch64-pc-cygwin/15.0.1/../../../../aarch64-pc-cygwin/lib\libmsys-2.0.a(msys_2_0_dll_d001456.o)
 .idata$6       0x00000001004305d0        0xc C:/ag-readline-e138-01/combined-20260911-01/compiler/bin/../lib/gcc/aarch64-pc-cygwin/15.0.1/../../../../aarch64-pc-cygwin/lib\libmsys-2.0.a(msys_2_0_dll_d001460.o)
 .idata$6       0x00000001004305dc        0xc C:/ag-readline-e138-01/combined-20260911-01/compiler/bin/../lib/gcc/aarch64-pc-cygwin/15.0.1/../../../../aarch64-pc-cygwin/lib\libmsys-2.0.a(msys_2_0_dll_d001462.o)
 .idata$6       0x00000001004305e8        0xc C:/ag-readline-e138-01/combined-20260911-01/compiler/bin/../lib/gcc/aarch64-pc-cygwin/15.0.1/../../../../aarch64-pc-cygwin/lib\libmsys-2.0.a(msys_2_0_dll_d001488.o)
 .idata$6       0x00000001004305f4        0x8 C:/ag-readline-e138-01/combined-20260911-01/compiler/bin/../lib/gcc/aarch64-pc-cygwin/15.0.1/../../../../aarch64-pc-cygwin/lib\libmsys-2.0.a(msys_2_0_dll_d001545.o)
 .idata$6       0x00000001004305fc        0xc C:/ag-readline-e138-01/combined-20260911-01/compiler/bin/../lib/gcc/aarch64-pc-cygwin/15.0.1/../../../../aarch64-pc-cygwin/lib\libmsys-2.0.a(msys_2_0_dll_d001683.o)
 .idata$6       0x0000000100430608       0x1c C:/ag-readline-e138-01/combined-20260911-01/compiler/bin/../lib/gcc/aarch64-pc-cygwin/15.0.1/../../../../aarch64-pc-cygwin/lib\libntdll.a(libntdll_a_s00510.o)
 SORT_BY_NAME(*)(.idata$7)
 .idata$7       0x0000000100430624        0x4 C:/ag-readline-e138-01/combined-20260911-01/compiler/bin/../lib/gcc/aarch64-pc-cygwin/15.0.1/../../../../aarch64-pc-cygwin/lib\libadvapi32.a(libadvapi32_a_s00031.o)
 .idata$7       0x0000000100430628        0x4 C:/ag-readline-e138-01/combined-20260911-01/compiler/bin/../lib/gcc/aarch64-pc-cygwin/15.0.1/../../../../aarch64-pc-cygwin/lib\libadvapi32.a(libadvapi32_a_s00430.o)
 .idata$7       0x000000010043062c        0x4 C:/ag-readline-e138-01/combined-20260911-01/compiler/bin/../lib/gcc/aarch64-pc-cygwin/15.0.1/../../../../aarch64-pc-cygwin/lib\libadvapi32.a(libadvapi32_a_s00544.o)
 .idata$7       0x0000000100430630       0x10 C:/ag-readline-e138-01/combined-20260911-01/compiler/bin/../lib/gcc/aarch64-pc-cygwin/15.0.1/../../../../aarch64-pc-cygwin/lib\libadvapi32.a(libadvapi32_a_t.o)
                0x0000000100430630                __libadvapi32_a_iname
 .idata$7       0x0000000100430640        0x4 C:/ag-readline-e138-01/combined-20260911-01/compiler/bin/../lib/gcc/aarch64-pc-cygwin/15.0.1/../../../../aarch64-pc-cygwin/lib\libkernel32.a(libkernel32_a_s00148.o)
 .idata$7       0x0000000100430644        0x4 C:/ag-readline-e138-01/combined-20260911-01/compiler/bin/../lib/gcc/aarch64-pc-cygwin/15.0.1/../../../../aarch64-pc-cygwin/lib\libkernel32.a(libkernel32_a_s00557.o)
 .idata$7       0x0000000100430648        0x4 C:/ag-readline-e138-01/combined-20260911-01/compiler/bin/../lib/gcc/aarch64-pc-cygwin/15.0.1/../../../../aarch64-pc-cygwin/lib\libkernel32.a(libkernel32_a_s00657.o)
 .idata$7       0x000000010043064c        0x4 C:/ag-readline-e138-01/combined-20260911-01/compiler/bin/../lib/gcc/aarch64-pc-cygwin/15.0.1/../../../../aarch64-pc-cygwin/lib\libkernel32.a(libkernel32_a_s00733.o)
 .idata$7       0x0000000100430650        0x4 C:/ag-readline-e138-01/combined-20260911-01/compiler/bin/../lib/gcc/aarch64-pc-cygwin/15.0.1/../../../../aarch64-pc-cygwin/lib\libkernel32.a(libkernel32_a_s01082.o)
 .idata$7       0x0000000100430654       0x10 C:/ag-readline-e138-01/combined-20260911-01/compiler/bin/../lib/gcc/aarch64-pc-cygwin/15.0.1/../../../../aarch64-pc-cygwin/lib\libkernel32.a(libkernel32_a_t.o)
                0x0000000100430654                __libkernel32_a_iname
 .idata$7       0x0000000100430664        0x4 C:/ag-readline-e138-01/combined-20260911-01/compiler/bin/../lib/gcc/aarch64-pc-cygwin/15.0.1/../../../../aarch64-pc-cygwin/lib\libmsys-2.0.a(msys_2_0_dll_d000037.o)
 .idata$7       0x0000000100430668        0x4 C:/ag-readline-e138-01/combined-20260911-01/compiler/bin/../lib/gcc/aarch64-pc-cygwin/15.0.1/../../../../aarch64-pc-cygwin/lib\libmsys-2.0.a(msys_2_0_dll_d000048.o)
 .idata$7       0x000000010043066c        0x4 C:/ag-readline-e138-01/combined-20260911-01/compiler/bin/../lib/gcc/aarch64-pc-cygwin/15.0.1/../../../../aarch64-pc-cygwin/lib\libmsys-2.0.a(msys_2_0_dll_d000109.o)
 .idata$7       0x0000000100430670        0x4 C:/ag-readline-e138-01/combined-20260911-01/compiler/bin/../lib/gcc/aarch64-pc-cygwin/15.0.1/../../../../aarch64-pc-cygwin/lib\libmsys-2.0.a(msys_2_0_dll_d000115.o)
 .idata$7       0x0000000100430674        0x4 C:/ag-readline-e138-01/combined-20260911-01/compiler/bin/../lib/gcc/aarch64-pc-cygwin/15.0.1/../../../../aarch64-pc-cygwin/lib\libmsys-2.0.a(msys_2_0_dll_d000236.o)
 .idata$7       0x0000000100430678        0x4 C:/ag-readline-e138-01/combined-20260911-01/compiler/bin/../lib/gcc/aarch64-pc-cygwin/15.0.1/../../../../aarch64-pc-cygwin/lib\libmsys-2.0.a(msys_2_0_dll_d000260.o)
 .idata$7       0x000000010043067c        0x4 C:/ag-readline-e138-01/combined-20260911-01/compiler/bin/../lib/gcc/aarch64-pc-cygwin/15.0.1/../../../../aarch64-pc-cygwin/lib\libmsys-2.0.a(msys_2_0_dll_d000374.o)
 .idata$7       0x0000000100430680        0x4 C:/ag-readline-e138-01/combined-20260911-01/compiler/bin/../lib/gcc/aarch64-pc-cygwin/15.0.1/../../../../aarch64-pc-cygwin/lib\libmsys-2.0.a(msys_2_0_dll_d000382.o)
 .idata$7       0x0000000100430684        0x4 C:/ag-readline-e138-01/combined-20260911-01/compiler/bin/../lib/gcc/aarch64-pc-cygwin/15.0.1/../../../../aarch64-pc-cygwin/lib\libmsys-2.0.a(msys_2_0_dll_d000410.o)
 .idata$7       0x0000000100430688        0x4 C:/ag-readline-e138-01/combined-20260911-01/compiler/bin/../lib/gcc/aarch64-pc-cygwin/15.0.1/../../../../aarch64-pc-cygwin/lib\libmsys-2.0.a(msys_2_0_dll_d000468.o)
 .idata$7       0x000000010043068c        0x4 C:/ag-readline-e138-01/combined-20260911-01/compiler/bin/../lib/gcc/aarch64-pc-cygwin/15.0.1/../../../../aarch64-pc-cygwin/lib\libmsys-2.0.a(msys_2_0_dll_d000574.o)
 .idata$7       0x0000000100430690        0x4 C:/ag-readline-e138-01/combined-20260911-01/compiler/bin/../lib/gcc/aarch64-pc-cygwin/15.0.1/../../../../aarch64-pc-cygwin/lib\libmsys-2.0.a(msys_2_0_dll_d000586.o)
 .idata$7       0x0000000100430694        0x4 C:/ag-readline-e138-01/combined-20260911-01/compiler/bin/../lib/gcc/aarch64-pc-cygwin/15.0.1/../../../../aarch64-pc-cygwin/lib\libmsys-2.0.a(msys_2_0_dll_d000654.o)
 .idata$7       0x0000000100430698        0x4 C:/ag-readline-e138-01/combined-20260911-01/compiler/bin/../lib/gcc/aarch64-pc-cygwin/15.0.1/../../../../aarch64-pc-cygwin/lib\libmsys-2.0.a(msys_2_0_dll_d000681.o)
 .idata$7       0x000000010043069c        0x4 C:/ag-readline-e138-01/combined-20260911-01/compiler/bin/../lib/gcc/aarch64-pc-cygwin/15.0.1/../../../../aarch64-pc-cygwin/lib\libmsys-2.0.a(msys_2_0_dll_d000698.o)
 .idata$7       0x00000001004306a0        0x4 C:/ag-readline-e138-01/combined-20260911-01/compiler/bin/../lib/gcc/aarch64-pc-cygwin/15.0.1/../../../../aarch64-pc-cygwin/lib\libmsys-2.0.a(msys_2_0_dll_d000700.o)
 .idata$7       0x00000001004306a4        0x4 C:/ag-readline-e138-01/combined-20260911-01/compiler/bin/../lib/gcc/aarch64-pc-cygwin/15.0.1/../../../../aarch64-pc-cygwin/lib\libmsys-2.0.a(msys_2_0_dll_d000714.o)
 .idata$7       0x00000001004306a8        0x4 C:/ag-readline-e138-01/combined-20260911-01/compiler/bin/../lib/gcc/aarch64-pc-cygwin/15.0.1/../../../../aarch64-pc-cygwin/lib\libmsys-2.0.a(msys_2_0_dll_d000774.o)
 .idata$7       0x00000001004306ac        0x4 C:/ag-readline-e138-01/combined-20260911-01/compiler/bin/../lib/gcc/aarch64-pc-cygwin/15.0.1/../../../../aarch64-pc-cygwin/lib\libmsys-2.0.a(msys_2_0_dll_d000784.o)
 .idata$7       0x00000001004306b0        0x4 C:/ag-readline-e138-01/combined-20260911-01/compiler/bin/../lib/gcc/aarch64-pc-cygwin/15.0.1/../../../../aarch64-pc-cygwin/lib\libmsys-2.0.a(msys_2_0_dll_d000917.o)
 .idata$7       0x00000001004306b4        0x4 C:/ag-readline-e138-01/combined-20260911-01/compiler/bin/../lib/gcc/aarch64-pc-cygwin/15.0.1/../../../../aarch64-pc-cygwin/lib\libmsys-2.0.a(msys_2_0_dll_d000978.o)
 .idata$7       0x00000001004306b8        0x4 C:/ag-readline-e138-01/combined-20260911-01/compiler/bin/../lib/gcc/aarch64-pc-cygwin/15.0.1/../../../../aarch64-pc-cygwin/lib\libmsys-2.0.a(msys_2_0_dll_d001017.o)
 .idata$7       0x00000001004306bc        0x4 C:/ag-readline-e138-01/combined-20260911-01/compiler/bin/../lib/gcc/aarch64-pc-cygwin/15.0.1/../../../../aarch64-pc-cygwin/lib\libmsys-2.0.a(msys_2_0_dll_d001035.o)
 .idata$7       0x00000001004306c0        0x4 C:/ag-readline-e138-01/combined-20260911-01/compiler/bin/../lib/gcc/aarch64-pc-cygwin/15.0.1/../../../../aarch64-pc-cygwin/lib\libmsys-2.0.a(msys_2_0_dll_d001070.o)
 .idata$7       0x00000001004306c4        0x4 C:/ag-readline-e138-01/combined-20260911-01/compiler/bin/../lib/gcc/aarch64-pc-cygwin/15.0.1/../../../../aarch64-pc-cygwin/lib\libmsys-2.0.a(msys_2_0_dll_d001072.o)
 .idata$7       0x00000001004306c8        0x4 C:/ag-readline-e138-01/combined-20260911-01/compiler/bin/../lib/gcc/aarch64-pc-cygwin/15.0.1/../../../../aarch64-pc-cygwin/lib\libmsys-2.0.a(msys_2_0_dll_d001224.o)
 .idata$7       0x00000001004306cc        0x4 C:/ag-readline-e138-01/combined-20260911-01/compiler/bin/../lib/gcc/aarch64-pc-cygwin/15.0.1/../../../../aarch64-pc-cygwin/lib\libmsys-2.0.a(msys_2_0_dll_d001338.o)
 .idata$7       0x00000001004306d0        0x4 C:/ag-readline-e138-01/combined-20260911-01/compiler/bin/../lib/gcc/aarch64-pc-cygwin/15.0.1/../../../../aarch64-pc-cygwin/lib\libmsys-2.0.a(msys_2_0_dll_d001408.o)
 .idata$7       0x00000001004306d4        0x4 C:/ag-readline-e138-01/combined-20260911-01/compiler/bin/../lib/gcc/aarch64-pc-cygwin/15.0.1/../../../../aarch64-pc-cygwin/lib\libmsys-2.0.a(msys_2_0_dll_d001420.o)
 .idata$7       0x00000001004306d8        0x4 C:/ag-readline-e138-01/combined-20260911-01/compiler/bin/../lib/gcc/aarch64-pc-cygwin/15.0.1/../../../../aarch64-pc-cygwin/lib\libmsys-2.0.a(msys_2_0_dll_d001435.o)
 .idata$7       0x00000001004306dc        0x4 C:/ag-readline-e138-01/combined-20260911-01/compiler/bin/../lib/gcc/aarch64-pc-cygwin/15.0.1/../../../../aarch64-pc-cygwin/lib\libmsys-2.0.a(msys_2_0_dll_d001444.o)
 .idata$7       0x00000001004306e0        0x4 C:/ag-readline-e138-01/combined-20260911-01/compiler/bin/../lib/gcc/aarch64-pc-cygwin/15.0.1/../../../../aarch64-pc-cygwin/lib\libmsys-2.0.a(msys_2_0_dll_d001456.o)
 .idata$7       0x00000001004306e4        0x4 C:/ag-readline-e138-01/combined-20260911-01/compiler/bin/../lib/gcc/aarch64-pc-cygwin/15.0.1/../../../../aarch64-pc-cygwin/lib\libmsys-2.0.a(msys_2_0_dll_d001460.o)
 .idata$7       0x00000001004306e8        0x4 C:/ag-readline-e138-01/combined-20260911-01/compiler/bin/../lib/gcc/aarch64-pc-cygwin/15.0.1/../../../../aarch64-pc-cygwin/lib\libmsys-2.0.a(msys_2_0_dll_d001462.o)
 .idata$7       0x00000001004306ec        0x4 C:/ag-readline-e138-01/combined-20260911-01/compiler/bin/../lib/gcc/aarch64-pc-cygwin/15.0.1/../../../../aarch64-pc-cygwin/lib\libmsys-2.0.a(msys_2_0_dll_d001488.o)