PASS: x86_64-long
PASS: preprocess-header-as-include
PASS: aarch64-word
PASS: mixed-directives-and-hex
PASS: zero-initialized-member
PASS: explicit-zero-fill
PASS: start-offset-after-members
PASS: assembly-metadata-and-unrelated-symbol
PASS: drain-preprocessor-after-member-block
PASS: absolute-output-path
PASS: output-path-with-spaces
PASS: preprocess-failure
PASS: compile-failure-after-partial-output
PASS: compile-success-without-assembly
PASS: missing-compiler-setting
PASS: missing-compiler-executable
PASS: compiler-failure-with-no-previous-output
PASS: parser-failure-with-no-previous-output
PASS: missing-tls-class
PASS: unterminated-tls-members
PASS: missing-context-declaration
PASS: duplicate-member-declaration
PASS: empty-assembly
PASS: missing-start-offset
PASS: missing-context
PASS: missing-noncontext-member
PASS: misaligned-context
PASS: zero-start-offset
PASS: nonnumeric-offset
PASS: negative-offset
PASS: offset-overflows-uint32
PASS: multiple-values
PASS: multiple-value-directives
PASS: wrong-zero-fill-size
PASS: nonzero-fill
PASS: duplicate-member
PASS: unexpected-member
PASS: label-without-value
PASS: unsupported-value-directive
PASS: unsupported-directive-before-value
40 cases, 0 failures
